Archive member included because of file (symbol)

C:\Users\alana\e2_studio\workspace\ADC_FRAMEWORK\synergy\ssp\src\framework\el\tx\cm4_gcc\libtx.a(txe_mutex_create.o)
                              ./synergy/ssp/src/framework/sf_adc_periodic/sf_adc_periodic.o (_txe_mutex_create)
C:\Users\alana\e2_studio\workspace\ADC_FRAMEWORK\synergy\ssp\src\framework\el\tx\cm4_gcc\libtx.a(txe_mutex_delete.o)
                              ./synergy/ssp/src/framework/sf_adc_periodic/sf_adc_periodic.o (_txe_mutex_delete)
C:\Users\alana\e2_studio\workspace\ADC_FRAMEWORK\synergy\ssp\src\framework\el\tx\cm4_gcc\libtx.a(txe_mutex_get.o)
                              ./synergy/ssp/src/framework/sf_adc_periodic/sf_adc_periodic.o (_txe_mutex_get)
C:\Users\alana\e2_studio\workspace\ADC_FRAMEWORK\synergy\ssp\src\framework\el\tx\cm4_gcc\libtx.a(txe_mutex_put.o)
                              ./synergy/ssp/src/framework/sf_adc_periodic/sf_adc_periodic.o (_txe_mutex_put)
C:\Users\alana\e2_studio\workspace\ADC_FRAMEWORK\synergy\ssp\src\framework\el\tx\cm4_gcc\libtx.a(txe_semaphore_create.o)
                              ./src/synergy_gen/main.o (_txe_semaphore_create)
C:\Users\alana\e2_studio\workspace\ADC_FRAMEWORK\synergy\ssp\src\framework\el\tx\cm4_gcc\libtx.a(txe_semaphore_get.o)
                              ./src/synergy_gen/PWM_thread.o (_txe_semaphore_get)
C:\Users\alana\e2_studio\workspace\ADC_FRAMEWORK\synergy\ssp\src\framework\el\tx\cm4_gcc\libtx.a(txe_semaphore_put.o)
                              ./src/synergy_gen/PWM_thread.o (_txe_semaphore_put)
C:\Users\alana\e2_studio\workspace\ADC_FRAMEWORK\synergy\ssp\src\framework\el\tx\cm4_gcc\libtx.a(txe_thread_create.o)
                              ./src/synergy_gen/PWM_thread.o (_txe_thread_create)
C:\Users\alana\e2_studio\workspace\ADC_FRAMEWORK\synergy\ssp\src\framework\el\tx\cm4_gcc\libtx.a(tx_initialize_high_level.o)
                              C:\Users\alana\e2_studio\workspace\ADC_FRAMEWORK\synergy\ssp\src\framework\el\tx\cm4_gcc\libtx.a(txe_mutex_create.o) (_tx_mutex_created_ptr)
C:\Users\alana\e2_studio\workspace\ADC_FRAMEWORK\synergy\ssp\src\framework\el\tx\cm4_gcc\libtx.a(tx_initialize_kernel_enter.o)
                              ./src/synergy_gen/main.o (_tx_initialize_kernel_enter)
C:\Users\alana\e2_studio\workspace\ADC_FRAMEWORK\synergy\ssp\src\framework\el\tx\cm4_gcc\libtx.a(tx_isr_end.o)
                              ./synergy/ssp/src/driver/r_gpt/r_gpt.o (tx_isr_end)
C:\Users\alana\e2_studio\workspace\ADC_FRAMEWORK\synergy\ssp\src\framework\el\tx\cm4_gcc\libtx.a(tx_isr_start.o)
                              ./synergy/ssp/src/driver/r_gpt/r_gpt.o (tx_isr_start)
C:\Users\alana\e2_studio\workspace\ADC_FRAMEWORK\synergy\ssp\src\framework\el\tx\cm4_gcc\libtx.a(tx_mutex_create.o)
                              C:\Users\alana\e2_studio\workspace\ADC_FRAMEWORK\synergy\ssp\src\framework\el\tx\cm4_gcc\libtx.a(txe_mutex_create.o) (_tx_mutex_create)
C:\Users\alana\e2_studio\workspace\ADC_FRAMEWORK\synergy\ssp\src\framework\el\tx\cm4_gcc\libtx.a(tx_mutex_delete.o)
                              C:\Users\alana\e2_studio\workspace\ADC_FRAMEWORK\synergy\ssp\src\framework\el\tx\cm4_gcc\libtx.a(txe_mutex_delete.o) (_tx_mutex_delete)
C:\Users\alana\e2_studio\workspace\ADC_FRAMEWORK\synergy\ssp\src\framework\el\tx\cm4_gcc\libtx.a(tx_mutex_get.o)
                              C:\Users\alana\e2_studio\workspace\ADC_FRAMEWORK\synergy\ssp\src\framework\el\tx\cm4_gcc\libtx.a(txe_mutex_get.o) (_tx_mutex_get)
C:\Users\alana\e2_studio\workspace\ADC_FRAMEWORK\synergy\ssp\src\framework\el\tx\cm4_gcc\libtx.a(tx_mutex_priority_change.o)
                              C:\Users\alana\e2_studio\workspace\ADC_FRAMEWORK\synergy\ssp\src\framework\el\tx\cm4_gcc\libtx.a(tx_mutex_get.o) (_tx_mutex_priority_change)
C:\Users\alana\e2_studio\workspace\ADC_FRAMEWORK\synergy\ssp\src\framework\el\tx\cm4_gcc\libtx.a(tx_mutex_put.o)
                              C:\Users\alana\e2_studio\workspace\ADC_FRAMEWORK\synergy\ssp\src\framework\el\tx\cm4_gcc\libtx.a(txe_mutex_put.o) (_tx_mutex_put)
C:\Users\alana\e2_studio\workspace\ADC_FRAMEWORK\synergy\ssp\src\framework\el\tx\cm4_gcc\libtx.a(tx_semaphore_create.o)
                              C:\Users\alana\e2_studio\workspace\ADC_FRAMEWORK\synergy\ssp\src\framework\el\tx\cm4_gcc\libtx.a(txe_semaphore_create.o) (_tx_semaphore_create)
C:\Users\alana\e2_studio\workspace\ADC_FRAMEWORK\synergy\ssp\src\framework\el\tx\cm4_gcc\libtx.a(tx_semaphore_get.o)
                              C:\Users\alana\e2_studio\workspace\ADC_FRAMEWORK\synergy\ssp\src\framework\el\tx\cm4_gcc\libtx.a(txe_semaphore_get.o) (_tx_semaphore_get)
C:\Users\alana\e2_studio\workspace\ADC_FRAMEWORK\synergy\ssp\src\framework\el\tx\cm4_gcc\libtx.a(tx_semaphore_put.o)
                              C:\Users\alana\e2_studio\workspace\ADC_FRAMEWORK\synergy\ssp\src\framework\el\tx\cm4_gcc\libtx.a(txe_semaphore_put.o) (_tx_semaphore_put)
[...]
Memory Configuration

Name             Origin             Length             Attributes
FLASH            0x00000000         0x00400000         xr
RAM              0x1ffe0000         0x000a0000         xrw
DATA_FLASH       0x40100000         0x00010000         xr
QSPI_FLASH       0x60000000         0x04000000         xr
SDRAM            0x90000000         0x02000000         xrw
*default*        0x00000000         0xffffffff

Linker script and memory map

LOAD c:/program files (x86)/gnu tools arm embedded/4.9 2015q3/bin/../lib/gcc/arm-none-eabi/4.9.3/armv7e-m/fpu/crti.o
LOAD c:/program files (x86)/gnu tools arm embedded/4.9 2015q3/bin/../lib/gcc/arm-none-eabi/4.9.3/armv7e-m/fpu/crtbegin.o
LOAD c:/program files (x86)/gnu tools arm embedded/4.9 2015q3/bin/../lib/gcc/arm-none-eabi/4.9.3/../../../../arm-none-eabi/lib/armv7e-m/fpu/rdimon-crt0.o
START GROUP
LOAD ./synergy/ssp/src/framework/sf_adc_periodic/sf_adc_periodic.o
LOAD ./synergy/ssp/src/driver/r_ioport/r_ioport.o
LOAD ./synergy/ssp/src/driver/r_gpt/r_gpt.o
LOAD ./synergy/ssp/src/driver/r_fmi/r_fmi.o
LOAD ./synergy/ssp/src/driver/r_elc/r_elc.o
LOAD ./synergy/ssp/src/driver/r_dtc/r_dtc.o
LOAD ./synergy/ssp/src/driver/r_cgc/hw/hw_cgc.o
LOAD ./synergy/ssp/src/driver/r_cgc/r_cgc.o
LOAD ./synergy/ssp/src/driver/r_adc/r_adc.o
LOAD ./synergy/ssp/src/bsp/mcu/s7g2/bsp_cache.o
LOAD ./synergy/ssp/src/bsp/mcu/s7g2/bsp_clocks.o
LOAD ./synergy/ssp/src/bsp/mcu/s7g2/bsp_feature.o
LOAD ./synergy/ssp/src/bsp/mcu/s7g2/bsp_fmi_R7FS7G27G2A01CBD.o
LOAD ./synergy/ssp/src/bsp/mcu/s7g2/bsp_group_irq.o
LOAD ./synergy/ssp/src/bsp/mcu/s7g2/bsp_hw_locks.o
LOAD ./synergy/ssp/src/bsp/mcu/s7g2/bsp_module_stop.o
LOAD ./synergy/ssp/src/bsp/mcu/s7g2/bsp_rom_registers.o
LOAD ./synergy/ssp/src/bsp/mcu/all/bsp_common.o
LOAD ./synergy/ssp/src/bsp/mcu/all/bsp_common_leds.o
LOAD ./synergy/ssp/src/bsp/mcu/all/bsp_delay.o
LOAD ./synergy/ssp/src/bsp/mcu/all/bsp_irq.o
LOAD ./synergy/ssp/src/bsp/mcu/all/bsp_locking.o
LOAD ./synergy/ssp/src/bsp/mcu/all/bsp_register_protection.o
LOAD ./synergy/ssp/src/bsp/mcu/all/bsp_sbrk.o
LOAD ./synergy/ssp/src/bsp/cmsis/Device/RENESAS/S7G2/Source/startup_S7G2.o
LOAD ./synergy/ssp/src/bsp/cmsis/Device/RENESAS/S7G2/Source/system_S7G2.o
LOAD ./src/synergy_gen/PWM_thread.o
LOAD ./src/synergy_gen/adc_example.o
LOAD ./src/synergy_gen/common_data.o
LOAD ./src/synergy_gen/hal_data.o
LOAD ./src/synergy_gen/main.o
LOAD ./src/synergy_gen/pin_data.o
LOAD ./src/PWM_thread_entry.o
LOAD ./src/adc_example_entry.o
LOAD ./src/hal_entry.o
LOAD C:\Users\alana\e2_studio\workspace\ADC_FRAMEWORK\synergy\ssp\src\bsp\cmsis\DSP_Lib\cm4_gcc\libDSP_Lib.a
LOAD C:\Users\alana\e2_studio\workspace\ADC_FRAMEWORK\synergy\ssp\src\framework\el\tx\cm4_gcc\libtx.a
END GROUP
START GROUP
LOAD c:/program files (x86)/gnu tools arm embedded/4.9 2015q3/bin/../lib/gcc/arm-none-eabi/4.9.3/armv7e-m/fpu\libgcc.a
LOAD c:/program files (x86)/gnu tools arm embedded/4.9 2015q3/bin/../lib/gcc/arm-none-eabi/4.9.3/../../../../arm-none-eabi/lib/armv7e-m/fpu\libg_nano.a
LOAD c:/program files (x86)/gnu tools arm embedded/4.9 2015q3/bin/../lib/gcc/arm-none-eabi/4.9.3/../../../../arm-none-eabi/lib/armv7e-m/fpu\libc_nano.a
END GROUP
START GROUP
LOAD c:/program files (x86)/gnu tools arm embedded/4.9 2015q3/bin/../lib/gcc/arm-none-eabi/4.9.3/armv7e-m/fpu\libgcc.a
LOAD c:/program files (x86)/gnu tools arm embedded/4.9 2015q3/bin/../lib/gcc/arm-none-eabi/4.9.3/../../../../arm-none-eabi/lib/armv7e-m/fpu\libc_nano.a
LOAD c:/program files (x86)/gnu tools arm embedded/4.9 2015q3/bin/../lib/gcc/arm-none-eabi/4.9.3/../../../../arm-none-eabi/lib/armv7e-m/fpu\librdimon_nano.a
END GROUP
START GROUP
LOAD c:/program files (x86)/gnu tools arm embedded/4.9 2015q3/bin/../lib/gcc/arm-none-eabi/4.9.3/armv7e-m/fpu\libgcc.a
LOAD c:/program files (x86)/gnu tools arm embedded/4.9 2015q3/bin/../lib/gcc/arm-none-eabi/4.9.3/../../../../arm-none-eabi/lib/armv7e-m/fpu\libc_nano.a
LOAD c:/program files (x86)/gnu tools arm embedded/4.9 2015q3/bin/../lib/gcc/arm-none-eabi/4.9.3/../../../../arm-none-eabi/lib/armv7e-m/fpu\librdimon_nano.a
END GROUP
LOAD c:/program files (x86)/gnu tools arm embedded/4.9 2015q3/bin/../lib/gcc/arm-none-eabi/4.9.3/armv7e-m/fpu/crtend.o
LOAD c:/program files (x86)/gnu tools arm embedded/4.9 2015q3/bin/../lib/gcc/arm-none-eabi/4.9.3/armv7e-m/fpu/crtn.o
START GROUP
LOAD c:/program files (x86)/gnu tools arm embedded/4.9 2015q3/bin/../lib/gcc/arm-none-eabi/4.9.3/armv7e-m/fpu\libgcc.a
LOAD c:/program files (x86)/gnu tools arm embedded/4.9 2015q3/bin/../lib/gcc/arm-none-eabi/4.9.3/../../../../arm-none-eabi/lib/armv7e-m/fpu\libc.a
LOAD c:/program files (x86)/gnu tools arm embedded/4.9 2015q3/bin/../lib/gcc/arm-none-eabi/4.9.3/../../../../arm-none-eabi/lib/armv7e-m/fpu\libm.a
LOAD c:/program files (x86)/gnu tools arm embedded/4.9 2015q3/bin/../lib/gcc/arm-none-eabi/4.9.3/../../../../arm-none-eabi/lib/armv7e-m/fpu\libnosys.a
END GROUP

.text           0x00000000     0x86c8
                0x00000000                __ROM_Start = .
 *(.vectors)
 .vectors       0x00000000       0x40 ./synergy/ssp/src/bsp/cmsis/Device/RENESAS/S7G2/Source/startup_S7G2.o
                0x00000000                __Vectors
 *(SORT(.vector.*))
 .vector.ADC_1_SCAN_END
                0x00000040        0x4 ./src/synergy_gen/adc_example.o
                0x00000040                g_vector_ADC_1_SCAN_END
 .vector.ELC_SOFTWARE_EVENT_0
                0x00000044        0x4 ./src/synergy_gen/adc_example.o
                0x00000044                g_vector_ELC_SOFTWARE_EVENT_0
                0x00000048                __Vectors_End = .
                0x00000048                __end__ = .
                0x00000400                . = (__ROM_Start + 0x400)
 *fill*         0x00000048      0x3b8 ff
 *(.rom_registers*)
 .rom_registers
                0x00000400       0x3c ./synergy/ssp/src/bsp/mcu/s7g2/bsp_rom_registers.o
                0x00000500                . = (__ROM_Start + 0x500)
 *fill*         0x0000043c       0xc4 ff
                0x00000500                __Vector_Info_Start = .
 *(SORT(.vector_info.*))
 .vector_info.ADC_1_SCAN_END
                0x00000500        0x8 ./src/synergy_gen/adc_example.o
                0x00000500                g_vector_info_ADC_1_SCAN_END
 .vector_info.ELC_SOFTWARE_EVENT_0
                0x00000508        0x8 ./src/synergy_gen/adc_example.o
                0x00000508                g_vector_info_ELC_SOFTWARE_EVENT_0
                0x00000510                __Vector_Info_End = .
                0x00000510                __Lock_Lookup_Start = .
 *(SORT(.hw_lock_lookup.*))
 .hw_lock_lookup.ADC_0U_0U
                0x00000510        0x4 ./synergy/ssp/src/bsp/mcu/s7g2/bsp_hw_locks.o
                0x00000510                g_lock_lookup_ADC_0U_0U
 .hw_lock_lookup.ADC_0U_1U
                0x00000514        0x4 ./synergy/ssp/src/bsp/mcu/s7g2/bsp_hw_locks.o
                0x00000514                g_lock_lookup_ADC_0U_1U
 .hw_lock_lookup.AGT_0U_0U
                0x00000518        0x4 ./synergy/ssp/src/bsp/mcu/s7g2/bsp_hw_locks.o
                0x00000518                g_lock_lookup_AGT_0U_0U
 .hw_lock_lookup.AGT_0U_1U
                0x0000051c        0x4 ./synergy/ssp/src/bsp/mcu/s7g2/bsp_hw_locks.o
                0x0000051c                g_lock_lookup_AGT_0U_1U
 .hw_lock_lookup.BSC_0U_1U
                0x00000520        0x4 ./synergy/ssp/src/bsp/mcu/s7g2/bsp_hw_locks.o
                0x00000520                g_lock_lookup_BSC_0U_1U
 .hw_lock_lookup.CAC_0U_0U
                0x00000524        0x4 ./synergy/ssp/src/bsp/mcu/s7g2/bsp_hw_locks.o
                0x00000524                g_lock_lookup_CAC_0U_0U
 .hw_lock_lookup.CAN_0U_0U
                0x00000528        0x4 ./synergy/ssp/src/bsp/mcu/s7g2/bsp_hw_locks.o
                0x00000528                g_lock_lookup_CAN_0U_0U
 .hw_lock_lookup.CAN_0U_1U
                0x0000052c        0x4 ./synergy/ssp/src/bsp/mcu/s7g2/bsp_hw_locks.o
                0x0000052c                g_lock_lookup_CAN_0U_1U
 .hw_lock_lookup.COMP_HS_0U_0U
                0x00000530        0x4 ./synergy/ssp/src/bsp/mcu/s7g2/bsp_hw_locks.o
                0x00000530                g_lock_lookup_COMP_HS_0U_0U
 .hw_lock_lookup.COMP_HS_0U_1U
                0x00000534        0x4 ./synergy/ssp/src/bsp/mcu/s7g2/bsp_hw_locks.o
                0x00000534                g_lock_lookup_COMP_HS_0U_1U
 .hw_lock_lookup.COMP_HS_0U_2U
                0x00000538        0x4 ./synergy/ssp/src/bsp/mcu/s7g2/bsp_hw_locks.o
                0x00000538                g_lock_lookup_COMP_HS_0U_2U
 .hw_lock_lookup.COMP_HS_0U_3U
                0x0000053c        0x4 ./synergy/ssp/src/bsp/mcu/s7g2/bsp_hw_locks.o
                0x0000053c                g_lock_lookup_COMP_HS_0U_3U
 .hw_lock_lookup.COMP_HS_0U_4U
                0x00000540        0x4 ./synergy/ssp/src/bsp/mcu/s7g2/bsp_hw_locks.o
                0x00000540                g_lock_lookup_COMP_HS_0U_4U
 .hw_lock_lookup.COMP_HS_0U_5U
                0x00000544        0x4 ./synergy/ssp/src/bsp/mcu/s7g2/bsp_hw_locks.o
                0x00000544                g_lock_lookup_COMP_HS_0U_5U
 .hw_lock_lookup.CRC_0U_0U
                0x00000548        0x4 ./synergy/ssp/src/bsp/mcu/s7g2/bsp_hw_locks.o
                0x00000548                g_lock_lookup_CRC_0U_0U
 .hw_lock_lookup.CTSU_0U_0U
                0x0000054c        0x4 ./synergy/ssp/src/bsp/mcu/s7g2/bsp_hw_locks.o
                0x0000054c                g_lock_lookup_CTSU_0U_0U
 .hw_lock_lookup.DAAD_0U_0U
                0x00000550        0x4 ./synergy/ssp/src/bsp/mcu/s7g2/bsp_hw_locks.o
                0x00000550                g_lock_lookup_DAAD_0U_0U
 .hw_lock_lookup.DAC_0U_0U
                0x00000554        0x4 ./synergy/ssp/src/bsp/mcu/s7g2/bsp_hw_locks.o
                0x00000554                g_lock_lookup_DAC_0U_0U
 .hw_lock_lookup.DAC_0U_1U
                0x00000558        0x4 ./synergy/ssp/src/bsp/mcu/s7g2/bsp_hw_locks.o
                0x00000558                g_lock_lookup_DAC_0U_1U
 .hw_lock_lookup.DMAC_0U_0U
                0x0000055c        0x4 ./synergy/ssp/src/bsp/mcu/s7g2/bsp_hw_locks.o
                0x0000055c                g_lock_lookup_DMAC_0U_0U
 .hw_lock_lookup.DMAC_0U_1U
                0x00000560        0x4 ./synergy/ssp/src/bsp/mcu/s7g2/bsp_hw_locks.o
                0x00000560                g_lock_lookup_DMAC_0U_1U
 .hw_lock_lookup.DMAC_0U_2U
                0x00000564        0x4 ./synergy/ssp/src/bsp/mcu/s7g2/bsp_hw_locks.o
                0x00000564                g_lock_lookup_DMAC_0U_2U
 .hw_lock_lookup.DMAC_0U_3U
                0x00000568        0x4 ./synergy/ssp/src/bsp/mcu/s7g2/bsp_hw_locks.o
                0x00000568                g_lock_lookup_DMAC_0U_3U
 .hw_lock_lookup.DMAC_0U_4U
                0x0000056c        0x4 ./synergy/ssp/src/bsp/mcu/s7g2/bsp_hw_locks.o
                0x0000056c                g_lock_lookup_DMAC_0U_4U
 .hw_lock_lookup.DMAC_0U_5U
                0x00000570        0x4 ./synergy/ssp/src/bsp/mcu/s7g2/bsp_hw_locks.o
                0x00000570                g_lock_lookup_DMAC_0U_5U
 .hw_lock_lookup.DMAC_0U_6U
                0x00000574        0x4 ./synergy/ssp/src/bsp/mcu/s7g2/bsp_hw_locks.o
                0x00000574                g_lock_lookup_DMAC_0U_6U
 .hw_lock_lookup.DMAC_0U_7U
                0x00000578        0x4 ./synergy/ssp/src/bsp/mcu/s7g2/bsp_hw_locks.o
                0x00000578                g_lock_lookup_DMAC_0U_7U
 .hw_lock_lookup.DOC_0U_0U
                0x0000057c        0x4 ./synergy/ssp/src/bsp/mcu/s7g2/bsp_hw_locks.o
                0x0000057c                g_lock_lookup_DOC_0U_0U
 .hw_lock_lookup.DRW_0U_0U
                0x00000580        0x4 ./synergy/ssp/src/bsp/mcu/s7g2/bsp_hw_locks.o
                0x00000580                g_lock_lookup_DRW_0U_0U
 .hw_lock_lookup.DTC_0U_0U
                0x00000584        0x4 ./synergy/ssp/src/bsp/mcu/s7g2/bsp_hw_locks.o
                0x00000584                g_lock_lookup_DTC_0U_0U
 .hw_lock_lookup.ELC_0U_0U
                0x00000588        0x4 ./synergy/ssp/src/bsp/mcu/s7g2/bsp_hw_locks.o
                0x00000588                g_lock_lookup_ELC_0U_0U
 .hw_lock_lookup.EPTPC_0U_0U
                0x0000058c        0x4 ./synergy/ssp/src/bsp/mcu/s7g2/bsp_hw_locks.o
                0x0000058c                g_lock_lookup_EPTPC_0U_0U
 .hw_lock_lookup.ETHER_0U_0U
                0x00000590        0x4 ./synergy/ssp/src/bsp/mcu/s7g2/bsp_hw_locks.o
                0x00000590                g_lock_lookup_ETHER_0U_0U
 .hw_lock_lookup.ETHER_0U_1U
                0x00000594        0x4 ./synergy/ssp/src/bsp/mcu/s7g2/bsp_hw_locks.o
                0x00000594                g_lock_lookup_ETHER_0U_1U
 .hw_lock_lookup.FCU_0U_0U
                0x00000598        0x4 ./synergy/ssp/src/bsp/mcu/s7g2/bsp_hw_locks.o
                0x00000598                g_lock_lookup_FCU_0U_0U
 .hw_lock_lookup.GLCDC_0U_0U
                0x0000059c        0x4 ./synergy/ssp/src/bsp/mcu/s7g2/bsp_hw_locks.o
                0x0000059c                g_lock_lookup_GLCDC_0U_0U
 .hw_lock_lookup.GPT_0U_0U
                0x000005a0        0x4 ./synergy/ssp/src/bsp/mcu/s7g2/bsp_hw_locks.o
                0x000005a0                g_lock_lookup_GPT_0U_0U
 .hw_lock_lookup.GPT_0U_10U
                0x000005a4        0x4 ./synergy/ssp/src/bsp/mcu/s7g2/bsp_hw_locks.o
                0x000005a4                g_lock_lookup_GPT_0U_10U
 .hw_lock_lookup.GPT_0U_11U
                0x000005a8        0x4 ./synergy/ssp/src/bsp/mcu/s7g2/bsp_hw_locks.o
                0x000005a8                g_lock_lookup_GPT_0U_11U
 .hw_lock_lookup.GPT_0U_12U
                0x000005ac        0x4 ./synergy/ssp/src/bsp/mcu/s7g2/bsp_hw_locks.o
                0x000005ac                g_lock_lookup_GPT_0U_12U
 .hw_lock_lookup.GPT_0U_13U
                0x000005b0        0x4 ./synergy/ssp/src/bsp/mcu/s7g2/bsp_hw_locks.o
                0x000005b0                g_lock_lookup_GPT_0U_13U
 .hw_lock_lookup.GPT_0U_1U
                0x000005b4        0x4 ./synergy/ssp/src/bsp/mcu/s7g2/bsp_hw_locks.o
                0x000005b4                g_lock_lookup_GPT_0U_1U
 .hw_lock_lookup.GPT_0U_2U
                0x000005b8        0x4 ./synergy/ssp/src/bsp/mcu/s7g2/bsp_hw_locks.o
                0x000005b8                g_lock_lookup_GPT_0U_2U
 .hw_lock_lookup.GPT_0U_3U
                0x000005bc        0x4 ./synergy/ssp/src/bsp/mcu/s7g2/bsp_hw_locks.o
                0x000005bc                g_lock_lookup_GPT_0U_3U
 .hw_lock_lookup.GPT_0U_4U
                0x000005c0        0x4 ./synergy/ssp/src/bsp/mcu/s7g2/bsp_hw_locks.o
                0x000005c0                g_lock_lookup_GPT_0U_4U
 .hw_lock_lookup.GPT_0U_5U
                0x000005c4        0x4 ./synergy/ssp/src/bsp/mcu/s7g2/bsp_hw_locks.o
                0x000005c4                g_lock_lookup_GPT_0U_5U
 .hw_lock_lookup.GPT_0U_6U
                0x000005c8        0x4 ./synergy/ssp/src/bsp/mcu/s7g2/bsp_hw_locks.o
                0x000005c8                g_lock_lookup_GPT_0U_6U
 .hw_lock_lookup.GPT_0U_7U
                0x000005cc        0x4 ./synergy/ssp/src/bsp/mcu/s7g2/bsp_hw_locks.o
                0x000005cc                g_lock_lookup_GPT_0U_7U
 .hw_lock_lookup.GPT_0U_8U
                0x000005d0        0x4 ./synergy/ssp/src/bsp/mcu/s7g2/bsp_hw_locks.o
                0x000005d0                g_lock_lookup_GPT_0U_8U
 .hw_lock_lookup.GPT_0U_9U
                0x000005d4        0x4 ./synergy/ssp/src/bsp/mcu/s7g2/bsp_hw_locks.o
                0x000005d4                g_lock_lookup_GPT_0U_9U
 .hw_lock_lookup.ICU_0U_0U
                0x000005d8        0x4 ./synergy/ssp/src/bsp/mcu/s7g2/bsp_hw_locks.o
                0x000005d8                g_lock_lookup_ICU_0U_0U
 .hw_lock_lookup.ICU_0U_10U
                0x000005dc        0x4 ./synergy/ssp/src/bsp/mcu/s7g2/bsp_hw_locks.o
                0x000005dc                g_lock_lookup_ICU_0U_10U
 .hw_lock_lookup.ICU_0U_11U
                0x000005e0        0x4 ./synergy/ssp/src/bsp/mcu/s7g2/bsp_hw_locks.o
                0x000005e0                g_lock_lookup_ICU_0U_11U
 .hw_lock_lookup.ICU_0U_12U
                0x000005e4        0x4 ./synergy/ssp/src/bsp/mcu/s7g2/bsp_hw_locks.o
                0x000005e4                g_lock_lookup_ICU_0U_12U
 .hw_lock_lookup.ICU_0U_13U
                0x000005e8        0x4 ./synergy/ssp/src/bsp/mcu/s7g2/bsp_hw_locks.o
                0x000005e8                g_lock_lookup_ICU_0U_13U
 .hw_lock_lookup.ICU_0U_14U
                0x000005ec        0x4 ./synergy/ssp/src/bsp/mcu/s7g2/bsp_hw_locks.o
                0x000005ec                g_lock_lookup_ICU_0U_14U
 .hw_lock_lookup.ICU_0U_15U
                0x000005f0        0x4 ./synergy/ssp/src/bsp/mcu/s7g2/bsp_hw_locks.o
                0x000005f0                g_lock_lookup_ICU_0U_15U
 .hw_lock_lookup.ICU_0U_1U
                0x000005f4        0x4 ./synergy/ssp/src/bsp/mcu/s7g2/bsp_hw_locks.o
                0x000005f4                g_lock_lookup_ICU_0U_1U
 .hw_lock_lookup.ICU_0U_2U
                0x000005f8        0x4 ./synergy/ssp/src/bsp/mcu/s7g2/bsp_hw_locks.o
                0x000005f8                g_lock_lookup_ICU_0U_2U
 .hw_lock_lookup.ICU_0U_3U
                0x000005fc        0x4 ./synergy/ssp/src/bsp/mcu/s7g2/bsp_hw_locks.o
                0x000005fc                g_lock_lookup_ICU_0U_3U
 .hw_lock_lookup.ICU_0U_4U
                0x00000600        0x4 ./synergy/ssp/src/bsp/mcu/s7g2/bsp_hw_locks.o
                0x00000600                g_lock_lookup_ICU_0U_4U
 .hw_lock_lookup.ICU_0U_5U
                0x00000604        0x4 ./synergy/ssp/src/bsp/mcu/s7g2/bsp_hw_locks.o
                0x00000604                g_lock_lookup_ICU_0U_5U
 .hw_lock_lookup.ICU_0U_6U
                0x00000608        0x4 ./synergy/ssp/src/bsp/mcu/s7g2/bsp_hw_locks.o
                0x00000608                g_lock_lookup_ICU_0U_6U
 .hw_lock_lookup.ICU_0U_7U
                0x0000060c        0x4 ./synergy/ssp/src/bsp/mcu/s7g2/bsp_hw_locks.o
                0x0000060c                g_lock_lookup_ICU_0U_7U
 .hw_lock_lookup.ICU_0U_8U
                0x00000610        0x4 ./synergy/ssp/src/bsp/mcu/s7g2/bsp_hw_locks.o
                0x00000610                g_lock_lookup_ICU_0U_8U
 .hw_lock_lookup.ICU_0U_9U
                0x00000614        0x4 ./synergy/ssp/src/bsp/mcu/s7g2/bsp_hw_locks.o
                0x00000614                g_lock_lookup_ICU_0U_9U
 .hw_lock_lookup.IIC_0U_0U
                0x00000618        0x4 ./synergy/ssp/src/bsp/mcu/s7g2/bsp_hw_locks.o
                0x00000618                g_lock_lookup_IIC_0U_0U
 .hw_lock_lookup.IIC_0U_1U
                0x0000061c        0x4 ./synergy/ssp/src/bsp/mcu/s7g2/bsp_hw_locks.o
                0x0000061c                g_lock_lookup_IIC_0U_1U
 .hw_lock_lookup.IIC_0U_2U
                0x00000620        0x4 ./synergy/ssp/src/bsp/mcu/s7g2/bsp_hw_locks.o
                0x00000620                g_lock_lookup_IIC_0U_2U
 .hw_lock_lookup.IRDA_0U_0U
                0x00000624        0x4 ./synergy/ssp/src/bsp/mcu/s7g2/bsp_hw_locks.o
                0x00000624                g_lock_lookup_IRDA_0U_0U
 .hw_lock_lookup.IWDT_0U_0U
                0x00000628        0x4 ./synergy/ssp/src/bsp/mcu/s7g2/bsp_hw_locks.o
                0x00000628                g_lock_lookup_IWDT_0U_0U
 .hw_lock_lookup.JPEG_0U_0U
                0x0000062c        0x4 ./synergy/ssp/src/bsp/mcu/s7g2/bsp_hw_locks.o
                0x0000062c                g_lock_lookup_JPEG_0U_0U
 .hw_lock_lookup.KEY_0U_0U
                0x00000630        0x4 ./synergy/ssp/src/bsp/mcu/s7g2/bsp_hw_locks.o
                0x00000630                g_lock_lookup_KEY_0U_0U
 .hw_lock_lookup.LPM_1U_0U
                0x00000634        0x4 ./synergy/ssp/src/bsp/mcu/s7g2/bsp_hw_locks.o
                0x00000634                g_lock_lookup_LPM_1U_0U
 .hw_lock_lookup.LVD_0U_0U
                0x00000638        0x4 ./synergy/ssp/src/bsp/mcu/s7g2/bsp_hw_locks.o
                0x00000638                g_lock_lookup_LVD_0U_0U
 .hw_lock_lookup.LVD_0U_1U
                0x0000063c        0x4 ./synergy/ssp/src/bsp/mcu/s7g2/bsp_hw_locks.o
                0x0000063c                g_lock_lookup_LVD_0U_1U
 .hw_lock_lookup.MMF_0U_0U
                0x00000640        0x4 ./synergy/ssp/src/bsp/mcu/s7g2/bsp_hw_locks.o
                0x00000640                g_lock_lookup_MMF_0U_0U
 .hw_lock_lookup.MPU_0U_0U
                0x00000644        0x4 ./synergy/ssp/src/bsp/mcu/s7g2/bsp_hw_locks.o
                0x00000644                g_lock_lookup_MPU_0U_0U
 .hw_lock_lookup.OPS_0U_0U
                0x00000648        0x4 ./synergy/ssp/src/bsp/mcu/s7g2/bsp_hw_locks.o
                0x00000648                g_lock_lookup_OPS_0U_0U
 .hw_lock_lookup.PDC_0U_0U
                0x0000064c        0x4 ./synergy/ssp/src/bsp/mcu/s7g2/bsp_hw_locks.o
                0x0000064c                g_lock_lookup_PDC_0U_0U
 .hw_lock_lookup.POEG_0U_0U
                0x00000650        0x4 ./synergy/ssp/src/bsp/mcu/s7g2/bsp_hw_locks.o
                0x00000650                g_lock_lookup_POEG_0U_0U
 .hw_lock_lookup.POEG_0U_1U
                0x00000654        0x4 ./synergy/ssp/src/bsp/mcu/s7g2/bsp_hw_locks.o
                0x00000654                g_lock_lookup_POEG_0U_1U
 .hw_lock_lookup.POEG_0U_2U
                0x00000658        0x4 ./synergy/ssp/src/bsp/mcu/s7g2/bsp_hw_locks.o
                0x00000658                g_lock_lookup_POEG_0U_2U
 .hw_lock_lookup.POEG_0U_3U
                0x0000065c        0x4 ./synergy/ssp/src/bsp/mcu/s7g2/bsp_hw_locks.o
                0x0000065c                g_lock_lookup_POEG_0U_3U
 .hw_lock_lookup.QSPI_0U_0U
                0x00000660        0x4 ./synergy/ssp/src/bsp/mcu/s7g2/bsp_hw_locks.o
                0x00000660                g_lock_lookup_QSPI_0U_0U
 .hw_lock_lookup.RTC_0U_0U
                0x00000664        0x4 ./synergy/ssp/src/bsp/mcu/s7g2/bsp_hw_locks.o
                0x00000664                g_lock_lookup_RTC_0U_0U
 .hw_lock_lookup.SCE_0U_0U
                0x00000668        0x4 ./synergy/ssp/src/bsp/mcu/s7g2/bsp_hw_locks.o
                0x00000668                g_lock_lookup_SCE_0U_0U
 .hw_lock_lookup.SCI_0U_0U
                0x0000066c        0x4 ./synergy/ssp/src/bsp/mcu/s7g2/bsp_hw_locks.o
                0x0000066c                g_lock_lookup_SCI_0U_0U
 .hw_lock_lookup.SCI_0U_1U
                0x00000670        0x4 ./synergy/ssp/src/bsp/mcu/s7g2/bsp_hw_locks.o
                0x00000670                g_lock_lookup_SCI_0U_1U
 .hw_lock_lookup.SCI_0U_2U
                0x00000674        0x4 ./synergy/ssp/src/bsp/mcu/s7g2/bsp_hw_locks.o
                0x00000674                g_lock_lookup_SCI_0U_2U
 .hw_lock_lookup.SCI_0U_3U
                0x00000678        0x4 ./synergy/ssp/src/bsp/mcu/s7g2/bsp_hw_locks.o
                0x00000678                g_lock_lookup_SCI_0U_3U
 .hw_lock_lookup.SCI_0U_4U
                0x0000067c        0x4 ./synergy/ssp/src/bsp/mcu/s7g2/bsp_hw_locks.o
                0x0000067c                g_lock_lookup_SCI_0U_4U
 .hw_lock_lookup.SCI_0U_5U
                0x00000680        0x4 ./synergy/ssp/src/bsp/mcu/s7g2/bsp_hw_locks.o
                0x00000680                g_lock_lookup_SCI_0U_5U
 .hw_lock_lookup.SCI_0U_6U
                0x00000684        0x4 ./synergy/ssp/src/bsp/mcu/s7g2/bsp_hw_locks.o
                0x00000684                g_lock_lookup_SCI_0U_6U
 .hw_lock_lookup.SCI_0U_7U
                0x00000688        0x4 ./synergy/ssp/src/bsp/mcu/s7g2/bsp_hw_locks.o
                0x00000688                g_lock_lookup_SCI_0U_7U
 .hw_lock_lookup.SCI_0U_8U
                0x0000068c        0x4 ./synergy/ssp/src/bsp/mcu/s7g2/bsp_hw_locks.o
                0x0000068c                g_lock_lookup_SCI_0U_8U
 .hw_lock_lookup.SCI_0U_9U
                0x00000690        0x4 ./synergy/ssp/src/bsp/mcu/s7g2/bsp_hw_locks.o
                0x00000690                g_lock_lookup_SCI_0U_9U
 .hw_lock_lookup.SDHIMMC_0U_0U
                0x00000694        0x4 ./synergy/ssp/src/bsp/mcu/s7g2/bsp_hw_locks.o
                0x00000694                g_lock_lookup_SDHIMMC_0U_0U
 .hw_lock_lookup.SDHIMMC_0U_1U
                0x00000698        0x4 ./synergy/ssp/src/bsp/mcu/s7g2/bsp_hw_locks.o
                0x00000698                g_lock_lookup_SDHIMMC_0U_1U
 .hw_lock_lookup.SPI_0U_0U
                0x0000069c        0x4 ./synergy/ssp/src/bsp/mcu/s7g2/bsp_hw_locks.o
                0x0000069c                g_lock_lookup_SPI_0U_0U
 .hw_lock_lookup.SPI_0U_1U
                0x000006a0        0x4 ./synergy/ssp/src/bsp/mcu/s7g2/bsp_hw_locks.o
                0x000006a0                g_lock_lookup_SPI_0U_1U
 .hw_lock_lookup.SRC_0U_0U
                0x000006a4        0x4 ./synergy/ssp/src/bsp/mcu/s7g2/bsp_hw_locks.o
                0x000006a4                g_lock_lookup_SRC_0U_0U
 .hw_lock_lookup.SSI_0U_0U
                0x000006a8        0x4 ./synergy/ssp/src/bsp/mcu/s7g2/bsp_hw_locks.o
                0x000006a8                g_lock_lookup_SSI_0U_0U
 .hw_lock_lookup.SSI_0U_1U
                0x000006ac        0x4 ./synergy/ssp/src/bsp/mcu/s7g2/bsp_hw_locks.o
                0x000006ac                g_lock_lookup_SSI_0U_1U
 .hw_lock_lookup.TSN_0U_0U
                0x000006b0        0x4 ./synergy/ssp/src/bsp/mcu/s7g2/bsp_hw_locks.o
                0x000006b0                g_lock_lookup_TSN_0U_0U
 .hw_lock_lookup.USB_0U_0U
                0x000006b4        0x4 ./synergy/ssp/src/bsp/mcu/s7g2/bsp_hw_locks.o
                0x000006b4                g_lock_lookup_USB_0U_0U
 .hw_lock_lookup.USB_1U_0U
                0x000006b8        0x4 ./synergy/ssp/src/bsp/mcu/s7g2/bsp_hw_locks.o
                0x000006b8                g_lock_lookup_USB_1U_0U
 .hw_lock_lookup.WDT_0U_0U
                0x000006bc        0x4 ./synergy/ssp/src/bsp/mcu/s7g2/bsp_hw_locks.o
                0x000006bc                g_lock_lookup_WDT_0U_0U
                0x000006c0                __Lock_Lookup_End = .
 *(.text*)
 .text          0x000006c0       0x5c c:/program files (x86)/gnu tools arm embedded/4.9 2015q3/bin/../lib/gcc/arm-none-eabi/4.9.3/armv7e-m/fpu/crtbegin.o
 .text.SF_ADC_PERIODIC_VersionGet
                0x0000071c       0x14 ./synergy/ssp/src/framework/sf_adc_periodic/sf_adc_periodic.o
                0x0000071c                SF_ADC_PERIODIC_VersionGet
 .text.sf_adc_periodic_callback
                0x00000730       0x64 ./synergy/ssp/src/framework/sf_adc_periodic/sf_adc_periodic.o
 .text.SF_ADC_PERIODIC_Start
                0x00000794       0x64 ./synergy/ssp/src/framework/sf_adc_periodic/sf_adc_periodic.o
                0x00000794                SF_ADC_PERIODIC_Start
 .text.SF_ADC_PERIODIC_Stop
                0x000007f8       0x48 ./synergy/ssp/src/framework/sf_adc_periodic/sf_adc_periodic.o
                0x000007f8                SF_ADC_PERIODIC_Stop
 .text.SF_ADC_PERIODIC_Close
                0x00000840       0x98 ./synergy/ssp/src/framework/sf_adc_periodic/sf_adc_periodic.o
                0x00000840                SF_ADC_PERIODIC_Close
 .text.SF_ADC_PERIODIC_Open
                0x000008d8      0x22c ./synergy/ssp/src/framework/sf_adc_periodic/sf_adc_periodic.o
                0x000008d8                SF_ADC_PERIODIC_Open
 .text.R_IOPORT_PinRead
                0x00000b04       0x48 ./synergy/ssp/src/driver/r_ioport/r_ioport.o
                0x00000b04                R_IOPORT_PinRead
 .text.R_IOPORT_PortRead
                0x00000b4c       0x28 ./synergy/ssp/src/driver/r_ioport/r_ioport.o
                0x00000b4c                R_IOPORT_PortRead
 .text.R_IOPORT_PortEventInputRead
                0x00000b74       0x28 ./synergy/ssp/src/driver/r_ioport/r_ioport.o
                0x00000b74                R_IOPORT_PortEventInputRead
 .text.R_IOPORT_PinEventInputRead
                0x00000b9c       0x58 ./synergy/ssp/src/driver/r_ioport/r_ioport.o
                0x00000b9c                R_IOPORT_PinEventInputRead
 .text.R_IOPORT_PortEventOutputWrite
                0x00000bf4       0x38 ./synergy/ssp/src/driver/r_ioport/r_ioport.o
                0x00000bf4                R_IOPORT_PortEventOutputWrite
 .text.R_IOPORT_PinEventOutputWrite
                0x00000c2c       0x54 ./synergy/ssp/src/driver/r_ioport/r_ioport.o
                0x00000c2c                R_IOPORT_PinEventOutputWrite
 .text.R_IOPORT_VersionGet
                0x00000c80       0x18 ./synergy/ssp/src/driver/r_ioport/r_ioport.o
                0x00000c80                R_IOPORT_VersionGet
 .text.R_IOPORT_PinDirectionSet
                0x00000c98       0xcc ./synergy/ssp/src/driver/r_ioport/r_ioport.o
                0x00000c98                R_IOPORT_PinDirectionSet
 .text.R_IOPORT_PortWrite
                0x00000d64       0x38 ./synergy/ssp/src/driver/r_ioport/r_ioport.o
                0x00000d64                R_IOPORT_PortWrite
 .text.R_IOPORT_PortDirectionSet
                0x00000d9c       0x40 ./synergy/ssp/src/driver/r_ioport/r_ioport.o
                0x00000d9c                R_IOPORT_PortDirectionSet
 .text.bsp_vbatt_init.isra.4
                0x00000ddc       0x8c ./synergy/ssp/src/driver/r_ioport/r_ioport.o
 .text.R_IOPORT_EthernetModeCfg
                0x00000e68       0x58 ./synergy/ssp/src/driver/r_ioport/r_ioport.o
                0x00000e68                R_IOPORT_EthernetModeCfg
 .text.R_IOPORT_PinsCfg
                0x00000ec0       0xe0 ./synergy/ssp/src/driver/r_ioport/r_ioport.o
                0x00000ec0                R_IOPORT_PinsCfg
 .text.R_IOPORT_Init
                0x00000fa0       0x78 ./synergy/ssp/src/driver/r_ioport/r_ioport.o
                0x00000fa0                R_IOPORT_Init
 .text.R_IOPORT_PinCfg
                0x00001018       0xd0 ./synergy/ssp/src/driver/r_ioport/r_ioport.o
                0x00001018                R_IOPORT_PinCfg
 .text.R_IOPORT_PinWrite
                0x000010e8       0xcc ./synergy/ssp/src/driver/r_ioport/r_ioport.o
                0x000010e8                R_IOPORT_PinWrite
 .text.R_GPT_VersionGet
                0x000011b4       0x14 ./synergy/ssp/src/driver/r_gpt/r_gpt.o
                0x000011b4                R_GPT_VersionGet
 .text.gpt_period_to_pclk
                0x000011c8      0x108 ./synergy/ssp/src/driver/r_gpt/r_gpt.o
 .text.gpt_duty_cycle_to_pclk
                0x000012d0       0x60 ./synergy/ssp/src/driver/r_gpt/r_gpt.o
 .text.R_GPT_Stop
                0x00001330       0x28 ./synergy/ssp/src/driver/r_gpt/r_gpt.o
                0x00001330                R_GPT_Stop
 .text.R_GPT_Start
                0x00001358       0x28 ./synergy/ssp/src/driver/r_gpt/r_gpt.o
                0x00001358                R_GPT_Start
 .text.R_GPT_CounterGet
                0x00001380       0x28 ./synergy/ssp/src/driver/r_gpt/r_gpt.o
                0x00001380                R_GPT_CounterGet
 .text.R_GPT_Reset
                0x000013a8       0x4c ./synergy/ssp/src/driver/r_gpt/r_gpt.o
                0x000013a8                R_GPT_Reset
 .text.R_GPT_PeriodSet
                0x000013f4       0x80 ./synergy/ssp/src/driver/r_gpt/r_gpt.o
                0x000013f4                R_GPT_PeriodSet
 .text.R_GPT_InfoGet
                0x00001474       0x88 ./synergy/ssp/src/driver/r_gpt/r_gpt.o
                0x00001474                R_GPT_InfoGet
 .text.R_GPT_DutyCycleSet
                0x000014fc       0xb8 ./synergy/ssp/src/driver/r_gpt/r_gpt.o
                0x000014fc                R_GPT_DutyCycleSet
 .text.R_GPT_Close
                0x000015b4       0xa0 ./synergy/ssp/src/driver/r_gpt/r_gpt.o
                0x000015b4                R_GPT_Close
 .text.R_GPT_TimerOpen
                0x00001654      0x3a4 ./synergy/ssp/src/driver/r_gpt/r_gpt.o
                0x00001654                R_GPT_TimerOpen
 .text.R_FMI_ProductInfoGet
                0x000019f8       0x28 ./synergy/ssp/src/driver/r_fmi/r_fmi.o
 .text.R_FMI_UniqueIdGet
                0x00001a20       0x30 ./synergy/ssp/src/driver/r_fmi/r_fmi.o
 .text.R_FMI_EventInfoGet
                0x00001a50       0x6c ./synergy/ssp/src/driver/r_fmi/r_fmi.o
 .text.R_FMI_VersionGet
                0x00001abc       0x14 ./synergy/ssp/src/driver/r_fmi/r_fmi.o
 .text.R_FMI_Init
                0x00001ad0       0xbc ./synergy/ssp/src/driver/r_fmi/r_fmi.o
 .text.R_FMI_FeatureGet
                0x00001b8c      0x244 ./synergy/ssp/src/driver/r_fmi/r_fmi.o
 .text.R_ELC_LinkSet
                0x00001dd0       0x14 ./synergy/ssp/src/driver/r_elc/r_elc.o
                0x00001dd0                R_ELC_LinkSet
 .text.R_ELC_LinkBreak
                0x00001de4       0x14 ./synergy/ssp/src/driver/r_elc/r_elc.o
                0x00001de4                R_ELC_LinkBreak
 .text.R_ELC_Enable
                0x00001df8       0x14 ./synergy/ssp/src/driver/r_elc/r_elc.o
                0x00001df8                R_ELC_Enable
 .text.R_ELC_Disable
                0x00001e0c       0x14 ./synergy/ssp/src/driver/r_elc/r_elc.o
                0x00001e0c                R_ELC_Disable
 .text.R_ELC_VersionGet
                0x00001e20       0x14 ./synergy/ssp/src/driver/r_elc/r_elc.o
                0x00001e20                R_ELC_VersionGet
 .text.R_ELC_SoftwareEventGenerate
                0x00001e34       0x30 ./synergy/ssp/src/driver/r_elc/r_elc.o
                0x00001e34                R_ELC_SoftwareEventGenerate
 .text.R_ELC_Init
                0x00001e64       0x80 ./synergy/ssp/src/driver/r_elc/r_elc.o
                0x00001e64                R_ELC_Init
 .text.R_DTC_Start
                0x00001ee4        0x4 ./synergy/ssp/src/driver/r_dtc/r_dtc.o
                0x00001ee4                R_DTC_Start
 .text.R_DTC_Stop
                0x00001ee8        0x4 ./synergy/ssp/src/driver/r_dtc/r_dtc.o
                0x00001ee8                R_DTC_Stop
 .text.R_DTC_Disable
                0x00001eec       0x34 ./synergy/ssp/src/driver/r_dtc/r_dtc.o
                0x00001eec                R_DTC_Disable
 .text.R_DTC_VersionGet
                0x00001f20       0x14 ./synergy/ssp/src/driver/r_dtc/r_dtc.o
                0x00001f20                R_DTC_VersionGet
 .text.R_DTC_InfoGet
                0x00001f34       0x78 ./synergy/ssp/src/driver/r_dtc/r_dtc.o
                0x00001f34                R_DTC_InfoGet
 .text.R_DTC_Close
                0x00001fac       0x58 ./synergy/ssp/src/driver/r_dtc/r_dtc.o
                0x00001fac                R_DTC_Close
 .text.R_DTC_Enable
                0x00002004       0x84 ./synergy/ssp/src/driver/r_dtc/r_dtc.o
                0x00002004                R_DTC_Enable
 .text.R_DTC_BlockReset
                0x00002088       0xd0 ./synergy/ssp/src/driver/r_dtc/r_dtc.o
                0x00002088                R_DTC_BlockReset
 .text.R_DTC_Open
                0x00002158      0x180 ./synergy/ssp/src/driver/r_dtc/r_dtc.o
                0x00002158                R_DTC_Open
 .text.R_DTC_Reset
                0x000022d8       0xcc ./synergy/ssp/src/driver/r_dtc/r_dtc.o
                0x000022d8                R_DTC_Reset
 .text.elc_software_event_isr
                0x000023a4       0x48 ./synergy/ssp/src/driver/r_dtc/r_dtc.o
                0x000023a4                elc_software_event_isr
 .text.HW_CGC_Init
                0x000023ec       0x34 ./synergy/ssp/src/driver/r_cgc/hw/hw_cgc.o
                0x000023ec                HW_CGC_Init
 .text.HW_CGC_InitPLLFreq
                0x00002420       0xf4 ./synergy/ssp/src/driver/r_cgc/hw/hw_cgc.o
                0x00002420                HW_CGC_InitPLLFreq
 .text.HW_CGC_MainClockDriveSet
                0x00002514       0x3c ./synergy/ssp/src/driver/r_cgc/hw/hw_cgc.o
                0x00002514                HW_CGC_MainClockDriveSet
 .text.HW_CGC_SubClockDriveSet
                0x00002550       0x3c ./synergy/ssp/src/driver/r_cgc/hw/hw_cgc.o
                0x00002550                HW_CGC_SubClockDriveSet
 .text.HW_CGC_ClockStart
                0x0000258c       0xa0 ./synergy/ssp/src/driver/r_cgc/hw/hw_cgc.o
                0x0000258c                HW_CGC_ClockStart
 .text.HW_CGC_ClockStop
                0x0000262c       0xa0 ./synergy/ssp/src/driver/r_cgc/hw/hw_cgc.o
                0x0000262c                HW_CGC_ClockStop
 .text.HW_CGC_ClockCheck
                0x000026cc       0x2c ./synergy/ssp/src/driver/r_cgc/hw/hw_cgc.o
                0x000026cc                HW_CGC_ClockCheck
 .text.HW_CGC_ClockRunStateGet
                0x000026f8       0x68 ./synergy/ssp/src/driver/r_cgc/hw/hw_cgc.o
                0x000026f8                HW_CGC_ClockRunStateGet
 .text.HW_CGC_DelayCycles
                0x00002760        0x8 ./synergy/ssp/src/driver/r_cgc/hw/hw_cgc.o
                0x00002760                HW_CGC_DelayCycles
 .text.HW_CGC_MainOscSourceSet
                0x00002768       0x2c ./synergy/ssp/src/driver/r_cgc/hw/hw_cgc.o
                0x00002768                HW_CGC_MainOscSourceSet
 .text.HW_CGC_ClockWaitSet
                0x00002794       0x28 ./synergy/ssp/src/driver/r_cgc/hw/hw_cgc.o
                0x00002794                HW_CGC_ClockWaitSet
 .text.HW_CGC_ClockSourceValidCheck
                0x000027bc       0x28 ./synergy/ssp/src/driver/r_cgc/hw/hw_cgc.o
                0x000027bc                HW_CGC_ClockSourceValidCheck
 .text.HW_CGC_SystemClockValidCheck
                0x000027e4        0xc ./synergy/ssp/src/driver/r_cgc/hw/hw_cgc.o
                0x000027e4                HW_CGC_SystemClockValidCheck
 .text.HW_CGC_ClockSourceGet
                0x000027f0        0xc ./synergy/ssp/src/driver/r_cgc/hw/hw_cgc.o
                0x000027f0                HW_CGC_ClockSourceGet
 .text.HW_CGC_ClockSourceSet
                0x000027fc       0x28 ./synergy/ssp/src/driver/r_cgc/hw/hw_cgc.o
                0x000027fc                HW_CGC_ClockSourceSet
 .text.HW_CGC_PLLClockSourceGet
                0x00002824       0x24 ./synergy/ssp/src/driver/r_cgc/hw/hw_cgc.o
                0x00002824                HW_CGC_PLLClockSourceGet
 .text.HW_CGC_PLLClockSourceSet
                0x00002848       0x28 ./synergy/ssp/src/driver/r_cgc/hw/hw_cgc.o
                0x00002848                HW_CGC_PLLClockSourceSet
 .text.HW_CGC_PLLMultiplierSet
                0x00002870       0x90 ./synergy/ssp/src/driver/r_cgc/hw/hw_cgc.o
                0x00002870                HW_CGC_PLLMultiplierSet
 .text.HW_CGC_PLLDividerSet
                0x00002900       0x88 ./synergy/ssp/src/driver/r_cgc/hw/hw_cgc.o
                0x00002900                HW_CGC_PLLDividerSet
 .text.HW_CGC_SystemDividersSet
                0x00002988       0x70 ./synergy/ssp/src/driver/r_cgc/hw/hw_cgc.o
                0x00002988                HW_CGC_SystemDividersSet
 .text.HW_CGC_SystemDividersGet
                0x000029f8       0x3c ./synergy/ssp/src/driver/r_cgc/hw/hw_cgc.o
                0x000029f8                HW_CGC_SystemDividersGet
 .text.HW_CGC_ClockCfgValidCheck
                0x00002a34       0x58 ./synergy/ssp/src/driver/r_cgc/hw/hw_cgc.o
                0x00002a34                HW_CGC_ClockCfgValidCheck
 .text.HW_CGC_ClockDividerGet
                0x00002a8c       0x4c ./synergy/ssp/src/driver/r_cgc/hw/hw_cgc.o
                0x00002a8c                HW_CGC_ClockDividerGet
 .text.HW_CGC_ClockHzGet
                0x00002ad8       0x20 ./synergy/ssp/src/driver/r_cgc/hw/hw_cgc.o
                0x00002ad8                HW_CGC_ClockHzGet
 .text.HW_CGC_ClockHzCalculate
                0x00002af8       0x10 ./synergy/ssp/src/driver/r_cgc/hw/hw_cgc.o
                0x00002af8                HW_CGC_ClockHzCalculate
 .text.HW_CGC_OperatingModeSet
                0x00002b08       0xb0 ./synergy/ssp/src/driver/r_cgc/hw/hw_cgc.o
                0x00002b08                HW_CGC_OperatingModeSet
 .text.HW_CGC_OperatingModeGet
                0x00002bb8       0x14 ./synergy/ssp/src/driver/r_cgc/hw/hw_cgc.o
                0x00002bb8                HW_CGC_OperatingModeGet
 .text.HW_CGC_OscStopDetectEnable
                0x00002bcc       0x2c ./synergy/ssp/src/driver/r_cgc/hw/hw_cgc.o
                0x00002bcc                HW_CGC_OscStopDetectEnable
 .text.HW_CGC_OscStopDetectDisable
                0x00002bf8       0x2c ./synergy/ssp/src/driver/r_cgc/hw/hw_cgc.o
                0x00002bf8                HW_CGC_OscStopDetectDisable
 .text.HW_CGC_OscStopDetectEnabledGet
                0x00002c24        0x8 ./synergy/ssp/src/driver/r_cgc/hw/hw_cgc.o
                0x00002c24                HW_CGC_OscStopDetectEnabledGet
 .text.HW_CGC_OscStopDetectGet
                0x00002c2c        0xc ./synergy/ssp/src/driver/r_cgc/hw/hw_cgc.o
                0x00002c2c                HW_CGC_OscStopDetectGet
 .text.HW_CGC_OscStopStatusClear
                0x00002c38       0x30 ./synergy/ssp/src/driver/r_cgc/hw/hw_cgc.o
                0x00002c38                HW_CGC_OscStopStatusClear
 .text.HW_CGC_BusClockOutCfg
                0x00002c68       0x28 ./synergy/ssp/src/driver/r_cgc/hw/hw_cgc.o
                0x00002c68                HW_CGC_BusClockOutCfg
 .text.HW_CGC_BusClockOutEnable
                0x00002c90       0x20 ./synergy/ssp/src/driver/r_cgc/hw/hw_cgc.o
                0x00002c90                HW_CGC_BusClockOutEnable
 .text.HW_CGC_BusClockOutDisable
                0x00002cb0       0x20 ./synergy/ssp/src/driver/r_cgc/hw/hw_cgc.o
                0x00002cb0                HW_CGC_BusClockOutDisable
 .text.HW_CGC_ClockOutCfg
                0x00002cd0       0x4c ./synergy/ssp/src/driver/r_cgc/hw/hw_cgc.o
                0x00002cd0                HW_CGC_ClockOutCfg
 .text.HW_CGC_ClockOutEnable
                0x00002d1c       0x20 ./synergy/ssp/src/driver/r_cgc/hw/hw_cgc.o
                0x00002d1c                HW_CGC_ClockOutEnable
 .text.HW_CGC_ClockOutDisable
                0x00002d3c       0x20 ./synergy/ssp/src/driver/r_cgc/hw/hw_cgc.o
                0x00002d3c                HW_CGC_ClockOutDisable
 .text.HW_CGC_SDRAMClockOutEnable
                0x00002d5c       0x20 ./synergy/ssp/src/driver/r_cgc/hw/hw_cgc.o
                0x00002d5c                HW_CGC_SDRAMClockOutEnable
 .text.HW_CGC_SDRAMClockOutDisable
                0x00002d7c       0x20 ./synergy/ssp/src/driver/r_cgc/hw/hw_cgc.o
                0x00002d7c                HW_CGC_SDRAMClockOutDisable
 .text.HW_CGC_USBClockCfg
                0x00002d9c       0x2c ./synergy/ssp/src/driver/r_cgc/hw/hw_cgc.o
                0x00002d9c                HW_CGC_USBClockCfg
 .text.HW_CGC_SystickUpdate
                0x00002dc8       0x54 ./synergy/ssp/src/driver/r_cgc/hw/hw_cgc.o
                0x00002dc8                HW_CGC_SystickUpdate
 .text.HW_CGC_LCDClockCfg
                0x00002e1c       0x14 ./synergy/ssp/src/driver/r_cgc/hw/hw_cgc.o
                0x00002e1c                HW_CGC_LCDClockCfg
 .text.HW_CGC_LCDClockCfgGet
                0x00002e30        0xc ./synergy/ssp/src/driver/r_cgc/hw/hw_cgc.o
                0x00002e30                HW_CGC_LCDClockCfgGet
 .text.HW_CGC_LCDClockEnable
                0x00002e3c       0x10 ./synergy/ssp/src/driver/r_cgc/hw/hw_cgc.o
                0x00002e3c                HW_CGC_LCDClockEnable
 .text.HW_CGC_LCDClockDisable
                0x00002e4c       0x10 ./synergy/ssp/src/driver/r_cgc/hw/hw_cgc.o
                0x00002e4c                HW_CGC_LCDClockDisable
 .text.HW_CGC_LCDClockIsEnabled
                0x00002e5c        0x8 ./synergy/ssp/src/driver/r_cgc/hw/hw_cgc.o
                0x00002e5c                HW_CGC_LCDClockIsEnabled
 .text.HW_CGC_HocoWaitControlSet
                0x00002e64       0x28 ./synergy/ssp/src/driver/r_cgc/hw/hw_cgc.o
                0x00002e64                HW_CGC_HocoWaitControlSet
 .text.R_CGC_VersionGet
                0x00002e8c       0x10 ./synergy/ssp/src/driver/r_cgc/r_cgc.o
                0x00002e8c                R_CGC_VersionGet
 .text.R_CGC_Init
                0x00002e9c       0xb4 ./synergy/ssp/src/driver/r_cgc/r_cgc.o
                0x00002e9c                R_CGC_Init
 .text.R_CGC_SystemClockGet
                0x00002f50       0x28 ./synergy/ssp/src/driver/r_cgc/r_cgc.o
                0x00002f50                R_CGC_SystemClockGet
 .text.R_CGC_OscStopDetect
                0x00002f78       0xe0 ./synergy/ssp/src/driver/r_cgc/r_cgc.o
                0x00002f78                R_CGC_OscStopDetect
 .text.R_CGC_OscStopStatusClear
                0x00003058       0x50 ./synergy/ssp/src/driver/r_cgc/r_cgc.o
                0x00003058                R_CGC_OscStopStatusClear
 .text.R_CGC_BusClockOutCfg
                0x000030a8       0x14 ./synergy/ssp/src/driver/r_cgc/r_cgc.o
                0x000030a8                R_CGC_BusClockOutCfg
 .text.R_CGC_BusClockOutEnable
                0x000030bc       0x14 ./synergy/ssp/src/driver/r_cgc/r_cgc.o
                0x000030bc                R_CGC_BusClockOutEnable
 .text.R_CGC_BusClockOutDisable
                0x000030d0       0x14 ./synergy/ssp/src/driver/r_cgc/r_cgc.o
                0x000030d0                R_CGC_BusClockOutDisable
 .text.R_CGC_ClockOutCfg
                0x000030e4       0x18 ./synergy/ssp/src/driver/r_cgc/r_cgc.o
                0x000030e4                R_CGC_ClockOutCfg
 .text.R_CGC_ClockOutEnable
                0x000030fc       0x14 ./synergy/ssp/src/driver/r_cgc/r_cgc.o
                0x000030fc                R_CGC_ClockOutEnable
 .text.R_CGC_ClockOutDisable
                0x00003110       0x14 ./synergy/ssp/src/driver/r_cgc/r_cgc.o
                0x00003110                R_CGC_ClockOutDisable
 .text.R_CGC_ClockCheck
                0x00003124       0x70 ./synergy/ssp/src/driver/r_cgc/r_cgc.o
                0x00003124                R_CGC_ClockCheck
 .text.r_cgc_stabilization_wait
                0x00003194       0x30 ./synergy/ssp/src/driver/r_cgc/r_cgc.o
 .text.R_CGC_ClockStart
                0x000031c4      0x18c ./synergy/ssp/src/driver/r_cgc/r_cgc.o
                0x000031c4                R_CGC_ClockStart
 .text.R_CGC_ClockStop
                0x00003350       0xc8 ./synergy/ssp/src/driver/r_cgc/r_cgc.o
                0x00003350                R_CGC_ClockStop
 .text.r_cgc_clock_start_stop
                0x00003418       0x30 ./synergy/ssp/src/driver/r_cgc/r_cgc.o
 .text.R_CGC_SystemClockFreqGet
                0x00003448       0x34 ./synergy/ssp/src/driver/r_cgc/r_cgc.o
                0x00003448                R_CGC_SystemClockFreqGet
 .text.R_CGC_LCDClockEnable
                0x0000347c       0x50 ./synergy/ssp/src/driver/r_cgc/r_cgc.o
                0x0000347c                R_CGC_LCDClockEnable
 .text.R_CGC_LCDClockDisable
                0x000034cc       0x50 ./synergy/ssp/src/driver/r_cgc/r_cgc.o
                0x000034cc                R_CGC_LCDClockDisable
 .text.R_CGC_LCDClockCfg
                0x0000351c       0x80 ./synergy/ssp/src/driver/r_cgc/r_cgc.o
                0x0000351c                R_CGC_LCDClockCfg
 .text.R_CGC_SDRAMClockOutEnable
                0x0000359c       0x1c ./synergy/ssp/src/driver/r_cgc/r_cgc.o
                0x0000359c                R_CGC_SDRAMClockOutEnable
 .text.R_CGC_SDRAMClockOutDisable
                0x000035b8       0x1c ./synergy/ssp/src/driver/r_cgc/r_cgc.o
                0x000035b8                R_CGC_SDRAMClockOutDisable
 .text.R_CGC_USBClockCfg
                0x000035d4       0x20 ./synergy/ssp/src/driver/r_cgc/r_cgc.o
                0x000035d4                R_CGC_USBClockCfg
 .text.R_CGC_SystickUpdate.part.11
                0x000035f4       0x44 ./synergy/ssp/src/driver/r_cgc/r_cgc.o
 .text.R_CGC_SystickUpdate
                0x00003638        0xc ./synergy/ssp/src/driver/r_cgc/r_cgc.o
                0x00003638                R_CGC_SystickUpdate
 .text.R_CGC_SystemClockSet
                0x00003644      0x1c4 ./synergy/ssp/src/driver/r_cgc/r_cgc.o
                0x00003644                R_CGC_SystemClockSet
 .text.R_CGC_ClocksCfg
                0x00003808      0x16c ./synergy/ssp/src/driver/r_cgc/r_cgc.o
                0x00003808                R_CGC_ClocksCfg
 .text.R_ADC_VersionGet
                0x00003974       0x14 ./synergy/ssp/src/driver/r_adc/r_adc.o
                0x00003974                R_ADC_VersionGet
 .text.R_ADC_ScanStart
                0x00003988       0x48 ./synergy/ssp/src/driver/r_adc/r_adc.o
                0x00003988                R_ADC_ScanStart
 .text.R_ADC_ScanStop
                0x000039d0       0x34 ./synergy/ssp/src/driver/r_adc/r_adc.o
                0x000039d0                R_ADC_ScanStop
 .text.R_ADC_CheckScanDone
                0x00003a04       0x28 ./synergy/ssp/src/driver/r_adc/r_adc.o
                0x00003a04                R_ADC_CheckScanDone
 .text.R_ADC_Read
                0x00003a2c       0x60 ./synergy/ssp/src/driver/r_adc/r_adc.o
                0x00003a2c                R_ADC_Read
 .text.R_ADC_SetSampleStateCount
                0x00003a8c       0x60 ./synergy/ssp/src/driver/r_adc/r_adc.o
                0x00003a8c                R_ADC_SetSampleStateCount
 .text.R_ADC_InfoGet
                0x00003aec       0xf4 ./synergy/ssp/src/driver/r_adc/r_adc.o
                0x00003aec                R_ADC_InfoGet
 .text.r_adc_close_sub
                0x00003be0       0x68 ./synergy/ssp/src/driver/r_adc/r_adc.o
 .text.R_ADC_Close
                0x00003c48       0xcc ./synergy/ssp/src/driver/r_adc/r_adc.o
                0x00003c48                R_ADC_Close
 .text.R_ADC_ScanConfigure
                0x00003d14      0x3dc ./synergy/ssp/src/driver/r_adc/r_adc.o
                0x00003d14                R_ADC_ScanConfigure
 .text.R_ADC_Open
                0x000040f0      0x3a0 ./synergy/ssp/src/driver/r_adc/r_adc.o
                0x000040f0                R_ADC_Open
 .text.adc_scan_end_isr
                0x00004490       0x50 ./synergy/ssp/src/driver/r_adc/r_adc.o
                0x00004490                adc_scan_end_isr
 .text.R_BSP_CacheOff
                0x000044e0       0x28 ./synergy/ssp/src/bsp/mcu/s7g2/bsp_cache.o
                0x000044e0                R_BSP_CacheOff
 .text.R_BSP_CacheSet
                0x00004508       0x48 ./synergy/ssp/src/bsp/mcu/s7g2/bsp_cache.o
                0x00004508                R_BSP_CacheSet
 .text.bsp_clock_init
                0x00004550       0x90 ./synergy/ssp/src/bsp/mcu/s7g2/bsp_clocks.o
                0x00004550                bsp_clock_init
 .text.bsp_cpu_clock_get
                0x000045e0       0x20 ./synergy/ssp/src/bsp/mcu/s7g2/bsp_clocks.o
                0x000045e0                bsp_cpu_clock_get
 .text.bsp_clock_set_callback
                0x00004600      0x104 ./synergy/ssp/src/bsp/mcu/s7g2/bsp_clocks.o
                0x00004600                bsp_clock_set_callback
 .text.R_BSP_FeatureAdcGet
                0x00004704       0x20 ./synergy/ssp/src/bsp/mcu/s7g2/bsp_feature.o
                0x00004704                R_BSP_FeatureAdcGet
 .text.R_BSP_FeatureIoportGet
                0x00004724        0xc ./synergy/ssp/src/bsp/mcu/s7g2/bsp_feature.o
                0x00004724                R_BSP_FeatureIoportGet
 .text.R_BSP_FeatureCgcGet
                0x00004730        0xc ./synergy/ssp/src/bsp/mcu/s7g2/bsp_feature.o
                0x00004730                R_BSP_FeatureCgcGet
 .text.bsp_group_interrupt_open
                0x0000473c       0x18 ./synergy/ssp/src/bsp/mcu/s7g2/bsp_group_irq.o
                0x0000473c                bsp_group_interrupt_open
 .text.R_BSP_GroupIrqWrite
                0x00004754       0x10 ./synergy/ssp/src/bsp/mcu/s7g2/bsp_group_irq.o
                0x00004754                R_BSP_GroupIrqWrite
 .text.NMI_Handler
                0x00004764      0x1f4 ./synergy/ssp/src/bsp/mcu/s7g2/bsp_group_irq.o
                0x00004764                NMI_Handler
 .text.r_bsp_module_start_stop
                0x00004958       0xb4 ./synergy/ssp/src/bsp/mcu/s7g2/bsp_module_stop.o
 .text.R_BSP_ModuleStop
                0x00004a0c        0x8 ./synergy/ssp/src/bsp/mcu/s7g2/bsp_module_stop.o
                0x00004a0c                R_BSP_ModuleStop
 .text.R_BSP_ModuleStart
                0x00004a14        0x8 ./synergy/ssp/src/bsp/mcu/s7g2/bsp_module_stop.o
                0x00004a14                R_BSP_ModuleStart
 .text.bsp_init_internal
                0x00004a1c        0x4 ./synergy/ssp/src/bsp/mcu/all/bsp_common.o
                0x00004a1c                bsp_init_internal
                0x00004a1c                bsp_init
 .text.R_BSP_IrqStatusClear
                0x00004a20       0x18 ./synergy/ssp/src/bsp/mcu/all/bsp_irq.o
                0x00004a20                R_BSP_IrqStatusClear
 .text.bsp_irq_cfg
                0x00004a38       0x40 ./synergy/ssp/src/bsp/mcu/all/bsp_irq.o
                0x00004a38                bsp_irq_cfg
 .text.R_BSP_HardwareLock
                0x00004a78       0x68 ./synergy/ssp/src/bsp/mcu/all/bsp_locking.o
                0x00004a78                R_BSP_HardwareLock
 .text.R_BSP_HardwareUnlock
                0x00004ae0       0x4c ./synergy/ssp/src/bsp/mcu/all/bsp_locking.o
                0x00004ae0                R_BSP_HardwareUnlock
 .text.bsp_init_hardware_locks
                0x00004b2c       0x44 ./synergy/ssp/src/bsp/mcu/all/bsp_locking.o
                0x00004b2c                bsp_init_hardware_locks
 .text.R_BSP_RegisterProtectEnable
                0x00004b70       0x60 ./synergy/ssp/src/bsp/mcu/all/bsp_register_protection.o
                0x00004b70                R_BSP_RegisterProtectEnable
 .text.R_BSP_RegisterProtectDisable
                0x00004bd0       0x50 ./synergy/ssp/src/bsp/mcu/all/bsp_register_protection.o
                0x00004bd0                R_BSP_RegisterProtectDisable
 .text.bsp_register_protect_open
                0x00004c20       0x10 ./synergy/ssp/src/bsp/mcu/all/bsp_register_protection.o
                0x00004c20                bsp_register_protect_open
 .text._sbrk    0x00004c30       0x40 ./synergy/ssp/src/bsp/mcu/all/bsp_sbrk.o
                0x00004c30                _sbrk
 .text.Default_Handler
                0x00004c70        0x4 ./synergy/ssp/src/bsp/cmsis/Device/RENESAS/S7G2/Source/startup_S7G2.o
                0x00004c70                HardFault_Handler
                0x00004c70                UsageFault_Handler
                0x00004c70                Default_Handler
                0x00004c70                MemManage_Handler
                0x00004c70                SVC_Handler
                0x00004c70                BusFault_Handler
                0x00004c70                DebugMon_Handler
 .text.Reset_Handler
                0x00004c74        0xc ./synergy/ssp/src/bsp/cmsis/Device/RENESAS/S7G2/Source/startup_S7G2.o
                0x00004c74                Reset_Handler
 .text.R_BSP_WarmStart
                0x00004c80        0x4 ./synergy/ssp/src/bsp/cmsis/Device/RENESAS/S7G2/Source/system_S7G2.o
                0x00004c80                R_BSP_WarmStart
 .text.SystemInit
                0x00004c84       0xe0 ./synergy/ssp/src/bsp/cmsis/Device/RENESAS/S7G2/Source/system_S7G2.o
                0x00004c84                SystemInit
 .text.PWM_thread_func
                0x00004d64       0x50 ./src/synergy_gen/PWM_thread.o
 .text.PWM_thread_create
                0x00004db4       0x4c ./src/synergy_gen/PWM_thread.o
                0x00004db4                PWM_thread_create
 .text.adc_example_func
                0x00004e00       0x50 ./src/synergy_gen/adc_example.o
 .text.adc_example_create
                0x00004e50       0x4c ./src/synergy_gen/adc_example.o
                0x00004e50                adc_example_create
 .text.g_common_init
                0x00004e9c        0x4 ./src/synergy_gen/common_data.o
                0x00004e9c                g_common_init
 .text.g_hal_init
                0x00004ea0        0x4 ./src/synergy_gen/hal_data.o
                0x00004ea0                g_hal_init
 .text.tx_application_define_internal
                0x00004ea4        0x4 ./src/synergy_gen/main.o
                0x00004ea4                tx_application_define_user
                0x00004ea4                tx_application_define_internal
 .text.tx_application_define
                0x00004ea8       0x3c ./src/synergy_gen/main.o
                0x00004ea8                tx_application_define
 .text.startup.main
                0x00004ee4        0xc ./src/synergy_gen/main.o
                0x00004ee4                main
 .text.PWM_thread_entry
                0x00004ef0       0x5c ./src/PWM_thread_entry.o
                0x00004ef0                PWM_thread_entry
 .text.adc_example_entry
                0x00004f4c       0x8c ./src/adc_example_entry.o
                0x00004f4c                adc_example_entry
 .text.g_adc_framework_user_callback
                0x00004fd8       0x24 ./src/adc_example_entry.o
                0x00004fd8                g_adc_framework_user_callback
 .text._txe_mutex_create
                0x00004ffc       0xb0 C:\Users\alana\e2_studio\workspace\ADC_FRAMEWORK\synergy\ssp\src\framework\el\tx\cm4_gcc\libtx.a(txe_mutex_create.o)
                0x00004ffc                _txe_mutex_create
 .text._txe_mutex_delete
                0x000050ac       0x2c C:\Users\alana\e2_studio\workspace\ADC_FRAMEWORK\synergy\ssp\src\framework\el\tx\cm4_gcc\libtx.a(txe_mutex_delete.o)
                0x000050ac                _txe_mutex_delete
 .text._txe_mutex_get
                0x000050d8       0x58 C:\Users\alana\e2_studio\workspace\ADC_FRAMEWORK\synergy\ssp\src\framework\el\tx\cm4_gcc\libtx.a(txe_mutex_get.o)
                0x000050d8                _txe_mutex_get
 .text._txe_mutex_put
                0x00005130       0x38 C:\Users\alana\e2_studio\workspace\ADC_FRAMEWORK\synergy\ssp\src\framework\el\tx\cm4_gcc\libtx.a(txe_mutex_put.o)
                0x00005130                _txe_mutex_put
 .text._txe_semaphore_create
                0x00005168       0xa8 C:\Users\alana\e2_studio\workspace\ADC_FRAMEWORK\synergy\ssp\src\framework\el\tx\cm4_gcc\libtx.a(txe_semaphore_create.o)
                0x00005168                _txe_semaphore_create
 .text._txe_semaphore_get
                0x00005210       0x2c C:\Users\alana\e2_studio\workspace\ADC_FRAMEWORK\synergy\ssp\src\framework\el\tx\cm4_gcc\libtx.a(txe_semaphore_get.o)
                0x00005210                _txe_semaphore_get
 .text._txe_semaphore_put
                0x0000523c       0x18 C:\Users\alana\e2_studio\workspace\ADC_FRAMEWORK\synergy\ssp\src\framework\el\tx\cm4_gcc\libtx.a(txe_semaphore_put.o)
                0x0000523c                _txe_semaphore_put
 .text._txe_thread_create
                0x00005254      0x144 C:\Users\alana\e2_studio\workspace\ADC_FRAMEWORK\synergy\ssp\src\framework\el\tx\cm4_gcc\libtx.a(txe_thread_create.o)
                0x00005254                _txe_thread_create
 .text._tx_initialize_high_level
                0x00005398       0x90 C:\Users\alana\e2_studio\workspace\ADC_FRAMEWORK\synergy\ssp\src\framework\el\tx\cm4_gcc\libtx.a(tx_initialize_high_level.o)
                0x00005398                _tx_initialize_high_level
 .text._tx_initialize_kernel_enter
                0x00005428       0x3c C:\Users\alana\e2_studio\workspace\ADC_FRAMEWORK\synergy\ssp\src\framework\el\tx\cm4_gcc\libtx.a(tx_initialize_kernel_enter.o)
                0x00005428                _tx_initialize_kernel_enter
 .text.tx_isr_end
                0x00005464        0x4 C:\Users\alana\e2_studio\workspace\ADC_FRAMEWORK\synergy\ssp\src\framework\el\tx\cm4_gcc\libtx.a(tx_isr_end.o)
                0x00005464                tx_isr_end
 .text.tx_isr_start
                0x00005468        0x4 C:\Users\alana\e2_studio\workspace\ADC_FRAMEWORK\synergy\ssp\src\framework\el\tx\cm4_gcc\libtx.a(tx_isr_start.o)
                0x00005468                tx_isr_start
 .text._tx_mutex_create
                0x0000546c       0x60 C:\Users\alana\e2_studio\workspace\ADC_FRAMEWORK\synergy\ssp\src\framework\el\tx\cm4_gcc\libtx.a(tx_mutex_create.o)
                0x0000546c                _tx_mutex_create
 .text._tx_mutex_delete
                0x000054cc       0xc0 C:\Users\alana\e2_studio\workspace\ADC_FRAMEWORK\synergy\ssp\src\framework\el\tx\cm4_gcc\libtx.a(tx_mutex_delete.o)
                0x000054cc                _tx_mutex_delete
 .text._tx_mutex_get
                0x0000558c       0xe4 C:\Users\alana\e2_studio\workspace\ADC_FRAMEWORK\synergy\ssp\src\framework\el\tx\cm4_gcc\libtx.a(tx_mutex_get.o)
                0x0000558c                _tx_mutex_get
 .text._tx_mutex_priority_change
                0x00005670       0xc4 C:\Users\alana\e2_studio\workspace\ADC_FRAMEWORK\synergy\ssp\src\framework\el\tx\cm4_gcc\libtx.a(tx_mutex_priority_change.o)
                0x00005670                _tx_mutex_priority_change
 .text._tx_mutex_put
                0x00005734      0x210 C:\Users\alana\e2_studio\workspace\ADC_FRAMEWORK\synergy\ssp\src\framework\el\tx\cm4_gcc\libtx.a(tx_mutex_put.o)
                0x00005734                _tx_mutex_put
 .text._tx_semaphore_create
                0x00005944       0x54 C:\Users\alana\e2_studio\workspace\ADC_FRAMEWORK\synergy\ssp\src\framework\el\tx\cm4_gcc\libtx.a(tx_semaphore_create.o)
                0x00005944                _tx_semaphore_create
 .text._tx_semaphore_get
                0x00005998       0x7c C:\Users\alana\e2_studio\workspace\ADC_FRAMEWORK\synergy\ssp\src\framework\el\tx\cm4_gcc\libtx.a(tx_semaphore_get.o)
                0x00005998                _tx_semaphore_get
 .text._tx_semaphore_put
                0x00005a14       0x54 C:\Users\alana\e2_studio\workspace\ADC_FRAMEWORK\synergy\ssp\src\framework\el\tx\cm4_gcc\libtx.a(tx_semaphore_put.o)
                0x00005a14                _tx_semaphore_put
 .text._tx_thread_create
                0x00005a68      0x13c C:\Users\alana\e2_studio\workspace\ADC_FRAMEWORK\synergy\ssp\src\framework\el\tx\cm4_gcc\libtx.a(tx_thread_create.o)
                0x00005a68                _tx_thread_create
 .text._tx_thread_initialize
                0x00005ba4       0x68 C:\Users\alana\e2_studio\workspace\ADC_FRAMEWORK\synergy\ssp\src\framework\el\tx\cm4_gcc\libtx.a(tx_thread_initialize.o)
                0x00005ba4                _tx_thread_initialize
 .text._tx_thread_shell_entry
                0x00005c0c       0x48 C:\Users\alana\e2_studio\workspace\ADC_FRAMEWORK\synergy\ssp\src\framework\el\tx\cm4_gcc\libtx.a(tx_thread_shell_entry.o)
                0x00005c0c                _tx_thread_shell_entry
 .text._tx_thread_sleep
                0x00005c54       0x5c C:\Users\alana\e2_studio\workspace\ADC_FRAMEWORK\synergy\ssp\src\framework\el\tx\cm4_gcc\libtx.a(tx_thread_sleep.o)
                0x00005c54                _tx_thread_sleep
 .text._tx_thread_system_preempt_check
                0x00005cb0       0x3c C:\Users\alana\e2_studio\workspace\ADC_FRAMEWORK\synergy\ssp\src\framework\el\tx\cm4_gcc\libtx.a(tx_thread_system_preempt_check.o)
                0x00005cb0                _tx_thread_system_preempt_check
 .text._tx_thread_system_resume
                0x00005cec       0xec C:\Users\alana\e2_studio\workspace\ADC_FRAMEWORK\synergy\ssp\src\framework\el\tx\cm4_gcc\libtx.a(tx_thread_system_resume.o)
                0x00005cec                _tx_thread_system_resume
 .text._tx_thread_system_suspend
                0x00005dd8      0x104 C:\Users\alana\e2_studio\workspace\ADC_FRAMEWORK\synergy\ssp\src\framework\el\tx\cm4_gcc\libtx.a(tx_thread_system_suspend.o)
                0x00005dd8                _tx_thread_system_suspend
 .text._tx_thread_timeout
                0x00005edc       0x2c C:\Users\alana\e2_studio\workspace\ADC_FRAMEWORK\synergy\ssp\src\framework\el\tx\cm4_gcc\libtx.a(tx_thread_timeout.o)
                0x00005edc                _tx_thread_timeout
 .text._tx_timer_initialize
                0x00005f08       0x7c C:\Users\alana\e2_studio\workspace\ADC_FRAMEWORK\synergy\ssp\src\framework\el\tx\cm4_gcc\libtx.a(tx_timer_initialize.o)
                0x00005f08                _tx_timer_initialize
 .text._tx_timer_system_activate
                0x00005f84       0x54 C:\Users\alana\e2_studio\workspace\ADC_FRAMEWORK\synergy\ssp\src\framework\el\tx\cm4_gcc\libtx.a(tx_timer_system_activate.o)
                0x00005f84                _tx_timer_system_activate
 .text._tx_timer_system_deactivate
                0x00005fd8       0x2c C:\Users\alana\e2_studio\workspace\ADC_FRAMEWORK\synergy\ssp\src\framework\el\tx\cm4_gcc\libtx.a(tx_timer_system_deactivate.o)
                0x00005fd8                _tx_timer_system_deactivate
 .text._tx_initialize_low_level
                0x00006004       0x80 C:\Users\alana\e2_studio\workspace\ADC_FRAMEWORK\synergy\ssp\src\framework\el\tx\cm4_gcc\libtx.a(tx_initialize_low_level.o)
                0x00006004                _tx_initialize_low_level
 .text._tx_thread_schedule
                0x00006084       0x60 C:\Users\alana\e2_studio\workspace\ADC_FRAMEWORK\synergy\ssp\src\framework\el\tx\cm4_gcc\libtx.a(tx_thread_schedule.o)
                0x00006084                _tx_thread_schedule
 .text.PendSV_Handler
                0x000060e4      0x14c C:\Users\alana\e2_studio\workspace\ADC_FRAMEWORK\synergy\ssp\src\framework\el\tx\cm4_gcc\libtx.a(tx_thread_schedule.o)
                0x000060e4                PendSV_Handler
 .text.SysTick_Handler
                0x00006230        0x4 C:\Users\alana\e2_studio\workspace\ADC_FRAMEWORK\synergy\ssp\src\framework\el\tx\cm4_gcc\libtx.a(tx_thread_schedule.o)
                0x00006230                SysTick_Handler
 .text._tx_thread_stack_build
                0x00006234       0x48 C:\Users\alana\e2_studio\workspace\ADC_FRAMEWORK\synergy\ssp\src\framework\el\tx\cm4_gcc\libtx.a(tx_thread_stack_build.o)
                0x00006234                _tx_thread_stack_build
 .text._tx_timer_interrupt
                0x0000627c       0xd4 C:\Users\alana\e2_studio\workspace\ADC_FRAMEWORK\synergy\ssp\src\framework\el\tx\cm4_gcc\libtx.a(tx_timer_interrupt.o)
                0x0000627c                _tx_timer_interrupt
 .text._tx_mutex_cleanup
                0x00006350       0x6c C:\Users\alana\e2_studio\workspace\ADC_FRAMEWORK\synergy\ssp\src\framework\el\tx\cm4_gcc\libtx.a(tx_mutex_cleanup.o)
                0x00006350                _tx_mutex_cleanup
 .text._tx_mutex_thread_release
                0x000063bc       0x44 C:\Users\alana\e2_studio\workspace\ADC_FRAMEWORK\synergy\ssp\src\framework\el\tx\cm4_gcc\libtx.a(tx_mutex_cleanup.o)
                0x000063bc                _tx_mutex_thread_release
 .text._tx_mutex_prioritize
                0x00006400       0xa8 C:\Users\alana\e2_studio\workspace\ADC_FRAMEWORK\synergy\ssp\src\framework\el\tx\cm4_gcc\libtx.a(tx_mutex_prioritize.o)
                0x00006400                _tx_mutex_prioritize
 .text._tx_semaphore_cleanup
                0x000064a8       0x6c C:\Users\alana\e2_studio\workspace\ADC_FRAMEWORK\synergy\ssp\src\framework\el\tx\cm4_gcc\libtx.a(tx_semaphore_cleanup.o)
                0x000064a8                _tx_semaphore_cleanup
 .text._tx_thread_time_slice
                0x00006514       0x74 C:\Users\alana\e2_studio\workspace\ADC_FRAMEWORK\synergy\ssp\src\framework\el\tx\cm4_gcc\libtx.a(tx_thread_time_slice.o)
                0x00006514                _tx_thread_time_slice
 .text._tx_timer_expiration_process
                0x00006588      0x10c C:\Users\alana\e2_studio\workspace\ADC_FRAMEWORK\synergy\ssp\src\framework\el\tx\cm4_gcc\libtx.a(tx_timer_expiration_process.o)
                0x00006588                _tx_timer_expiration_process
 .text          0x00006694       0x30 c:/program files (x86)/gnu tools arm embedded/4.9 2015q3/bin/../lib/gcc/arm-none-eabi/4.9.3/armv7e-m/fpu\libgcc.a(_aeabi_uldivmod.o)
                0x00006694                __aeabi_uldivmod
 .text          0x000066c4       0x60 c:/program files (x86)/gnu tools arm embedded/4.9 2015q3/bin/../lib/gcc/arm-none-eabi/4.9.3/armv7e-m/fpu\libgcc.a(bpabi.o)
                0x000066c4                __gnu_ldivmod_helper
                0x000066f4                __gnu_uldivmod_helper
 .text          0x00006724        0x4 c:/program files (x86)/gnu tools arm embedded/4.9 2015q3/bin/../lib/gcc/arm-none-eabi/4.9.3/armv7e-m/fpu\libgcc.a(_dvmd_tls.o)
                0x00006724                __aeabi_idiv0
                0x00006724                __aeabi_ldiv0
 .text          0x00006728      0x29c c:/program files (x86)/gnu tools arm embedded/4.9 2015q3/bin/../lib/gcc/arm-none-eabi/4.9.3/armv7e-m/fpu\libgcc.a(_divdi3.o)
                0x00006728                __divdi3
 .text          0x000069c4      0x26c c:/program files (x86)/gnu tools arm embedded/4.9 2015q3/bin/../lib/gcc/arm-none-eabi/4.9.3/armv7e-m/fpu\libgcc.a(_udivdi3.o)
                0x000069c4                __udivdi3
 .text.__errno  0x00006c30        0xc c:/program files (x86)/gnu tools arm embedded/4.9 2015q3/bin/../lib/gcc/arm-none-eabi/4.9.3/../../../../arm-none-eabi/lib/armv7e-m/fpu\libg_nano.a(lib_a-errno.o)
                0x00006c30                __errno
 .text.memset   0x00006c3c       0x10 c:/program files (x86)/gnu tools arm embedded/4.9 2015q3/bin/../lib/gcc/arm-none-eabi/4.9.3/../../../../arm-none-eabi/lib/armv7e-m/fpu\libg_nano.a(lib_a-memset.o)
                0x00006c3c                memset
 .text.printf   0x00006c4c       0x30 c:/program files (x86)/gnu tools arm embedded/4.9 2015q3/bin/../lib/gcc/arm-none-eabi/4.9.3/../../../../arm-none-eabi/lib/armv7e-m/fpu\libg_nano.a(lib_a-printf.o)
                0x00006c4c                iprintf
                0x00006c4c                printf
 .text._cleanup_r
                0x00006c7c        0xc c:/program files (x86)/gnu tools arm embedded/4.9 2015q3/bin/../lib/gcc/arm-none-eabi/4.9.3/../../../../arm-none-eabi/lib/armv7e-m/fpu\libg_nano.a(lib_a-findfp.o)
                0x00006c7c                _cleanup_r
 .text.std.isra.0
                0x00006c88       0x48 c:/program files (x86)/gnu tools arm embedded/4.9 2015q3/bin/../lib/gcc/arm-none-eabi/4.9.3/../../../../arm-none-eabi/lib/armv7e-m/fpu\libg_nano.a(lib_a-findfp.o)
 .text.__sfmoreglue
                0x00006cd0       0x2c c:/program files (x86)/gnu tools arm embedded/4.9 2015q3/bin/../lib/gcc/arm-none-eabi/4.9.3/../../../../arm-none-eabi/lib/armv7e-m/fpu\libg_nano.a(lib_a-findfp.o)
                0x00006cd0                __sfmoreglue
 .text.__sinit  0x00006cfc       0x60 c:/program files (x86)/gnu tools arm embedded/4.9 2015q3/bin/../lib/gcc/arm-none-eabi/4.9.3/../../../../arm-none-eabi/lib/armv7e-m/fpu\libg_nano.a(lib_a-findfp.o)
                0x00006cfc                __sinit
 .text.__sfp    0x00006d5c       0x74 c:/program files (x86)/gnu tools arm embedded/4.9 2015q3/bin/../lib/gcc/arm-none-eabi/4.9.3/../../../../arm-none-eabi/lib/armv7e-m/fpu\libg_nano.a(lib_a-findfp.o)
                0x00006d5c                __sfp
 .text._fwalk_reent
                0x00006dd0       0x3c c:/program files (x86)/gnu tools arm embedded/4.9 2015q3/bin/../lib/gcc/arm-none-eabi/4.9.3/../../../../arm-none-eabi/lib/armv7e-m/fpu\libg_nano.a(lib_a-fwalk.o)
                0x00006dd0                _fwalk_reent
 .text._malloc_r
                0x00006e0c       0xac c:/program files (x86)/gnu tools arm embedded/4.9 2015q3/bin/../lib/gcc/arm-none-eabi/4.9.3/../../../../arm-none-eabi/lib/armv7e-m/fpu\libg_nano.a(lib_a-nano-mallocr.o)
                0x00006e0c                _malloc_r
 .text.__sfputc_r
                0x00006eb8       0x2c c:/program files (x86)/gnu tools arm embedded/4.9 2015q3/bin/../lib/gcc/arm-none-eabi/4.9.3/../../../../arm-none-eabi/lib/armv7e-m/fpu\libg_nano.a(lib_a-nano-vfprintf.o)
 .text.__sfputs_r
                0x00006ee4       0x24 c:/program files (x86)/gnu tools arm embedded/4.9 2015q3/bin/../lib/gcc/arm-none-eabi/4.9.3/../../../../arm-none-eabi/lib/armv7e-m/fpu\libg_nano.a(lib_a-nano-vfprintf.o)
                0x00006ee4                __sfputs_r
 .text._vfprintf_r
                0x00006f08      0x210 c:/program files (x86)/gnu tools arm embedded/4.9 2015q3/bin/../lib/gcc/arm-none-eabi/4.9.3/../../../../arm-none-eabi/lib/armv7e-m/fpu\libg_nano.a(lib_a-nano-vfprintf.o)
                0x00006f08                _vfprintf_r
                0x00006f08                _vfiprintf_r
 .text._printf_common
                0x00007118       0xea c:/program files (x86)/gnu tools arm embedded/4.9 2015q3/bin/../lib/gcc/arm-none-eabi/4.9.3/../../../../arm-none-eabi/lib/armv7e-m/fpu\libg_nano.a(lib_a-nano-vfprintf_i.o)
                0x00007118                _printf_common
 *fill*         0x00007202        0x2 ff
 .text._printf_i
                0x00007204      0x240 c:/program files (x86)/gnu tools arm embedded/4.9 2015q3/bin/../lib/gcc/arm-none-eabi/4.9.3/../../../../arm-none-eabi/lib/armv7e-m/fpu\libg_nano.a(lib_a-nano-vfprintf_i.o)
                0x00007204                _printf_i
 .text._sbrk_r  0x00007444       0x20 c:/program files (x86)/gnu tools arm embedded/4.9 2015q3/bin/../lib/gcc/arm-none-eabi/4.9.3/../../../../arm-none-eabi/lib/armv7e-m/fpu\libg_nano.a(lib_a-sbrkr.o)
                0x00007444                _sbrk_r
 .text.__sread  0x00007464       0x22 c:/program files (x86)/gnu tools arm embedded/4.9 2015q3/bin/../lib/gcc/arm-none-eabi/4.9.3/../../../../arm-none-eabi/lib/armv7e-m/fpu\libg_nano.a(lib_a-stdio.o)
                0x00007464                __sread
 .text.__swrite
                0x00007486       0x38 c:/program files (x86)/gnu tools arm embedded/4.9 2015q3/bin/../lib/gcc/arm-none-eabi/4.9.3/../../../../arm-none-eabi/lib/armv7e-m/fpu\libg_nano.a(lib_a-stdio.o)
                0x00007486                __swrite
 .text.__sseek  0x000074be       0x24 c:/program files (x86)/gnu tools arm embedded/4.9 2015q3/bin/../lib/gcc/arm-none-eabi/4.9.3/../../../../arm-none-eabi/lib/armv7e-m/fpu\libg_nano.a(lib_a-stdio.o)
                0x000074be                __sseek
 .text.__sclose
                0x000074e2        0x8 c:/program files (x86)/gnu tools arm embedded/4.9 2015q3/bin/../lib/gcc/arm-none-eabi/4.9.3/../../../../arm-none-eabi/lib/armv7e-m/fpu\libg_nano.a(lib_a-stdio.o)
                0x000074e2                __sclose
 *fill*         0x000074ea        0x2 ff
 .text.__swbuf_r
                0x000074ec       0xa8 c:/program files (x86)/gnu tools arm embedded/4.9 2015q3/bin/../lib/gcc/arm-none-eabi/4.9.3/../../../../arm-none-eabi/lib/armv7e-m/fpu\libg_nano.a(lib_a-wbuf.o)
                0x000074ec                __swbuf_r
 .text._write_r
                0x00007594       0x24 c:/program files (x86)/gnu tools arm embedded/4.9 2015q3/bin/../lib/gcc/arm-none-eabi/4.9.3/../../../../arm-none-eabi/lib/armv7e-m/fpu\libg_nano.a(lib_a-writer.o)
                0x00007594                _write_r
 .text.__swsetup_r
                0x000075b8       0xd8 c:/program files (x86)/gnu tools arm embedded/4.9 2015q3/bin/../lib/gcc/arm-none-eabi/4.9.3/../../../../arm-none-eabi/lib/armv7e-m/fpu\libg_nano.a(lib_a-wsetup.o)
                0x000075b8                __swsetup_r
 .text._close_r
                0x00007690       0x20 c:/program files (x86)/gnu tools arm embedded/4.9 2015q3/bin/../lib/gcc/arm-none-eabi/4.9.3/../../../../arm-none-eabi/lib/armv7e-m/fpu\libg_nano.a(lib_a-closer.o)
                0x00007690                _close_r
 .text.__sflush_r
                0x000076b0      0x108 c:/program files (x86)/gnu tools arm embedded/4.9 2015q3/bin/../lib/gcc/arm-none-eabi/4.9.3/../../../../arm-none-eabi/lib/armv7e-m/fpu\libg_nano.a(lib_a-fflush.o)
                0x000076b0                __sflush_r
 .text._fflush_r
                0x000077b8       0x54 c:/program files (x86)/gnu tools arm embedded/4.9 2015q3/bin/../lib/gcc/arm-none-eabi/4.9.3/../../../../arm-none-eabi/lib/armv7e-m/fpu\libg_nano.a(lib_a-fflush.o)
                0x000077b8                _fflush_r
 .text._lseek_r
                0x0000780c       0x24 c:/program files (x86)/gnu tools arm embedded/4.9 2015q3/bin/../lib/gcc/arm-none-eabi/4.9.3/../../../../arm-none-eabi/lib/armv7e-m/fpu\libg_nano.a(lib_a-lseekr.o)
                0x0000780c                _lseek_r
 .text.__smakebuf_r
                0x00007830       0x9c c:/program files (x86)/gnu tools arm embedded/4.9 2015q3/bin/../lib/gcc/arm-none-eabi/4.9.3/../../../../arm-none-eabi/lib/armv7e-m/fpu\libg_nano.a(lib_a-makebuf.o)
                0x00007830                __smakebuf_r
 .text.memchr   0x000078cc       0x1e c:/program files (x86)/gnu tools arm embedded/4.9 2015q3/bin/../lib/gcc/arm-none-eabi/4.9.3/../../../../arm-none-eabi/lib/armv7e-m/fpu\libg_nano.a(lib_a-memchr.o)
                0x000078cc                memchr
 *fill*         0x000078ea        0x2 ff
 .text._free_r  0x000078ec       0x88 c:/program files (x86)/gnu tools arm embedded/4.9 2015q3/bin/../lib/gcc/arm-none-eabi/4.9.3/../../../../arm-none-eabi/lib/armv7e-m/fpu\libg_nano.a(lib_a-nano-freer.o)
                0x000078ec                _free_r
 .text._read_r  0x00007974       0x24 c:/program files (x86)/gnu tools arm embedded/4.9 2015q3/bin/../lib/gcc/arm-none-eabi/4.9.3/../../../../arm-none-eabi/lib/armv7e-m/fpu\libg_nano.a(lib_a-readr.o)
                0x00007974                _read_r
 .text._fstat_r
                0x00007998       0x24 c:/program files (x86)/gnu tools arm embedded/4.9 2015q3/bin/../lib/gcc/arm-none-eabi/4.9.3/../../../../arm-none-eabi/lib/armv7e-m/fpu\libg_nano.a(lib_a-fstatr.o)
                0x00007998                _fstat_r
 .text._isatty_r
                0x000079bc       0x20 c:/program files (x86)/gnu tools arm embedded/4.9 2015q3/bin/../lib/gcc/arm-none-eabi/4.9.3/../../../../arm-none-eabi/lib/armv7e-m/fpu\libg_nano.a(lib_a-isattyr.o)
                0x000079bc                _isatty_r
 .text.findslot
                0x000079dc       0x34 c:/program files (x86)/gnu tools arm embedded/4.9 2015q3/bin/../lib/gcc/arm-none-eabi/4.9.3/../../../../arm-none-eabi/lib/armv7e-m/fpu\librdimon_nano.a(rdimon-syscalls.o)
 .text.error    0x00007a10       0x1c c:/program files (x86)/gnu tools arm embedded/4.9 2015q3/bin/../lib/gcc/arm-none-eabi/4.9.3/../../../../arm-none-eabi/lib/armv7e-m/fpu\librdimon_nano.a(rdimon-syscalls.o)
 .text.checkerror
                0x00007a2c        0xa c:/program files (x86)/gnu tools arm embedded/4.9 2015q3/bin/../lib/gcc/arm-none-eabi/4.9.3/../../../../arm-none-eabi/lib/armv7e-m/fpu\librdimon_nano.a(rdimon-syscalls.o)
 *fill*         0x00007a36        0x2 ff
 .text.initialise_monitor_handles
                0x00007a38       0xa4 c:/program files (x86)/gnu tools arm embedded/4.9 2015q3/bin/../lib/gcc/arm-none-eabi/4.9.3/../../../../arm-none-eabi/lib/armv7e-m/fpu\librdimon_nano.a(rdimon-syscalls.o)
                0x00007a38                initialise_monitor_handles
 .text._swiread
                0x00007adc       0x20 c:/program files (x86)/gnu tools arm embedded/4.9 2015q3/bin/../lib/gcc/arm-none-eabi/4.9.3/../../../../arm-none-eabi/lib/armv7e-m/fpu\librdimon_nano.a(rdimon-syscalls.o)
                0x00007adc                _swiread
 .text._read    0x00007afc       0x34 c:/program files (x86)/gnu tools arm embedded/4.9 2015q3/bin/../lib/gcc/arm-none-eabi/4.9.3/../../../../arm-none-eabi/lib/armv7e-m/fpu\librdimon_nano.a(rdimon-syscalls.o)
                0x00007afc                _read
 .text._swilseek
                0x00007b30       0x7a c:/program files (x86)/gnu tools arm embedded/4.9 2015q3/bin/../lib/gcc/arm-none-eabi/4.9.3/../../../../arm-none-eabi/lib/armv7e-m/fpu\librdimon_nano.a(rdimon-syscalls.o)
                0x00007b30                _swilseek
 .text._lseek   0x00007baa        0x4 c:/program files (x86)/gnu tools arm embedded/4.9 2015q3/bin/../lib/gcc/arm-none-eabi/4.9.3/../../../../arm-none-eabi/lib/armv7e-m/fpu\librdimon_nano.a(rdimon-syscalls.o)
                0x00007baa                _lseek
 .text._swiwrite
                0x00007bae       0x20 c:/program files (x86)/gnu tools arm embedded/4.9 2015q3/bin/../lib/gcc/arm-none-eabi/4.9.3/../../../../arm-none-eabi/lib/armv7e-m/fpu\librdimon_nano.a(rdimon-syscalls.o)
                0x00007bae                _swiwrite
 .text._write   0x00007bce       0x42 c:/program files (x86)/gnu tools arm embedded/4.9 2015q3/bin/../lib/gcc/arm-none-eabi/4.9.3/../../../../arm-none-eabi/lib/armv7e-m/fpu\librdimon_nano.a(rdimon-syscalls.o)
                0x00007bce                _write
 .text._swiclose
                0x00007c10       0x1c c:/program files (x86)/gnu tools arm embedded/4.9 2015q3/bin/../lib/gcc/arm-none-eabi/4.9.3/../../../../arm-none-eabi/lib/armv7e-m/fpu\librdimon_nano.a(rdimon-syscalls.o)
                0x00007c10                _swiclose
 .text._close   0x00007c2c       0x48 c:/program files (x86)/gnu tools arm embedded/4.9 2015q3/bin/../lib/gcc/arm-none-eabi/4.9.3/../../../../arm-none-eabi/lib/armv7e-m/fpu\librdimon_nano.a(rdimon-syscalls.o)
                0x00007c2c                _close
 .text._swistat
                0x00007c74       0x42 c:/program files (x86)/gnu tools arm embedded/4.9 2015q3/bin/../lib/gcc/arm-none-eabi/4.9.3/../../../../arm-none-eabi/lib/armv7e-m/fpu\librdimon_nano.a(rdimon-syscalls.o)
                0x00007c74                _swistat
 .text._fstat   0x00007cb6       0x1c c:/program files (x86)/gnu tools arm embedded/4.9 2015q3/bin/../lib/gcc/arm-none-eabi/4.9.3/../../../../arm-none-eabi/lib/armv7e-m/fpu\librdimon_nano.a(rdimon-syscalls.o)
                0x00007cb6                _fstat
 .text._isatty  0x00007cd2       0x38 c:/program files (x86)/gnu tools arm embedded/4.9 2015q3/bin/../lib/gcc/arm-none-eabi/4.9.3/../../../../arm-none-eabi/lib/armv7e-m/fpu\librdimon_nano.a(rdimon-syscalls.o)
                0x00007cd2                _isatty
 *(.version)
 *fill*         0x00007d0a        0x2 ff
 .version       0x00007d0c       0x60 ./synergy/ssp/src/bsp/mcu/all/bsp_common.o
 *(.init)
 .init          0x00007d6c        0x4 c:/program files (x86)/gnu tools arm embedded/4.9 2015q3/bin/../lib/gcc/arm-none-eabi/4.9.3/armv7e-m/fpu/crti.o
                0x00007d6c                _init
 .init          0x00007d70        0x8 c:/program files (x86)/gnu tools arm embedded/4.9 2015q3/bin/../lib/gcc/arm-none-eabi/4.9.3/armv7e-m/fpu/crtn.o
 *(.fini)
 .fini          0x00007d78        0x4 c:/program files (x86)/gnu tools arm embedded/4.9 2015q3/bin/../lib/gcc/arm-none-eabi/4.9.3/armv7e-m/fpu/crti.o
                0x00007d78                _fini
 .fini          0x00007d7c        0x8 c:/program files (x86)/gnu tools arm embedded/4.9 2015q3/bin/../lib/gcc/arm-none-eabi/4.9.3/armv7e-m/fpu/crtn.o
 *crtbegin.o(.ctors)
 *crtbegin?.o(.ctors)
 *(EXCLUDE_FILE(*crtend.o *crtend?.o) .ctors)
 *(SORT(.ctors.*))
 *(.ctors)
 *crtbegin.o(.dtors)
 *crtbegin?.o(.dtors)
 *(EXCLUDE_FILE(*crtend.o *crtend?.o) .dtors)
 *(SORT(.dtors.*))
 *(.dtors)
 *(.rodata*)
 .rodata.s_sf_adc_periodic_version
                0x00007d84        0x4 ./synergy/ssp/src/framework/sf_adc_periodic/sf_adc_periodic.o
 .rodata.g_sf_adc_periodic_on_sf_adc_periodic
                0x00007d88       0x14 ./synergy/ssp/src/framework/sf_adc_periodic/sf_adc_periodic.o
                0x00007d88                g_sf_adc_periodic_on_sf_adc_periodic
 .rodata.g_ioport_on_ioport
                0x00007d9c       0x3c ./synergy/ssp/src/driver/r_ioport/r_ioport.o
                0x00007d9c                g_ioport_on_ioport
 .rodata.g_vbatt_pins_input
                0x00007dd8        0x6 ./synergy/ssp/src/driver/r_ioport/r_ioport.o
 *fill*         0x00007dde        0x2 ff
 .rodata.g_timer_on_gpt
                0x00007de0       0x28 ./synergy/ssp/src/driver/r_gpt/r_gpt.o
                0x00007de0                g_timer_on_gpt
 .rodata.g_gpt_version
                0x00007e08        0x4 ./synergy/ssp/src/driver/r_gpt/r_gpt.o
 .rodata.bit_count_mask
                0x00007e0c        0x8 ./synergy/ssp/src/driver/r_fmi/r_fmi.o
 .rodata.bit_count
                0x00007e14       0x80 ./synergy/ssp/src/driver/r_fmi/r_fmi.o
 .rodata.g_fmi_on_fmi
                0x00007e94       0x18 ./synergy/ssp/src/driver/r_fmi/r_fmi.o
                0x00007e94                g_fmi_on_fmi
 .rodata.g_fmi_version
                0x00007eac        0x4 ./synergy/ssp/src/driver/r_fmi/r_fmi.o
 .rodata.g_elc_on_elc
                0x00007eb0       0x1c ./synergy/ssp/src/driver/r_elc/r_elc.o
                0x00007eb0                g_elc_on_elc
 .rodata.s_elc_version
                0x00007ecc        0x4 ./synergy/ssp/src/driver/r_elc/r_elc.o
 .rodata.g_transfer_on_dtc
                0x00007ed0       0x28 ./synergy/ssp/src/driver/r_dtc/r_dtc.o
                0x00007ed0                g_transfer_on_dtc
 .rodata.g_dtc_version
                0x00007ef8        0x4 ./synergy/ssp/src/driver/r_dtc/r_dtc.o
 .rodata.g_pllccr2_div_value
                0x00007efc        0x6 ./synergy/ssp/src/driver/r_cgc/hw/hw_cgc.o
 *fill*         0x00007f02        0x2 ff
 .rodata.g_pllccr_div_value
                0x00007f04        0x6 ./synergy/ssp/src/driver/r_cgc/hw/hw_cgc.o
 *fill*         0x00007f0a        0x2 ff
 .rodata.g_pllccr_div_setting
                0x00007f0c        0x6 ./synergy/ssp/src/driver/r_cgc/hw/hw_cgc.o
 *fill*         0x00007f12        0x2 ff
 .rodata.g_pllccr2_div_setting
                0x00007f14        0x8 ./synergy/ssp/src/driver/r_cgc/hw/hw_cgc.o
 .rodata.g_cgc_on_cgc
                0x00007f1c       0x60 ./synergy/ssp/src/driver/r_cgc/r_cgc.o
                0x00007f1c                g_cgc_on_cgc
 .rodata.g_lcd_clock_settings
                0x00007f7c        0x6 ./synergy/ssp/src/driver/r_cgc/r_cgc.o
 *fill*         0x00007f82        0x2 ff
 .rodata.g_cgc_version
                0x00007f84        0x4 ./synergy/ssp/src/driver/r_cgc/r_cgc.o
 .rodata.g_adc_on_adc
                0x00007f88       0x28 ./synergy/ssp/src/driver/r_adc/r_adc.o
                0x00007f88                g_adc_on_adc
 .rodata.s_adc_version
                0x00007fb0        0x4 ./synergy/ssp/src/driver/r_adc/r_adc.o
 .rodata.g_cgc_feature
                0x00007fb4       0x2c ./synergy/ssp/src/bsp/mcu/s7g2/bsp_feature.o
 .rodata.g_fmi_data
                0x00007fe0      0x400 ./synergy/ssp/src/bsp/mcu/s7g2/bsp_fmi_R7FS7G27G2A01CBD.o
                0x00007fe0                g_fmi_data
 .rodata.gp_mstp
                0x000083e0       0x10 ./synergy/ssp/src/bsp/mcu/s7g2/bsp_module_stop.o
 .rodata.g_bsp_module_stop
                0x000083f0       0x46 ./synergy/ssp/src/bsp/mcu/s7g2/bsp_module_stop.o
 *fill*         0x00008436        0x2 ff
 .rodata.gp_vector_information
                0x00008438        0x4 ./synergy/ssp/src/bsp/mcu/all/bsp_irq.o
                0x00008438                gp_vector_information
 .rodata.g_prcr_masks
                0x0000843c        0x6 ./synergy/ssp/src/bsp/mcu/all/bsp_register_protection.o
 *fill*         0x00008442        0x2 ff
 .rodata.g_elc_cfg
                0x00008444        0xc ./synergy/ssp/src/bsp/cmsis/Device/RENESAS/S7G2/Source/system_S7G2.o
 .rodata.g_timer1_extend
                0x00008450        0x4 ./src/synergy_gen/PWM_thread.o
 .rodata.str1.4
                0x00008454        0x4 ./src/synergy_gen/PWM_thread.o
 .rodata.g_timer1_cfg
                0x00008458       0x20 ./src/synergy_gen/PWM_thread.o
 .rodata.g_timer1
                0x00008478        0xc ./src/synergy_gen/PWM_thread.o
                0x00008478                g_timer1
 .rodata.g_adc0
                0x00008484       0x10 ./src/synergy_gen/adc_example.o
                0x00008484                g_adc0
 .rodata.g_transfer0
                0x00008494        0xc ./src/synergy_gen/adc_example.o
                0x00008494                g_transfer0
 .rodata.g_timer0_extend
                0x000084a0        0x4 ./src/synergy_gen/adc_example.o
 .rodata.g_adc0_cfg
                0x000084a4       0x18 ./src/synergy_gen/adc_example.o
                0x000084a4                g_adc0_cfg
 .rodata.g_transfer0_cfg
                0x000084bc       0x14 ./src/synergy_gen/adc_example.o
                0x000084bc                g_transfer0_cfg
 .rodata.str1.4
                0x000084d0       0x13 ./src/synergy_gen/adc_example.o
 *fill*         0x000084e3        0x1 ff
 .rodata.g_adc0_channel_cfg
                0x000084e4       0x14 ./src/synergy_gen/adc_example.o
                0x000084e4                g_adc0_channel_cfg
 .rodata.g_timer0_cfg
                0x000084f8       0x20 ./src/synergy_gen/adc_example.o
 .rodata.g_timer0
                0x00008518        0xc ./src/synergy_gen/adc_example.o
                0x00008518                g_timer0
 .rodata.str1.4
                0x00008524       0x14 ./src/synergy_gen/main.o
 .rodata.g_bsp_pin_cfg
                0x00008538        0x8 ./src/synergy_gen/pin_data.o
                0x00008538                g_bsp_pin_cfg
 .rodata.g_bsp_pin_cfg_data
                0x00008540       0x30 ./src/synergy_gen/pin_data.o
                0x00008540                g_bsp_pin_cfg_data
 .rodata.str1.4
                0x00008570       0xb4 ./src/adc_example_entry.o
                                 0xb3 (size before relaxing)
 .rodata.str1.1
                0x00008624        0x2 c:/program files (x86)/gnu tools arm embedded/4.9 2015q3/bin/../lib/gcc/arm-none-eabi/4.9.3/../../../../arm-none-eabi/lib/armv7e-m/fpu\libg_nano.a(lib_a-impure.o)
 *fill*         0x00008626        0x2 ff
 .rodata._global_impure_ptr
                0x00008628        0x4 c:/program files (x86)/gnu tools arm embedded/4.9 2015q3/bin/../lib/gcc/arm-none-eabi/4.9.3/../../../../arm-none-eabi/lib/armv7e-m/fpu\libg_nano.a(lib_a-impure.o)
                0x00008628                _global_impure_ptr
 .rodata.__sf_fake_stdin
                0x0000862c       0x20 c:/program files (x86)/gnu tools arm embedded/4.9 2015q3/bin/../lib/gcc/arm-none-eabi/4.9.3/../../../../arm-none-eabi/lib/armv7e-m/fpu\libg_nano.a(lib_a-findfp.o)
                0x0000862c                __sf_fake_stdin
 .rodata.__sf_fake_stdout
                0x0000864c       0x20 c:/program files (x86)/gnu tools arm embedded/4.9 2015q3/bin/../lib/gcc/arm-none-eabi/4.9.3/../../../../arm-none-eabi/lib/armv7e-m/fpu\libg_nano.a(lib_a-findfp.o)
                0x0000864c                __sf_fake_stdout
 .rodata.__sf_fake_stderr
                0x0000866c       0x20 c:/program files (x86)/gnu tools arm embedded/4.9 2015q3/bin/../lib/gcc/arm-none-eabi/4.9.3/../../../../arm-none-eabi/lib/armv7e-m/fpu\libg_nano.a(lib_a-findfp.o)
                0x0000866c                __sf_fake_stderr
 .rodata.str1.1
                0x0000868c       0x11 c:/program files (x86)/gnu tools arm embedded/4.9 2015q3/bin/../lib/gcc/arm-none-eabi/4.9.3/../../../../arm-none-eabi/lib/armv7e-m/fpu\libg_nano.a(lib_a-nano-vfprintf.o)
 .rodata.str1.1
                0x0000869d       0x22 c:/program files (x86)/gnu tools arm embedded/4.9 2015q3/bin/../lib/gcc/arm-none-eabi/4.9.3/../../../../arm-none-eabi/lib/armv7e-m/fpu\libg_nano.a(lib_a-nano-vfprintf_i.o)
 .rodata.str1.1
                0x000086bf        0x4 c:/program files (x86)/gnu tools arm embedded/4.9 2015q3/bin/../lib/gcc/arm-none-eabi/4.9.3/../../../../arm-none-eabi/lib/armv7e-m/fpu\librdimon_nano.a(rdimon-syscalls.o)
                0x000086c3                __usb_dev_descriptor_start_fs = .
 *(.usb_device_desc_fs*)
                0x000086c3                __usb_cfg_descriptor_start_fs = .
 *(.usb_config_desc_fs*)
                0x000086c3                __usb_interface_descriptor_start_fs = .
 *(.usb_interface_desc_fs*)
                0x000086c3                __usb_descriptor_end_fs = .
                0x000086c3                __usb_dev_descriptor_start_hs = .
 *(.usb_device_desc_hs*)
                0x000086c3                __usb_cfg_descriptor_start_hs = .
 *(.usb_config_desc_hs*)
                0x000086c3                __usb_interface_descriptor_start_hs = .
 *(.usb_interface_desc_hs*)
                0x000086c3                __usb_descriptor_end_hs = .
 *(.eh_frame*)
 *fill*         0x000086c3        0x1 ff
 .eh_frame      0x000086c4        0x0 c:/program files (x86)/gnu tools arm embedded/4.9 2015q3/bin/../lib/gcc/arm-none-eabi/4.9.3/armv7e-m/fpu/crtbegin.o
 .eh_frame      0x000086c4        0x4 c:/program files (x86)/gnu tools arm embedded/4.9 2015q3/bin/../lib/gcc/arm-none-eabi/4.9.3/armv7e-m/fpu/crtend.o
                0x000086c8                __ROM_End = .
                0x00000048                __Vectors_Size = (__Vectors_End - __Vectors)
                0x00000010                __Vector_Info_Size = (__Vector_Info_End - __Vector_Info_Start)
                0x000001b0                __Lock_Lookup_Size = (__Lock_Lookup_End - __Lock_Lookup_Start)

.glue_7         0x000086c8        0x0
 .glue_7        0x00000000        0x0 linker stubs

.glue_7t        0x000086c8        0x0
 .glue_7t       0x00000000        0x0 linker stubs

.vfp11_veneer   0x000086c8        0x0
 .vfp11_veneer  0x00000000        0x0 linker stubs

.v4_bx          0x000086c8        0x0
 .v4_bx         0x00000000        0x0 linker stubs

.iplt           0x000086c8        0x0
 .iplt          0x00000000        0x0 c:/program files (x86)/gnu tools arm embedded/4.9 2015q3/bin/../lib/gcc/arm-none-eabi/4.9.3/armv7e-m/fpu/crtbegin.o

.ARM.extab
 *(.ARM.extab* .gnu.linkonce.armextab.*)
                0x000086c8                __exidx_start = .

.ARM.exidx      0x000086c8        0x8
 *(.ARM.exidx* .gnu.linkonce.armexidx.*)
 .ARM.exidx     0x000086c8        0x8 c:/program files (x86)/gnu tools arm embedded/4.9 2015q3/bin/../lib/gcc/arm-none-eabi/4.9.3/armv7e-m/fpu\libgcc.a(_divdi3.o)
 .ARM.exidx     0x000086d0        0x0 c:/program files (x86)/gnu tools arm embedded/4.9 2015q3/bin/../lib/gcc/arm-none-eabi/4.9.3/armv7e-m/fpu\libgcc.a(_udivdi3.o)
                                  0x8 (size before relaxing)
                0x000086d0                __exidx_end = .