Archive member included because of file (symbol)

C:\Users\alana\e2_studio\workspace\test_4\synergy\ssp\src\framework\el\tx\cm4_gcc\libtx.a(txe_block_allocate.o)
                              ./synergy/ssp/src/framework/sf_message/sf_message.o (_txe_block_allocate)
C:\Users\alana\e2_studio\workspace\test_4\synergy\ssp\src\framework\el\tx\cm4_gcc\libtx.a(txe_block_pool_create.o)
                              ./synergy/ssp/src/framework/sf_message/sf_message.o (_txe_block_pool_create)
C:\Users\alana\e2_studio\workspace\test_4\synergy\ssp\src\framework\el\tx\cm4_gcc\libtx.a(txe_block_pool_delete.o)
                              ./synergy/ssp/src/framework/sf_message/sf_message.o (_txe_block_pool_delete)
C:\Users\alana\e2_studio\workspace\test_4\synergy\ssp\src\framework\el\tx\cm4_gcc\libtx.a(txe_block_release.o)
                              ./synergy/ssp/src/framework/sf_message/sf_message.o (_txe_block_release)
C:\Users\alana\e2_studio\workspace\test_4\synergy\ssp\src\framework\el\tx\cm4_gcc\libtx.a(txe_queue_create.o)
                              ./src/synergy_gen/message_data.o (_txe_queue_create)
C:\Users\alana\e2_studio\workspace\test_4\synergy\ssp\src\framework\el\tx\cm4_gcc\libtx.a(txe_queue_flush.o)
                              ./synergy/ssp/src/framework/sf_message/sf_message.o (_txe_queue_flush)
C:\Users\alana\e2_studio\workspace\test_4\synergy\ssp\src\framework\el\tx\cm4_gcc\libtx.a(txe_queue_front_send.o)
                              ./synergy/ssp/src/framework/sf_message/sf_message.o (_txe_queue_front_send)
C:\Users\alana\e2_studio\workspace\test_4\synergy\ssp\src\framework\el\tx\cm4_gcc\libtx.a(txe_queue_receive.o)
                              ./synergy/ssp/src/framework/sf_message/sf_message.o (_txe_queue_receive)
C:\Users\alana\e2_studio\workspace\test_4\synergy\ssp\src\framework\el\tx\cm4_gcc\libtx.a(txe_queue_send.o)
                              ./synergy/ssp/src/framework/sf_message/sf_message.o (_txe_queue_send)
C:\Users\alana\e2_studio\workspace\test_4\synergy\ssp\src\framework\el\tx\cm4_gcc\libtx.a(txe_semaphore_create.o)
                              ./src/synergy_gen/main.o (_txe_semaphore_create)
C:\Users\alana\e2_studio\workspace\test_4\synergy\ssp\src\framework\el\tx\cm4_gcc\libtx.a(txe_semaphore_get.o)
                              ./src/synergy_gen/computation_thread.o (_txe_semaphore_get)
C:\Users\alana\e2_studio\workspace\test_4\synergy\ssp\src\framework\el\tx\cm4_gcc\libtx.a(txe_semaphore_put.o)
                              ./src/synergy_gen/computation_thread.o (_txe_semaphore_put)
C:\Users\alana\e2_studio\workspace\test_4\synergy\ssp\src\framework\el\tx\cm4_gcc\libtx.a(txe_thread_create.o)
                              ./src/synergy_gen/computation_thread.o (_txe_thread_create)
C:\Users\alana\e2_studio\workspace\test_4\synergy\ssp\src\framework\el\tx\cm4_gcc\libtx.a(tx_block_allocate.o)
                              C:\Users\alana\e2_studio\workspace\test_4\synergy\ssp\src\framework\el\tx\cm4_gcc\libtx.a(txe_block_allocate.o) (_tx_block_allocate)
C:\Users\alana\e2_studio\workspace\test_4\synergy\ssp\src\framework\el\tx\cm4_gcc\libtx.a(tx_block_pool_cleanup.o)
                              C:\Users\alana\e2_studio\workspace\test_4\synergy\ssp\src\framework\el\tx\cm4_gcc\libtx.a(tx_block_allocate.o) (_tx_block_pool_cleanup)
C:\Users\alana\e2_studio\workspace\test_4\synergy\ssp\src\framework\el\tx\cm4_gcc\libtx.a(tx_block_pool_create.o)
                              C:\Users\alana\e2_studio\workspace\test_4\synergy\ssp\src\framework\el\tx\cm4_gcc\libtx.a(txe_block_pool_create.o) (_tx_block_pool_create)
C:\Users\alana\e2_studio\workspace\test_4\synergy\ssp\src\framework\el\tx\cm4_gcc\libtx.a(tx_block_pool_delete.o)
                              C:\Users\alana\e2_studio\workspace\test_4\synergy\ssp\src\framework\el\tx\cm4_gcc\libtx.a(txe_block_pool_delete.o) (_tx_block_pool_delete)
C:\Users\alana\e2_studio\workspace\test_4\synergy\ssp\src\framework\el\tx\cm4_gcc\libtx.a(tx_block_release.o)
                              C:\Users\alana\e2_studio\workspace\test_4\synergy\ssp\src\framework\el\tx\cm4_gcc\libtx.a(txe_block_release.o) (_tx_block_release)
C:\Users\alana\e2_studio\workspace\test_4\synergy\ssp\src\framework\el\tx\cm4_gcc\libtx.a(tx_initialize_high_level.o)
                              C:\Users\alana\e2_studio\workspace\test_4\synergy\ssp\src\framework\el\tx\cm4_gcc\libtx.a(txe_block_pool_create.o) (_tx_block_pool_created_ptr)
C:\Users\alana\e2_studio\workspace\test_4\synergy\ssp\src\framework\el\tx\cm4_gcc\libtx.a(tx_initialize_kernel_enter.o)
                              ./src/synergy_gen/main.o (_tx_initialize_kernel_enter)
C:\Users\alana\e2_studio\workspace\test_4\synergy\ssp\src\framework\el\tx\cm4_gcc\libtx.a(tx_queue_create.o)
                              C:\Users\alana\e2_studio\workspace\test_4\synergy\ssp\src\framework\el\tx\cm4_gcc\libtx.a(txe_queue_create.o) (_tx_queue_create)
[...]
Memory Configuration

Name             Origin             Length             Attributes
FLASH            0x00000000         0x00400000         xr
RAM              0x1ffe0000         0x000a0000         xrw
DATA_FLASH       0x40100000         0x00010000         xr
QSPI_FLASH       0x60000000         0x04000000         xr
SDRAM            0x90000000         0x02000000         xrw
*default*        0x00000000         0xffffffff

Linker script and memory map

LOAD c:/program files (x86)/gnu tools arm embedded/4.9 2015q3/bin/../lib/gcc/arm-none-eabi/4.9.3/armv7e-m/fpu/crti.o
LOAD c:/program files (x86)/gnu tools arm embedded/4.9 2015q3/bin/../lib/gcc/arm-none-eabi/4.9.3/armv7e-m/fpu/crtbegin.o
LOAD c:/program files (x86)/gnu tools arm embedded/4.9 2015q3/bin/../lib/gcc/arm-none-eabi/4.9.3/../../../../arm-none-eabi/lib/armv7e-m/fpu/rdimon-crt0.o
START GROUP
LOAD ./synergy/ssp/src/framework/sf_message/sf_message.o
LOAD ./synergy/ssp/src/driver/r_ioport/r_ioport.o
LOAD ./synergy/ssp/src/driver/r_fmi/r_fmi.o
LOAD ./synergy/ssp/src/driver/r_elc/r_elc.o
LOAD ./synergy/ssp/src/driver/r_cgc/hw/hw_cgc.o
LOAD ./synergy/ssp/src/driver/r_cgc/r_cgc.o
LOAD ./synergy/ssp/src/bsp/mcu/s7g2/bsp_cache.o
LOAD ./synergy/ssp/src/bsp/mcu/s7g2/bsp_clocks.o
LOAD ./synergy/ssp/src/bsp/mcu/s7g2/bsp_feature.o
LOAD ./synergy/ssp/src/bsp/mcu/s7g2/bsp_fmi_R7FS7G27H3A01CFC.o
LOAD ./synergy/ssp/src/bsp/mcu/s7g2/bsp_group_irq.o
LOAD ./synergy/ssp/src/bsp/mcu/s7g2/bsp_hw_locks.o
LOAD ./synergy/ssp/src/bsp/mcu/s7g2/bsp_module_stop.o
LOAD ./synergy/ssp/src/bsp/mcu/s7g2/bsp_rom_registers.o
LOAD ./synergy/ssp/src/bsp/mcu/all/bsp_common.o
LOAD ./synergy/ssp/src/bsp/mcu/all/bsp_common_leds.o
LOAD ./synergy/ssp/src/bsp/mcu/all/bsp_delay.o
LOAD ./synergy/ssp/src/bsp/mcu/all/bsp_irq.o
LOAD ./synergy/ssp/src/bsp/mcu/all/bsp_locking.o
LOAD ./synergy/ssp/src/bsp/mcu/all/bsp_register_protection.o
LOAD ./synergy/ssp/src/bsp/mcu/all/bsp_sbrk.o
LOAD ./synergy/ssp/src/bsp/cmsis/Device/RENESAS/S7G2/Source/startup_S7G2.o
LOAD ./synergy/ssp/src/bsp/cmsis/Device/RENESAS/S7G2/Source/system_S7G2.o
LOAD ./synergy/board/s7g2_sk/bsp_init.o
LOAD ./synergy/board/s7g2_sk/bsp_leds.o
LOAD ./synergy/board/s7g2_sk/bsp_qspi.o
LOAD ./src/synergy_gen/common_data.o
LOAD ./src/synergy_gen/computation_thread.o
LOAD ./src/synergy_gen/hal_data.o
LOAD ./src/synergy_gen/main.o
LOAD ./src/synergy_gen/message_data.o
LOAD ./src/synergy_gen/output_thread.o
LOAD ./src/synergy_gen/pin_data.o
LOAD ./src/synergy_gen/sensor_thread1.o
LOAD ./src/synergy_gen/sensor_thread2.o
LOAD ./src/computation_thread_entry.o
LOAD ./src/hal_entry.o
LOAD ./src/output_thread_entry.o
LOAD ./src/sensor_thread1_entry.o
LOAD ./src/sensor_thread2_entry.o
LOAD C:\Users\alana\e2_studio\workspace\test_4\synergy\ssp\src\bsp\cmsis\DSP_Lib\cm4_gcc\libDSP_Lib.a
LOAD C:\Users\alana\e2_studio\workspace\test_4\synergy\ssp\src\framework\el\tx\cm4_gcc\libtx.a
END GROUP
START GROUP
LOAD c:/program files (x86)/gnu tools arm embedded/4.9 2015q3/bin/../lib/gcc/arm-none-eabi/4.9.3/armv7e-m/fpu\libgcc.a
LOAD c:/program files (x86)/gnu tools arm embedded/4.9 2015q3/bin/../lib/gcc/arm-none-eabi/4.9.3/../../../../arm-none-eabi/lib/armv7e-m/fpu\libg_nano.a
LOAD c:/program files (x86)/gnu tools arm embedded/4.9 2015q3/bin/../lib/gcc/arm-none-eabi/4.9.3/../../../../arm-none-eabi/lib/armv7e-m/fpu\libc_nano.a
END GROUP
START GROUP
LOAD c:/program files (x86)/gnu tools arm embedded/4.9 2015q3/bin/../lib/gcc/arm-none-eabi/4.9.3/armv7e-m/fpu\libgcc.a
LOAD c:/program files (x86)/gnu tools arm embedded/4.9 2015q3/bin/../lib/gcc/arm-none-eabi/4.9.3/../../../../arm-none-eabi/lib/armv7e-m/fpu\libc_nano.a
LOAD c:/program files (x86)/gnu tools arm embedded/4.9 2015q3/bin/../lib/gcc/arm-none-eabi/4.9.3/../../../../arm-none-eabi/lib/armv7e-m/fpu\librdimon_nano.a
END GROUP
START GROUP
LOAD c:/program files (x86)/gnu tools arm embedded/4.9 2015q3/bin/../lib/gcc/arm-none-eabi/4.9.3/armv7e-m/fpu\libgcc.a
LOAD c:/program files (x86)/gnu tools arm embedded/4.9 2015q3/bin/../lib/gcc/arm-none-eabi/4.9.3/../../../../arm-none-eabi/lib/armv7e-m/fpu\libc_nano.a
LOAD c:/program files (x86)/gnu tools arm embedded/4.9 2015q3/bin/../lib/gcc/arm-none-eabi/4.9.3/../../../../arm-none-eabi/lib/armv7e-m/fpu\librdimon_nano.a
END GROUP
LOAD c:/program files (x86)/gnu tools arm embedded/4.9 2015q3/bin/../lib/gcc/arm-none-eabi/4.9.3/armv7e-m/fpu/crtend.o
LOAD c:/program files (x86)/gnu tools arm embedded/4.9 2015q3/bin/../lib/gcc/arm-none-eabi/4.9.3/armv7e-m/fpu/crtn.o
START GROUP
LOAD c:/program files (x86)/gnu tools arm embedded/4.9 2015q3/bin/../lib/gcc/arm-none-eabi/4.9.3/armv7e-m/fpu\libgcc.a
LOAD c:/program files (x86)/gnu tools arm embedded/4.9 2015q3/bin/../lib/gcc/arm-none-eabi/4.9.3/../../../../arm-none-eabi/lib/armv7e-m/fpu\libc.a
LOAD c:/program files (x86)/gnu tools arm embedded/4.9 2015q3/bin/../lib/gcc/arm-none-eabi/4.9.3/../../../../arm-none-eabi/lib/armv7e-m/fpu\libm.a
LOAD c:/program files (x86)/gnu tools arm embedded/4.9 2015q3/bin/../lib/gcc/arm-none-eabi/4.9.3/../../../../arm-none-eabi/lib/armv7e-m/fpu\libnosys.a
END GROUP

.text           0x00000000     0x7554
                0x00000000                __ROM_Start = .
 *(.vectors)
 .vectors       0x00000000       0x40 ./synergy/ssp/src/bsp/cmsis/Device/RENESAS/S7G2/Source/startup_S7G2.o
                0x00000000                __Vectors
 *(SORT(.vector.*))
                0x00000040                __Vectors_End = .
                0x00000040                __end__ = .
                0x00000400                . = (__ROM_Start + 0x400)
 *fill*         0x00000040      0x3c0 ff
 *(.rom_registers*)
 .rom_registers
                0x00000400       0x3c ./synergy/ssp/src/bsp/mcu/s7g2/bsp_rom_registers.o
                0x00000500                . = (__ROM_Start + 0x500)
 *fill*         0x0000043c       0xc4 ff
                0x00000500                __Vector_Info_Start = .
 *(SORT(.vector_info.*))
                0x00000500                __Vector_Info_End = .
                0x00000500                __Lock_Lookup_Start = .
 *(SORT(.hw_lock_lookup.*))
 .hw_lock_lookup.ADC_0U_0U
                0x00000500        0x4 ./synergy/ssp/src/bsp/mcu/s7g2/bsp_hw_locks.o
                0x00000500                g_lock_lookup_ADC_0U_0U
 .hw_lock_lookup.ADC_0U_1U
                0x00000504        0x4 ./synergy/ssp/src/bsp/mcu/s7g2/bsp_hw_locks.o
                0x00000504                g_lock_lookup_ADC_0U_1U
 .hw_lock_lookup.AGT_0U_0U
                0x00000508        0x4 ./synergy/ssp/src/bsp/mcu/s7g2/bsp_hw_locks.o
                0x00000508                g_lock_lookup_AGT_0U_0U
 .hw_lock_lookup.AGT_0U_1U
                0x0000050c        0x4 ./synergy/ssp/src/bsp/mcu/s7g2/bsp_hw_locks.o
                0x0000050c                g_lock_lookup_AGT_0U_1U
 .hw_lock_lookup.BSC_0U_1U
                0x00000510        0x4 ./synergy/ssp/src/bsp/mcu/s7g2/bsp_hw_locks.o
                0x00000510                g_lock_lookup_BSC_0U_1U
 .hw_lock_lookup.CAC_0U_0U
                0x00000514        0x4 ./synergy/ssp/src/bsp/mcu/s7g2/bsp_hw_locks.o
                0x00000514                g_lock_lookup_CAC_0U_0U
 .hw_lock_lookup.CAN_0U_0U
                0x00000518        0x4 ./synergy/ssp/src/bsp/mcu/s7g2/bsp_hw_locks.o
                0x00000518                g_lock_lookup_CAN_0U_0U
 .hw_lock_lookup.CAN_0U_1U
                0x0000051c        0x4 ./synergy/ssp/src/bsp/mcu/s7g2/bsp_hw_locks.o
                0x0000051c                g_lock_lookup_CAN_0U_1U
 .hw_lock_lookup.COMP_HS_0U_0U
                0x00000520        0x4 ./synergy/ssp/src/bsp/mcu/s7g2/bsp_hw_locks.o
                0x00000520                g_lock_lookup_COMP_HS_0U_0U
 .hw_lock_lookup.COMP_HS_0U_1U
                0x00000524        0x4 ./synergy/ssp/src/bsp/mcu/s7g2/bsp_hw_locks.o
                0x00000524                g_lock_lookup_COMP_HS_0U_1U
 .hw_lock_lookup.COMP_HS_0U_2U
                0x00000528        0x4 ./synergy/ssp/src/bsp/mcu/s7g2/bsp_hw_locks.o
                0x00000528                g_lock_lookup_COMP_HS_0U_2U
 .hw_lock_lookup.COMP_HS_0U_3U
                0x0000052c        0x4 ./synergy/ssp/src/bsp/mcu/s7g2/bsp_hw_locks.o
                0x0000052c                g_lock_lookup_COMP_HS_0U_3U
 .hw_lock_lookup.COMP_HS_0U_4U
                0x00000530        0x4 ./synergy/ssp/src/bsp/mcu/s7g2/bsp_hw_locks.o
                0x00000530                g_lock_lookup_COMP_HS_0U_4U
 .hw_lock_lookup.COMP_HS_0U_5U
                0x00000534        0x4 ./synergy/ssp/src/bsp/mcu/s7g2/bsp_hw_locks.o
                0x00000534                g_lock_lookup_COMP_HS_0U_5U
 .hw_lock_lookup.CRC_0U_0U
                0x00000538        0x4 ./synergy/ssp/src/bsp/mcu/s7g2/bsp_hw_locks.o
                0x00000538                g_lock_lookup_CRC_0U_0U
 .hw_lock_lookup.CTSU_0U_0U
                0x0000053c        0x4 ./synergy/ssp/src/bsp/mcu/s7g2/bsp_hw_locks.o
                0x0000053c                g_lock_lookup_CTSU_0U_0U
 .hw_lock_lookup.DAAD_0U_0U
                0x00000540        0x4 ./synergy/ssp/src/bsp/mcu/s7g2/bsp_hw_locks.o
                0x00000540                g_lock_lookup_DAAD_0U_0U
 .hw_lock_lookup.DAC_0U_0U
                0x00000544        0x4 ./synergy/ssp/src/bsp/mcu/s7g2/bsp_hw_locks.o
                0x00000544                g_lock_lookup_DAC_0U_0U
 .hw_lock_lookup.DAC_0U_1U
                0x00000548        0x4 ./synergy/ssp/src/bsp/mcu/s7g2/bsp_hw_locks.o
                0x00000548                g_lock_lookup_DAC_0U_1U
 .hw_lock_lookup.DMAC_0U_0U
                0x0000054c        0x4 ./synergy/ssp/src/bsp/mcu/s7g2/bsp_hw_locks.o
                0x0000054c                g_lock_lookup_DMAC_0U_0U
 .hw_lock_lookup.DMAC_0U_1U
                0x00000550        0x4 ./synergy/ssp/src/bsp/mcu/s7g2/bsp_hw_locks.o
                0x00000550                g_lock_lookup_DMAC_0U_1U
 .hw_lock_lookup.DMAC_0U_2U
                0x00000554        0x4 ./synergy/ssp/src/bsp/mcu/s7g2/bsp_hw_locks.o
                0x00000554                g_lock_lookup_DMAC_0U_2U
 .hw_lock_lookup.DMAC_0U_3U
                0x00000558        0x4 ./synergy/ssp/src/bsp/mcu/s7g2/bsp_hw_locks.o
                0x00000558                g_lock_lookup_DMAC_0U_3U
 .hw_lock_lookup.DMAC_0U_4U
                0x0000055c        0x4 ./synergy/ssp/src/bsp/mcu/s7g2/bsp_hw_locks.o
                0x0000055c                g_lock_lookup_DMAC_0U_4U
 .hw_lock_lookup.DMAC_0U_5U
                0x00000560        0x4 ./synergy/ssp/src/bsp/mcu/s7g2/bsp_hw_locks.o
                0x00000560                g_lock_lookup_DMAC_0U_5U
 .hw_lock_lookup.DMAC_0U_6U
                0x00000564        0x4 ./synergy/ssp/src/bsp/mcu/s7g2/bsp_hw_locks.o
                0x00000564                g_lock_lookup_DMAC_0U_6U
 .hw_lock_lookup.DMAC_0U_7U
                0x00000568        0x4 ./synergy/ssp/src/bsp/mcu/s7g2/bsp_hw_locks.o
                0x00000568                g_lock_lookup_DMAC_0U_7U
 .hw_lock_lookup.DOC_0U_0U
                0x0000056c        0x4 ./synergy/ssp/src/bsp/mcu/s7g2/bsp_hw_locks.o
                0x0000056c                g_lock_lookup_DOC_0U_0U
 .hw_lock_lookup.DRW_0U_0U
                0x00000570        0x4 ./synergy/ssp/src/bsp/mcu/s7g2/bsp_hw_locks.o
                0x00000570                g_lock_lookup_DRW_0U_0U
 .hw_lock_lookup.DTC_0U_0U
                0x00000574        0x4 ./synergy/ssp/src/bsp/mcu/s7g2/bsp_hw_locks.o
                0x00000574                g_lock_lookup_DTC_0U_0U
 .hw_lock_lookup.ELC_0U_0U
                0x00000578        0x4 ./synergy/ssp/src/bsp/mcu/s7g2/bsp_hw_locks.o
                0x00000578                g_lock_lookup_ELC_0U_0U
 .hw_lock_lookup.EPTPC_0U_0U
                0x0000057c        0x4 ./synergy/ssp/src/bsp/mcu/s7g2/bsp_hw_locks.o
                0x0000057c                g_lock_lookup_EPTPC_0U_0U
 .hw_lock_lookup.ETHER_0U_0U
                0x00000580        0x4 ./synergy/ssp/src/bsp/mcu/s7g2/bsp_hw_locks.o
                0x00000580                g_lock_lookup_ETHER_0U_0U
 .hw_lock_lookup.ETHER_0U_1U
                0x00000584        0x4 ./synergy/ssp/src/bsp/mcu/s7g2/bsp_hw_locks.o
                0x00000584                g_lock_lookup_ETHER_0U_1U
 .hw_lock_lookup.FCU_0U_0U
                0x00000588        0x4 ./synergy/ssp/src/bsp/mcu/s7g2/bsp_hw_locks.o
                0x00000588                g_lock_lookup_FCU_0U_0U
 .hw_lock_lookup.GLCDC_0U_0U
                0x0000058c        0x4 ./synergy/ssp/src/bsp/mcu/s7g2/bsp_hw_locks.o
                0x0000058c                g_lock_lookup_GLCDC_0U_0U
 .hw_lock_lookup.GPT_0U_0U
                0x00000590        0x4 ./synergy/ssp/src/bsp/mcu/s7g2/bsp_hw_locks.o
                0x00000590                g_lock_lookup_GPT_0U_0U
 .hw_lock_lookup.GPT_0U_10U
                0x00000594        0x4 ./synergy/ssp/src/bsp/mcu/s7g2/bsp_hw_locks.o
                0x00000594                g_lock_lookup_GPT_0U_10U
 .hw_lock_lookup.GPT_0U_11U
                0x00000598        0x4 ./synergy/ssp/src/bsp/mcu/s7g2/bsp_hw_locks.o
                0x00000598                g_lock_lookup_GPT_0U_11U
 .hw_lock_lookup.GPT_0U_12U
                0x0000059c        0x4 ./synergy/ssp/src/bsp/mcu/s7g2/bsp_hw_locks.o
                0x0000059c                g_lock_lookup_GPT_0U_12U
 .hw_lock_lookup.GPT_0U_13U
                0x000005a0        0x4 ./synergy/ssp/src/bsp/mcu/s7g2/bsp_hw_locks.o
                0x000005a0                g_lock_lookup_GPT_0U_13U
 .hw_lock_lookup.GPT_0U_1U
                0x000005a4        0x4 ./synergy/ssp/src/bsp/mcu/s7g2/bsp_hw_locks.o
                0x000005a4                g_lock_lookup_GPT_0U_1U
 .hw_lock_lookup.GPT_0U_2U
                0x000005a8        0x4 ./synergy/ssp/src/bsp/mcu/s7g2/bsp_hw_locks.o
                0x000005a8                g_lock_lookup_GPT_0U_2U
 .hw_lock_lookup.GPT_0U_3U
                0x000005ac        0x4 ./synergy/ssp/src/bsp/mcu/s7g2/bsp_hw_locks.o
                0x000005ac                g_lock_lookup_GPT_0U_3U
 .hw_lock_lookup.GPT_0U_4U
                0x000005b0        0x4 ./synergy/ssp/src/bsp/mcu/s7g2/bsp_hw_locks.o
                0x000005b0                g_lock_lookup_GPT_0U_4U
 .hw_lock_lookup.GPT_0U_5U
                0x000005b4        0x4 ./synergy/ssp/src/bsp/mcu/s7g2/bsp_hw_locks.o
                0x000005b4                g_lock_lookup_GPT_0U_5U
 .hw_lock_lookup.GPT_0U_6U
                0x000005b8        0x4 ./synergy/ssp/src/bsp/mcu/s7g2/bsp_hw_locks.o
                0x000005b8                g_lock_lookup_GPT_0U_6U
 .hw_lock_lookup.GPT_0U_7U
                0x000005bc        0x4 ./synergy/ssp/src/bsp/mcu/s7g2/bsp_hw_locks.o
                0x000005bc                g_lock_lookup_GPT_0U_7U
 .hw_lock_lookup.GPT_0U_8U
                0x000005c0        0x4 ./synergy/ssp/src/bsp/mcu/s7g2/bsp_hw_locks.o
                0x000005c0                g_lock_lookup_GPT_0U_8U
 .hw_lock_lookup.GPT_0U_9U
                0x000005c4        0x4 ./synergy/ssp/src/bsp/mcu/s7g2/bsp_hw_locks.o
                0x000005c4                g_lock_lookup_GPT_0U_9U
 .hw_lock_lookup.ICU_0U_0U
                0x000005c8        0x4 ./synergy/ssp/src/bsp/mcu/s7g2/bsp_hw_locks.o
                0x000005c8                g_lock_lookup_ICU_0U_0U
 .hw_lock_lookup.ICU_0U_10U
                0x000005cc        0x4 ./synergy/ssp/src/bsp/mcu/s7g2/bsp_hw_locks.o
                0x000005cc                g_lock_lookup_ICU_0U_10U
 .hw_lock_lookup.ICU_0U_11U
                0x000005d0        0x4 ./synergy/ssp/src/bsp/mcu/s7g2/bsp_hw_locks.o
                0x000005d0                g_lock_lookup_ICU_0U_11U
 .hw_lock_lookup.ICU_0U_12U
                0x000005d4        0x4 ./synergy/ssp/src/bsp/mcu/s7g2/bsp_hw_locks.o
                0x000005d4                g_lock_lookup_ICU_0U_12U
 .hw_lock_lookup.ICU_0U_13U
                0x000005d8        0x4 ./synergy/ssp/src/bsp/mcu/s7g2/bsp_hw_locks.o
                0x000005d8                g_lock_lookup_ICU_0U_13U
 .hw_lock_lookup.ICU_0U_14U
                0x000005dc        0x4 ./synergy/ssp/src/bsp/mcu/s7g2/bsp_hw_locks.o
                0x000005dc                g_lock_lookup_ICU_0U_14U
 .hw_lock_lookup.ICU_0U_15U
                0x000005e0        0x4 ./synergy/ssp/src/bsp/mcu/s7g2/bsp_hw_locks.o
                0x000005e0                g_lock_lookup_ICU_0U_15U
 .hw_lock_lookup.ICU_0U_1U
                0x000005e4        0x4 ./synergy/ssp/src/bsp/mcu/s7g2/bsp_hw_locks.o
                0x000005e4                g_lock_lookup_ICU_0U_1U
 .hw_lock_lookup.ICU_0U_2U
                0x000005e8        0x4 ./synergy/ssp/src/bsp/mcu/s7g2/bsp_hw_locks.o
                0x000005e8                g_lock_lookup_ICU_0U_2U
 .hw_lock_lookup.ICU_0U_3U
                0x000005ec        0x4 ./synergy/ssp/src/bsp/mcu/s7g2/bsp_hw_locks.o
                0x000005ec                g_lock_lookup_ICU_0U_3U
 .hw_lock_lookup.ICU_0U_4U
                0x000005f0        0x4 ./synergy/ssp/src/bsp/mcu/s7g2/bsp_hw_locks.o
                0x000005f0                g_lock_lookup_ICU_0U_4U
 .hw_lock_lookup.ICU_0U_5U
                0x000005f4        0x4 ./synergy/ssp/src/bsp/mcu/s7g2/bsp_hw_locks.o
                0x000005f4                g_lock_lookup_ICU_0U_5U
 .hw_lock_lookup.ICU_0U_6U
                0x000005f8        0x4 ./synergy/ssp/src/bsp/mcu/s7g2/bsp_hw_locks.o
                0x000005f8                g_lock_lookup_ICU_0U_6U
 .hw_lock_lookup.ICU_0U_7U
                0x000005fc        0x4 ./synergy/ssp/src/bsp/mcu/s7g2/bsp_hw_locks.o
                0x000005fc                g_lock_lookup_ICU_0U_7U
 .hw_lock_lookup.ICU_0U_8U
                0x00000600        0x4 ./synergy/ssp/src/bsp/mcu/s7g2/bsp_hw_locks.o
                0x00000600                g_lock_lookup_ICU_0U_8U
 .hw_lock_lookup.ICU_0U_9U
                0x00000604        0x4 ./synergy/ssp/src/bsp/mcu/s7g2/bsp_hw_locks.o
                0x00000604                g_lock_lookup_ICU_0U_9U
 .hw_lock_lookup.IIC_0U_0U
                0x00000608        0x4 ./synergy/ssp/src/bsp/mcu/s7g2/bsp_hw_locks.o
                0x00000608                g_lock_lookup_IIC_0U_0U
 .hw_lock_lookup.IIC_0U_1U
                0x0000060c        0x4 ./synergy/ssp/src/bsp/mcu/s7g2/bsp_hw_locks.o
                0x0000060c                g_lock_lookup_IIC_0U_1U
 .hw_lock_lookup.IIC_0U_2U
                0x00000610        0x4 ./synergy/ssp/src/bsp/mcu/s7g2/bsp_hw_locks.o
                0x00000610                g_lock_lookup_IIC_0U_2U
 .hw_lock_lookup.IRDA_0U_0U
                0x00000614        0x4 ./synergy/ssp/src/bsp/mcu/s7g2/bsp_hw_locks.o
                0x00000614                g_lock_lookup_IRDA_0U_0U
 .hw_lock_lookup.IWDT_0U_0U
                0x00000618        0x4 ./synergy/ssp/src/bsp/mcu/s7g2/bsp_hw_locks.o
                0x00000618                g_lock_lookup_IWDT_0U_0U
 .hw_lock_lookup.JPEG_0U_0U
                0x0000061c        0x4 ./synergy/ssp/src/bsp/mcu/s7g2/bsp_hw_locks.o
                0x0000061c                g_lock_lookup_JPEG_0U_0U
 .hw_lock_lookup.KEY_0U_0U
                0x00000620        0x4 ./synergy/ssp/src/bsp/mcu/s7g2/bsp_hw_locks.o
                0x00000620                g_lock_lookup_KEY_0U_0U
 .hw_lock_lookup.LPM_1U_0U
                0x00000624        0x4 ./synergy/ssp/src/bsp/mcu/s7g2/bsp_hw_locks.o
                0x00000624                g_lock_lookup_LPM_1U_0U
 .hw_lock_lookup.LVD_0U_0U
                0x00000628        0x4 ./synergy/ssp/src/bsp/mcu/s7g2/bsp_hw_locks.o
                0x00000628                g_lock_lookup_LVD_0U_0U
 .hw_lock_lookup.LVD_0U_1U
                0x0000062c        0x4 ./synergy/ssp/src/bsp/mcu/s7g2/bsp_hw_locks.o
                0x0000062c                g_lock_lookup_LVD_0U_1U
 .hw_lock_lookup.MMF_0U_0U
                0x00000630        0x4 ./synergy/ssp/src/bsp/mcu/s7g2/bsp_hw_locks.o
                0x00000630                g_lock_lookup_MMF_0U_0U
 .hw_lock_lookup.MPU_0U_0U
                0x00000634        0x4 ./synergy/ssp/src/bsp/mcu/s7g2/bsp_hw_locks.o
                0x00000634                g_lock_lookup_MPU_0U_0U
 .hw_lock_lookup.OPS_0U_0U
                0x00000638        0x4 ./synergy/ssp/src/bsp/mcu/s7g2/bsp_hw_locks.o
                0x00000638                g_lock_lookup_OPS_0U_0U
 .hw_lock_lookup.PDC_0U_0U
                0x0000063c        0x4 ./synergy/ssp/src/bsp/mcu/s7g2/bsp_hw_locks.o
                0x0000063c                g_lock_lookup_PDC_0U_0U
 .hw_lock_lookup.POEG_0U_0U
                0x00000640        0x4 ./synergy/ssp/src/bsp/mcu/s7g2/bsp_hw_locks.o
                0x00000640                g_lock_lookup_POEG_0U_0U
 .hw_lock_lookup.POEG_0U_1U
                0x00000644        0x4 ./synergy/ssp/src/bsp/mcu/s7g2/bsp_hw_locks.o
                0x00000644                g_lock_lookup_POEG_0U_1U
 .hw_lock_lookup.POEG_0U_2U
                0x00000648        0x4 ./synergy/ssp/src/bsp/mcu/s7g2/bsp_hw_locks.o
                0x00000648                g_lock_lookup_POEG_0U_2U
 .hw_lock_lookup.POEG_0U_3U
                0x0000064c        0x4 ./synergy/ssp/src/bsp/mcu/s7g2/bsp_hw_locks.o
                0x0000064c                g_lock_lookup_POEG_0U_3U
 .hw_lock_lookup.QSPI_0U_0U
                0x00000650        0x4 ./synergy/ssp/src/bsp/mcu/s7g2/bsp_hw_locks.o
                0x00000650                g_lock_lookup_QSPI_0U_0U
 .hw_lock_lookup.RTC_0U_0U
                0x00000654        0x4 ./synergy/ssp/src/bsp/mcu/s7g2/bsp_hw_locks.o
                0x00000654                g_lock_lookup_RTC_0U_0U
 .hw_lock_lookup.SCE_0U_0U
                0x00000658        0x4 ./synergy/ssp/src/bsp/mcu/s7g2/bsp_hw_locks.o
                0x00000658                g_lock_lookup_SCE_0U_0U
 .hw_lock_lookup.SCI_0U_0U
                0x0000065c        0x4 ./synergy/ssp/src/bsp/mcu/s7g2/bsp_hw_locks.o
                0x0000065c                g_lock_lookup_SCI_0U_0U
 .hw_lock_lookup.SCI_0U_1U
                0x00000660        0x4 ./synergy/ssp/src/bsp/mcu/s7g2/bsp_hw_locks.o
                0x00000660                g_lock_lookup_SCI_0U_1U
 .hw_lock_lookup.SCI_0U_2U
                0x00000664        0x4 ./synergy/ssp/src/bsp/mcu/s7g2/bsp_hw_locks.o
                0x00000664                g_lock_lookup_SCI_0U_2U
 .hw_lock_lookup.SCI_0U_3U
                0x00000668        0x4 ./synergy/ssp/src/bsp/mcu/s7g2/bsp_hw_locks.o
                0x00000668                g_lock_lookup_SCI_0U_3U
 .hw_lock_lookup.SCI_0U_4U
                0x0000066c        0x4 ./synergy/ssp/src/bsp/mcu/s7g2/bsp_hw_locks.o
                0x0000066c                g_lock_lookup_SCI_0U_4U
 .hw_lock_lookup.SCI_0U_5U
                0x00000670        0x4 ./synergy/ssp/src/bsp/mcu/s7g2/bsp_hw_locks.o
                0x00000670                g_lock_lookup_SCI_0U_5U
 .hw_lock_lookup.SCI_0U_6U
                0x00000674        0x4 ./synergy/ssp/src/bsp/mcu/s7g2/bsp_hw_locks.o
                0x00000674                g_lock_lookup_SCI_0U_6U
 .hw_lock_lookup.SCI_0U_7U
                0x00000678        0x4 ./synergy/ssp/src/bsp/mcu/s7g2/bsp_hw_locks.o
                0x00000678                g_lock_lookup_SCI_0U_7U
 .hw_lock_lookup.SCI_0U_8U
                0x0000067c        0x4 ./synergy/ssp/src/bsp/mcu/s7g2/bsp_hw_locks.o
                0x0000067c                g_lock_lookup_SCI_0U_8U
 .hw_lock_lookup.SCI_0U_9U
                0x00000680        0x4 ./synergy/ssp/src/bsp/mcu/s7g2/bsp_hw_locks.o
                0x00000680                g_lock_lookup_SCI_0U_9U
 .hw_lock_lookup.SDHIMMC_0U_0U
                0x00000684        0x4 ./synergy/ssp/src/bsp/mcu/s7g2/bsp_hw_locks.o
                0x00000684                g_lock_lookup_SDHIMMC_0U_0U
 .hw_lock_lookup.SDHIMMC_0U_1U
                0x00000688        0x4 ./synergy/ssp/src/bsp/mcu/s7g2/bsp_hw_locks.o
                0x00000688                g_lock_lookup_SDHIMMC_0U_1U
 .hw_lock_lookup.SPI_0U_0U
                0x0000068c        0x4 ./synergy/ssp/src/bsp/mcu/s7g2/bsp_hw_locks.o
                0x0000068c                g_lock_lookup_SPI_0U_0U
 .hw_lock_lookup.SPI_0U_1U
                0x00000690        0x4 ./synergy/ssp/src/bsp/mcu/s7g2/bsp_hw_locks.o
                0x00000690                g_lock_lookup_SPI_0U_1U
 .hw_lock_lookup.SRC_0U_0U
                0x00000694        0x4 ./synergy/ssp/src/bsp/mcu/s7g2/bsp_hw_locks.o
                0x00000694                g_lock_lookup_SRC_0U_0U
 .hw_lock_lookup.SSI_0U_0U
                0x00000698        0x4 ./synergy/ssp/src/bsp/mcu/s7g2/bsp_hw_locks.o
                0x00000698                g_lock_lookup_SSI_0U_0U
 .hw_lock_lookup.SSI_0U_1U
                0x0000069c        0x4 ./synergy/ssp/src/bsp/mcu/s7g2/bsp_hw_locks.o
                0x0000069c                g_lock_lookup_SSI_0U_1U
 .hw_lock_lookup.TSN_0U_0U
                0x000006a0        0x4 ./synergy/ssp/src/bsp/mcu/s7g2/bsp_hw_locks.o
                0x000006a0                g_lock_lookup_TSN_0U_0U
 .hw_lock_lookup.USB_0U_0U
                0x000006a4        0x4 ./synergy/ssp/src/bsp/mcu/s7g2/bsp_hw_locks.o
                0x000006a4                g_lock_lookup_USB_0U_0U
 .hw_lock_lookup.USB_1U_0U
                0x000006a8        0x4 ./synergy/ssp/src/bsp/mcu/s7g2/bsp_hw_locks.o
                0x000006a8                g_lock_lookup_USB_1U_0U
 .hw_lock_lookup.WDT_0U_0U
                0x000006ac        0x4 ./synergy/ssp/src/bsp/mcu/s7g2/bsp_hw_locks.o
                0x000006ac                g_lock_lookup_WDT_0U_0U
                0x000006b0                __Lock_Lookup_End = .
 *(.text*)
 .text          0x000006b0       0x5c c:/program files (x86)/gnu tools arm embedded/4.9 2015q3/bin/../lib/gcc/arm-none-eabi/4.9.3/armv7e-m/fpu/crtbegin.o
 .text.SF_MESSAGE_VersionGet
                0x0000070c       0x18 ./synergy/ssp/src/framework/sf_message/sf_message.o
                0x0000070c                SF_MESSAGE_VersionGet
 .text.SF_MESSAGE_BufferAcquire
                0x00000724       0xa0 ./synergy/ssp/src/framework/sf_message/sf_message.o
                0x00000724                SF_MESSAGE_BufferAcquire
 .text.sf_message_parameter_check.part.1
                0x000007c4       0x40 ./synergy/ssp/src/framework/sf_message/sf_message.o
 .text.SF_MESSAGE_Open
                0x00000804       0xbc ./synergy/ssp/src/framework/sf_message/sf_message.o
                0x00000804                SF_MESSAGE_Open
 .text.SF_MESSAGE_Close
                0x000008c0       0x7c ./synergy/ssp/src/framework/sf_message/sf_message.o
                0x000008c0                SF_MESSAGE_Close
 .text.SF_MESSAGE_BufferRelease
                0x0000093c      0x100 ./synergy/ssp/src/framework/sf_message/sf_message.o
                0x0000093c                SF_MESSAGE_BufferRelease
 .text.SF_MESSAGE_Pend
                0x00000a3c       0x40 ./synergy/ssp/src/framework/sf_message/sf_message.o
                0x00000a3c                SF_MESSAGE_Pend
 .text.SF_MESSAGE_Post
                0x00000a7c      0x19c ./synergy/ssp/src/framework/sf_message/sf_message.o
                0x00000a7c                SF_MESSAGE_Post
 .text.R_IOPORT_PinRead
                0x00000c18       0x48 ./synergy/ssp/src/driver/r_ioport/r_ioport.o
                0x00000c18                R_IOPORT_PinRead
 .text.R_IOPORT_PortRead
                0x00000c60       0x28 ./synergy/ssp/src/driver/r_ioport/r_ioport.o
                0x00000c60                R_IOPORT_PortRead
 .text.R_IOPORT_PortEventInputRead
                0x00000c88       0x28 ./synergy/ssp/src/driver/r_ioport/r_ioport.o
                0x00000c88                R_IOPORT_PortEventInputRead
 .text.R_IOPORT_PinEventInputRead
                0x00000cb0       0x58 ./synergy/ssp/src/driver/r_ioport/r_ioport.o
                0x00000cb0                R_IOPORT_PinEventInputRead
 .text.R_IOPORT_PortEventOutputWrite
                0x00000d08       0x38 ./synergy/ssp/src/driver/r_ioport/r_ioport.o
                0x00000d08                R_IOPORT_PortEventOutputWrite
 .text.R_IOPORT_PinEventOutputWrite
                0x00000d40       0x54 ./synergy/ssp/src/driver/r_ioport/r_ioport.o
                0x00000d40                R_IOPORT_PinEventOutputWrite
 .text.R_IOPORT_VersionGet
                0x00000d94       0x18 ./synergy/ssp/src/driver/r_ioport/r_ioport.o
                0x00000d94                R_IOPORT_VersionGet
 .text.R_IOPORT_PinDirectionSet
                0x00000dac       0xcc ./synergy/ssp/src/driver/r_ioport/r_ioport.o
                0x00000dac                R_IOPORT_PinDirectionSet
 .text.R_IOPORT_PortWrite
                0x00000e78       0x38 ./synergy/ssp/src/driver/r_ioport/r_ioport.o
                0x00000e78                R_IOPORT_PortWrite
 .text.R_IOPORT_PortDirectionSet
                0x00000eb0       0x40 ./synergy/ssp/src/driver/r_ioport/r_ioport.o
                0x00000eb0                R_IOPORT_PortDirectionSet
 .text.bsp_vbatt_init.isra.4
                0x00000ef0       0x8c ./synergy/ssp/src/driver/r_ioport/r_ioport.o
 .text.R_IOPORT_EthernetModeCfg
                0x00000f7c       0x58 ./synergy/ssp/src/driver/r_ioport/r_ioport.o
                0x00000f7c                R_IOPORT_EthernetModeCfg
 .text.R_IOPORT_PinsCfg
                0x00000fd4       0xe0 ./synergy/ssp/src/driver/r_ioport/r_ioport.o
                0x00000fd4                R_IOPORT_PinsCfg
 .text.R_IOPORT_Init
                0x000010b4       0x78 ./synergy/ssp/src/driver/r_ioport/r_ioport.o
                0x000010b4                R_IOPORT_Init
 .text.R_IOPORT_PinCfg
                0x0000112c       0xd0 ./synergy/ssp/src/driver/r_ioport/r_ioport.o
                0x0000112c                R_IOPORT_PinCfg
 .text.R_IOPORT_PinWrite
                0x000011fc       0xcc ./synergy/ssp/src/driver/r_ioport/r_ioport.o
                0x000011fc                R_IOPORT_PinWrite
 .text.R_FMI_ProductInfoGet
                0x000012c8       0x28 ./synergy/ssp/src/driver/r_fmi/r_fmi.o
 .text.R_FMI_UniqueIdGet
                0x000012f0       0x30 ./synergy/ssp/src/driver/r_fmi/r_fmi.o
 .text.R_FMI_EventInfoGet
                0x00001320       0x6c ./synergy/ssp/src/driver/r_fmi/r_fmi.o
 .text.R_FMI_VersionGet
                0x0000138c       0x14 ./synergy/ssp/src/driver/r_fmi/r_fmi.o
 .text.R_FMI_Init
                0x000013a0       0xbc ./synergy/ssp/src/driver/r_fmi/r_fmi.o
 .text.R_FMI_FeatureGet
                0x0000145c      0x244 ./synergy/ssp/src/driver/r_fmi/r_fmi.o
 .text.R_ELC_LinkSet
                0x000016a0       0x14 ./synergy/ssp/src/driver/r_elc/r_elc.o
                0x000016a0                R_ELC_LinkSet
 .text.R_ELC_LinkBreak
                0x000016b4       0x14 ./synergy/ssp/src/driver/r_elc/r_elc.o
                0x000016b4                R_ELC_LinkBreak
 .text.R_ELC_Enable
                0x000016c8       0x14 ./synergy/ssp/src/driver/r_elc/r_elc.o
                0x000016c8                R_ELC_Enable
 .text.R_ELC_Disable
                0x000016dc       0x14 ./synergy/ssp/src/driver/r_elc/r_elc.o
                0x000016dc                R_ELC_Disable
 .text.R_ELC_VersionGet
                0x000016f0       0x14 ./synergy/ssp/src/driver/r_elc/r_elc.o
                0x000016f0                R_ELC_VersionGet
 .text.R_ELC_SoftwareEventGenerate
                0x00001704       0x30 ./synergy/ssp/src/driver/r_elc/r_elc.o
                0x00001704                R_ELC_SoftwareEventGenerate
 .text.R_ELC_Init
                0x00001734       0x80 ./synergy/ssp/src/driver/r_elc/r_elc.o
                0x00001734                R_ELC_Init
 .text.HW_CGC_Init
                0x000017b4       0x34 ./synergy/ssp/src/driver/r_cgc/hw/hw_cgc.o
                0x000017b4                HW_CGC_Init
 .text.HW_CGC_InitPLLFreq
                0x000017e8       0xf4 ./synergy/ssp/src/driver/r_cgc/hw/hw_cgc.o
                0x000017e8                HW_CGC_InitPLLFreq
 .text.HW_CGC_MainClockDriveSet
                0x000018dc       0x3c ./synergy/ssp/src/driver/r_cgc/hw/hw_cgc.o
                0x000018dc                HW_CGC_MainClockDriveSet
 .text.HW_CGC_SubClockDriveSet
                0x00001918       0x3c ./synergy/ssp/src/driver/r_cgc/hw/hw_cgc.o
                0x00001918                HW_CGC_SubClockDriveSet
 .text.HW_CGC_ClockStart
                0x00001954       0xa0 ./synergy/ssp/src/driver/r_cgc/hw/hw_cgc.o
                0x00001954                HW_CGC_ClockStart
 .text.HW_CGC_ClockStop
                0x000019f4       0xa0 ./synergy/ssp/src/driver/r_cgc/hw/hw_cgc.o
                0x000019f4                HW_CGC_ClockStop
 .text.HW_CGC_ClockCheck
                0x00001a94       0x2c ./synergy/ssp/src/driver/r_cgc/hw/hw_cgc.o
                0x00001a94                HW_CGC_ClockCheck
 .text.HW_CGC_ClockRunStateGet
                0x00001ac0       0x68 ./synergy/ssp/src/driver/r_cgc/hw/hw_cgc.o
                0x00001ac0                HW_CGC_ClockRunStateGet
 .text.HW_CGC_DelayCycles
                0x00001b28        0x8 ./synergy/ssp/src/driver/r_cgc/hw/hw_cgc.o
                0x00001b28                HW_CGC_DelayCycles
 .text.HW_CGC_MainOscSourceSet
                0x00001b30       0x2c ./synergy/ssp/src/driver/r_cgc/hw/hw_cgc.o
                0x00001b30                HW_CGC_MainOscSourceSet
 .text.HW_CGC_ClockWaitSet
                0x00001b5c       0x28 ./synergy/ssp/src/driver/r_cgc/hw/hw_cgc.o
                0x00001b5c                HW_CGC_ClockWaitSet
 .text.HW_CGC_ClockSourceValidCheck
                0x00001b84       0x28 ./synergy/ssp/src/driver/r_cgc/hw/hw_cgc.o
                0x00001b84                HW_CGC_ClockSourceValidCheck
 .text.HW_CGC_SystemClockValidCheck
                0x00001bac        0xc ./synergy/ssp/src/driver/r_cgc/hw/hw_cgc.o
                0x00001bac                HW_CGC_SystemClockValidCheck
 .text.HW_CGC_ClockSourceGet
                0x00001bb8        0xc ./synergy/ssp/src/driver/r_cgc/hw/hw_cgc.o
                0x00001bb8                HW_CGC_ClockSourceGet
 .text.HW_CGC_ClockSourceSet
                0x00001bc4       0x28 ./synergy/ssp/src/driver/r_cgc/hw/hw_cgc.o
                0x00001bc4                HW_CGC_ClockSourceSet
 .text.HW_CGC_PLLClockSourceGet
                0x00001bec       0x24 ./synergy/ssp/src/driver/r_cgc/hw/hw_cgc.o
                0x00001bec                HW_CGC_PLLClockSourceGet
 .text.HW_CGC_PLLClockSourceSet
                0x00001c10       0x28 ./synergy/ssp/src/driver/r_cgc/hw/hw_cgc.o
                0x00001c10                HW_CGC_PLLClockSourceSet
 .text.HW_CGC_PLLMultiplierSet
                0x00001c38       0x90 ./synergy/ssp/src/driver/r_cgc/hw/hw_cgc.o
                0x00001c38                HW_CGC_PLLMultiplierSet
 .text.HW_CGC_PLLDividerSet
                0x00001cc8       0x88 ./synergy/ssp/src/driver/r_cgc/hw/hw_cgc.o
                0x00001cc8                HW_CGC_PLLDividerSet
 .text.HW_CGC_SystemDividersSet
                0x00001d50       0x70 ./synergy/ssp/src/driver/r_cgc/hw/hw_cgc.o
                0x00001d50                HW_CGC_SystemDividersSet
 .text.HW_CGC_SystemDividersGet
                0x00001dc0       0x3c ./synergy/ssp/src/driver/r_cgc/hw/hw_cgc.o
                0x00001dc0                HW_CGC_SystemDividersGet
 .text.HW_CGC_ClockCfgValidCheck
                0x00001dfc       0x58 ./synergy/ssp/src/driver/r_cgc/hw/hw_cgc.o
                0x00001dfc                HW_CGC_ClockCfgValidCheck
 .text.HW_CGC_ClockDividerGet
                0x00001e54       0x4c ./synergy/ssp/src/driver/r_cgc/hw/hw_cgc.o
                0x00001e54                HW_CGC_ClockDividerGet
 .text.HW_CGC_ClockHzGet
                0x00001ea0       0x20 ./synergy/ssp/src/driver/r_cgc/hw/hw_cgc.o
                0x00001ea0                HW_CGC_ClockHzGet
 .text.HW_CGC_ClockHzCalculate
                0x00001ec0       0x10 ./synergy/ssp/src/driver/r_cgc/hw/hw_cgc.o
                0x00001ec0                HW_CGC_ClockHzCalculate
 .text.HW_CGC_OperatingModeSet
                0x00001ed0       0xb0 ./synergy/ssp/src/driver/r_cgc/hw/hw_cgc.o
                0x00001ed0                HW_CGC_OperatingModeSet
 .text.HW_CGC_OperatingModeGet
                0x00001f80       0x14 ./synergy/ssp/src/driver/r_cgc/hw/hw_cgc.o
                0x00001f80                HW_CGC_OperatingModeGet
 .text.HW_CGC_OscStopDetectEnable
                0x00001f94       0x2c ./synergy/ssp/src/driver/r_cgc/hw/hw_cgc.o
                0x00001f94                HW_CGC_OscStopDetectEnable
 .text.HW_CGC_OscStopDetectDisable
                0x00001fc0       0x2c ./synergy/ssp/src/driver/r_cgc/hw/hw_cgc.o
                0x00001fc0                HW_CGC_OscStopDetectDisable
 .text.HW_CGC_OscStopDetectEnabledGet
                0x00001fec        0x8 ./synergy/ssp/src/driver/r_cgc/hw/hw_cgc.o
                0x00001fec                HW_CGC_OscStopDetectEnabledGet
 .text.HW_CGC_OscStopDetectGet
                0x00001ff4        0xc ./synergy/ssp/src/driver/r_cgc/hw/hw_cgc.o
                0x00001ff4                HW_CGC_OscStopDetectGet
 .text.HW_CGC_OscStopStatusClear
                0x00002000       0x30 ./synergy/ssp/src/driver/r_cgc/hw/hw_cgc.o
                0x00002000                HW_CGC_OscStopStatusClear
 .text.HW_CGC_BusClockOutCfg
                0x00002030       0x28 ./synergy/ssp/src/driver/r_cgc/hw/hw_cgc.o
                0x00002030                HW_CGC_BusClockOutCfg
 .text.HW_CGC_BusClockOutEnable
                0x00002058       0x20 ./synergy/ssp/src/driver/r_cgc/hw/hw_cgc.o
                0x00002058                HW_CGC_BusClockOutEnable
 .text.HW_CGC_BusClockOutDisable
                0x00002078       0x20 ./synergy/ssp/src/driver/r_cgc/hw/hw_cgc.o
                0x00002078                HW_CGC_BusClockOutDisable
 .text.HW_CGC_ClockOutCfg
                0x00002098       0x4c ./synergy/ssp/src/driver/r_cgc/hw/hw_cgc.o
                0x00002098                HW_CGC_ClockOutCfg
 .text.HW_CGC_ClockOutEnable
                0x000020e4       0x20 ./synergy/ssp/src/driver/r_cgc/hw/hw_cgc.o
                0x000020e4                HW_CGC_ClockOutEnable
 .text.HW_CGC_ClockOutDisable
                0x00002104       0x20 ./synergy/ssp/src/driver/r_cgc/hw/hw_cgc.o
                0x00002104                HW_CGC_ClockOutDisable
 .text.HW_CGC_SDRAMClockOutEnable
                0x00002124       0x20 ./synergy/ssp/src/driver/r_cgc/hw/hw_cgc.o
                0x00002124                HW_CGC_SDRAMClockOutEnable
 .text.HW_CGC_SDRAMClockOutDisable
                0x00002144       0x20 ./synergy/ssp/src/driver/r_cgc/hw/hw_cgc.o
                0x00002144                HW_CGC_SDRAMClockOutDisable
 .text.HW_CGC_USBClockCfg
                0x00002164       0x2c ./synergy/ssp/src/driver/r_cgc/hw/hw_cgc.o
                0x00002164                HW_CGC_USBClockCfg
 .text.HW_CGC_SystickUpdate
                0x00002190       0x54 ./synergy/ssp/src/driver/r_cgc/hw/hw_cgc.o
                0x00002190                HW_CGC_SystickUpdate
 .text.HW_CGC_LCDClockCfg
                0x000021e4       0x14 ./synergy/ssp/src/driver/r_cgc/hw/hw_cgc.o
                0x000021e4                HW_CGC_LCDClockCfg
 .text.HW_CGC_LCDClockCfgGet
                0x000021f8        0xc ./synergy/ssp/src/driver/r_cgc/hw/hw_cgc.o
                0x000021f8                HW_CGC_LCDClockCfgGet
 .text.HW_CGC_LCDClockEnable
                0x00002204       0x10 ./synergy/ssp/src/driver/r_cgc/hw/hw_cgc.o
                0x00002204                HW_CGC_LCDClockEnable
 .text.HW_CGC_LCDClockDisable
                0x00002214       0x10 ./synergy/ssp/src/driver/r_cgc/hw/hw_cgc.o
                0x00002214                HW_CGC_LCDClockDisable
 .text.HW_CGC_LCDClockIsEnabled
                0x00002224        0x8 ./synergy/ssp/src/driver/r_cgc/hw/hw_cgc.o
                0x00002224                HW_CGC_LCDClockIsEnabled
 .text.HW_CGC_HocoWaitControlSet
                0x0000222c       0x28 ./synergy/ssp/src/driver/r_cgc/hw/hw_cgc.o
                0x0000222c                HW_CGC_HocoWaitControlSet
 .text.R_CGC_VersionGet
                0x00002254       0x10 ./synergy/ssp/src/driver/r_cgc/r_cgc.o
                0x00002254                R_CGC_VersionGet
 .text.R_CGC_Init
                0x00002264       0xb4 ./synergy/ssp/src/driver/r_cgc/r_cgc.o
                0x00002264                R_CGC_Init
 .text.R_CGC_SystemClockGet
                0x00002318       0x28 ./synergy/ssp/src/driver/r_cgc/r_cgc.o
                0x00002318                R_CGC_SystemClockGet
 .text.R_CGC_OscStopDetect
                0x00002340       0xe0 ./synergy/ssp/src/driver/r_cgc/r_cgc.o
                0x00002340                R_CGC_OscStopDetect
 .text.R_CGC_OscStopStatusClear
                0x00002420       0x50 ./synergy/ssp/src/driver/r_cgc/r_cgc.o
                0x00002420                R_CGC_OscStopStatusClear
 .text.R_CGC_BusClockOutCfg
                0x00002470       0x14 ./synergy/ssp/src/driver/r_cgc/r_cgc.o
                0x00002470                R_CGC_BusClockOutCfg
 .text.R_CGC_BusClockOutEnable
                0x00002484       0x14 ./synergy/ssp/src/driver/r_cgc/r_cgc.o
                0x00002484                R_CGC_BusClockOutEnable
 .text.R_CGC_BusClockOutDisable
                0x00002498       0x14 ./synergy/ssp/src/driver/r_cgc/r_cgc.o
                0x00002498                R_CGC_BusClockOutDisable
 .text.R_CGC_ClockOutCfg
                0x000024ac       0x18 ./synergy/ssp/src/driver/r_cgc/r_cgc.o
                0x000024ac                R_CGC_ClockOutCfg
 .text.R_CGC_ClockOutEnable
                0x000024c4       0x14 ./synergy/ssp/src/driver/r_cgc/r_cgc.o
                0x000024c4                R_CGC_ClockOutEnable
 .text.R_CGC_ClockOutDisable
                0x000024d8       0x14 ./synergy/ssp/src/driver/r_cgc/r_cgc.o
                0x000024d8                R_CGC_ClockOutDisable
 .text.R_CGC_ClockCheck
                0x000024ec       0x70 ./synergy/ssp/src/driver/r_cgc/r_cgc.o
                0x000024ec                R_CGC_ClockCheck
 .text.r_cgc_stabilization_wait
                0x0000255c       0x30 ./synergy/ssp/src/driver/r_cgc/r_cgc.o
 .text.R_CGC_ClockStart
                0x0000258c      0x18c ./synergy/ssp/src/driver/r_cgc/r_cgc.o
                0x0000258c                R_CGC_ClockStart
 .text.R_CGC_ClockStop
                0x00002718       0xc8 ./synergy/ssp/src/driver/r_cgc/r_cgc.o
                0x00002718                R_CGC_ClockStop
 .text.r_cgc_clock_start_stop
                0x000027e0       0x30 ./synergy/ssp/src/driver/r_cgc/r_cgc.o
 .text.R_CGC_SystemClockFreqGet
                0x00002810       0x34 ./synergy/ssp/src/driver/r_cgc/r_cgc.o
                0x00002810                R_CGC_SystemClockFreqGet
 .text.R_CGC_LCDClockEnable
                0x00002844       0x50 ./synergy/ssp/src/driver/r_cgc/r_cgc.o
                0x00002844                R_CGC_LCDClockEnable
 .text.R_CGC_LCDClockDisable
                0x00002894       0x50 ./synergy/ssp/src/driver/r_cgc/r_cgc.o
                0x00002894                R_CGC_LCDClockDisable
 .text.R_CGC_LCDClockCfg
                0x000028e4       0x80 ./synergy/ssp/src/driver/r_cgc/r_cgc.o
                0x000028e4                R_CGC_LCDClockCfg
 .text.R_CGC_SDRAMClockOutEnable
                0x00002964       0x1c ./synergy/ssp/src/driver/r_cgc/r_cgc.o
                0x00002964                R_CGC_SDRAMClockOutEnable
 .text.R_CGC_SDRAMClockOutDisable
                0x00002980       0x1c ./synergy/ssp/src/driver/r_cgc/r_cgc.o
                0x00002980                R_CGC_SDRAMClockOutDisable
 .text.R_CGC_USBClockCfg
                0x0000299c       0x20 ./synergy/ssp/src/driver/r_cgc/r_cgc.o
                0x0000299c                R_CGC_USBClockCfg
 .text.R_CGC_SystickUpdate.part.11
                0x000029bc       0x44 ./synergy/ssp/src/driver/r_cgc/r_cgc.o
 .text.R_CGC_SystickUpdate
                0x00002a00        0xc ./synergy/ssp/src/driver/r_cgc/r_cgc.o
                0x00002a00                R_CGC_SystickUpdate
 .text.R_CGC_SystemClockSet
                0x00002a0c      0x1c4 ./synergy/ssp/src/driver/r_cgc/r_cgc.o
                0x00002a0c                R_CGC_SystemClockSet
 .text.R_CGC_ClocksCfg
                0x00002bd0      0x16c ./synergy/ssp/src/driver/r_cgc/r_cgc.o
                0x00002bd0                R_CGC_ClocksCfg
 .text.R_BSP_CacheOff
                0x00002d3c       0x28 ./synergy/ssp/src/bsp/mcu/s7g2/bsp_cache.o
                0x00002d3c                R_BSP_CacheOff
 .text.R_BSP_CacheSet
                0x00002d64       0x48 ./synergy/ssp/src/bsp/mcu/s7g2/bsp_cache.o
                0x00002d64                R_BSP_CacheSet
 .text.bsp_clock_init
                0x00002dac       0x90 ./synergy/ssp/src/bsp/mcu/s7g2/bsp_clocks.o
                0x00002dac                bsp_clock_init
 .text.bsp_cpu_clock_get
                0x00002e3c       0x20 ./synergy/ssp/src/bsp/mcu/s7g2/bsp_clocks.o
                0x00002e3c                bsp_cpu_clock_get
 .text.bsp_clock_set_callback
                0x00002e5c      0x104 ./synergy/ssp/src/bsp/mcu/s7g2/bsp_clocks.o
                0x00002e5c                bsp_clock_set_callback
 .text.R_BSP_FeatureIoportGet
                0x00002f60        0xc ./synergy/ssp/src/bsp/mcu/s7g2/bsp_feature.o
                0x00002f60                R_BSP_FeatureIoportGet
 .text.R_BSP_FeatureCgcGet
                0x00002f6c        0xc ./synergy/ssp/src/bsp/mcu/s7g2/bsp_feature.o
                0x00002f6c                R_BSP_FeatureCgcGet
 .text.bsp_group_interrupt_open
                0x00002f78       0x18 ./synergy/ssp/src/bsp/mcu/s7g2/bsp_group_irq.o
                0x00002f78                bsp_group_interrupt_open
 .text.R_BSP_GroupIrqWrite
                0x00002f90       0x10 ./synergy/ssp/src/bsp/mcu/s7g2/bsp_group_irq.o
                0x00002f90                R_BSP_GroupIrqWrite
 .text.NMI_Handler
                0x00002fa0      0x1f4 ./synergy/ssp/src/bsp/mcu/s7g2/bsp_group_irq.o
                0x00002fa0                NMI_Handler
 .text.r_bsp_module_start_stop
                0x00003194       0xb4 ./synergy/ssp/src/bsp/mcu/s7g2/bsp_module_stop.o
 .text.R_BSP_ModuleStart
                0x00003248        0x8 ./synergy/ssp/src/bsp/mcu/s7g2/bsp_module_stop.o
                0x00003248                R_BSP_ModuleStart
 .text.software_delay_loop
                0x00003250        0xc ./synergy/ssp/src/bsp/mcu/all/bsp_delay.o
 .text.R_BSP_SoftwareDelay
                0x0000325c       0x58 ./synergy/ssp/src/bsp/mcu/all/bsp_delay.o
                0x0000325c                R_BSP_SoftwareDelay
 .text.bsp_irq_cfg
                0x000032b4       0x40 ./synergy/ssp/src/bsp/mcu/all/bsp_irq.o
                0x000032b4                bsp_irq_cfg
 .text.R_BSP_HardwareUnlock
                0x000032f4       0x4c ./synergy/ssp/src/bsp/mcu/all/bsp_locking.o
                0x000032f4                R_BSP_HardwareUnlock
 .text.bsp_init_hardware_locks
                0x00003340       0x44 ./synergy/ssp/src/bsp/mcu/all/bsp_locking.o
                0x00003340                bsp_init_hardware_locks
 .text.R_BSP_RegisterProtectEnable
                0x00003384       0x60 ./synergy/ssp/src/bsp/mcu/all/bsp_register_protection.o
                0x00003384                R_BSP_RegisterProtectEnable
 .text.R_BSP_RegisterProtectDisable
                0x000033e4       0x50 ./synergy/ssp/src/bsp/mcu/all/bsp_register_protection.o
                0x000033e4                R_BSP_RegisterProtectDisable
 .text.bsp_register_protect_open
                0x00003434       0x10 ./synergy/ssp/src/bsp/mcu/all/bsp_register_protection.o
                0x00003434                bsp_register_protect_open
 .text._sbrk    0x00003444       0x40 ./synergy/ssp/src/bsp/mcu/all/bsp_sbrk.o
                0x00003444                _sbrk
 .text.Default_Handler
                0x00003484        0x4 ./synergy/ssp/src/bsp/cmsis/Device/RENESAS/S7G2/Source/startup_S7G2.o
                0x00003484                HardFault_Handler
                0x00003484                UsageFault_Handler
                0x00003484                Default_Handler
                0x00003484                MemManage_Handler
                0x00003484                SVC_Handler
                0x00003484                BusFault_Handler
                0x00003484                DebugMon_Handler
 .text.Reset_Handler
                0x00003488        0xc ./synergy/ssp/src/bsp/cmsis/Device/RENESAS/S7G2/Source/startup_S7G2.o
                0x00003488                Reset_Handler
 .text.R_BSP_WarmStart
                0x00003494        0x4 ./synergy/ssp/src/bsp/cmsis/Device/RENESAS/S7G2/Source/system_S7G2.o
                0x00003494                R_BSP_WarmStart
 .text.SystemInit
                0x00003498       0xe0 ./synergy/ssp/src/bsp/cmsis/Device/RENESAS/S7G2/Source/system_S7G2.o
                0x00003498                SystemInit
 .text.bsp_init
                0x00003578        0x4 ./synergy/board/s7g2_sk/bsp_init.o
                0x00003578                bsp_init
 .text.bsp_qspi_xip_mode
                0x0000357c       0x88 ./synergy/board/s7g2_sk/bsp_qspi.o
 .text.bsp_qspi_init
                0x00003604      0x148 ./synergy/board/s7g2_sk/bsp_qspi.o
                0x00003604                bsp_qspi_init
 .text.g_sf_message0_err_callback_internal
                0x0000374c        0x4 ./src/synergy_gen/common_data.o
                0x0000374c                g_sf_message0_err_callback
                0x0000374c                g_sf_message0_err_callback_internal
 .text.sf_message_init0
                0x00003750       0x34 ./src/synergy_gen/common_data.o
                0x00003750                sf_message_init0
 .text.g_common_init
                0x00003784        0x4 ./src/synergy_gen/common_data.o
                0x00003784                g_common_init
 .text.computation_thread_func
                0x00003788       0x50 ./src/synergy_gen/computation_thread.o
 .text.computation_thread_create
                0x000037d8       0x48 ./src/synergy_gen/computation_thread.o
                0x000037d8                computation_thread_create
 .text.g_hal_init
                0x00003820        0x4 ./src/synergy_gen/hal_data.o
                0x00003820                g_hal_init
 .text.tx_application_define_internal
                0x00003824        0x4 ./src/synergy_gen/main.o
                0x00003824                tx_application_define_user
                0x00003824                tx_application_define_internal
 .text.tx_application_define
                0x00003828       0x44 ./src/synergy_gen/main.o
                0x00003828                tx_application_define
 .text.startup.main
                0x0000386c        0xc ./src/synergy_gen/main.o
                0x0000386c                main
 .text.g_message_init
                0x00003878       0x44 ./src/synergy_gen/message_data.o
                0x00003878                g_message_init
 .text.output_thread_func
                0x000038bc       0x50 ./src/synergy_gen/output_thread.o
 .text.output_thread_create
                0x0000390c       0x48 ./src/synergy_gen/output_thread.o
                0x0000390c                output_thread_create
 .text.sensor_thread1_func
                0x00003954       0x50 ./src/synergy_gen/sensor_thread1.o
 .text.sensor_thread1_create
                0x000039a4       0x48 ./src/synergy_gen/sensor_thread1.o
                0x000039a4                sensor_thread1_create
 .text.sensor_thread2_func
                0x000039ec       0x50 ./src/synergy_gen/sensor_thread2.o
 .text.sensor_thread2_create
                0x00003a3c       0x48 ./src/synergy_gen/sensor_thread2.o
                0x00003a3c                sensor_thread2_create
 .text.computation_thread_entry
                0x00003a84       0xc0 ./src/computation_thread_entry.o
                0x00003a84                computation_thread_entry
 .text.output_thread_entry
                0x00003b44       0x60 ./src/output_thread_entry.o
                0x00003b44                output_thread_entry
 .text.sensor_thread1_entry
                0x00003ba4       0x74 ./src/sensor_thread1_entry.o
                0x00003ba4                sensor_thread1_entry
 .text.sensor_thread2_entry
                0x00003c18       0x74 ./src/sensor_thread2_entry.o
                0x00003c18                sensor_thread2_entry
 .text._txe_block_allocate
                0x00003c8c       0x40 C:\Users\alana\e2_studio\workspace\test_4\synergy\ssp\src\framework\el\tx\cm4_gcc\libtx.a(txe_block_allocate.o)
                0x00003c8c                _txe_block_allocate
 .text._txe_block_pool_create
                0x00003ccc       0xd4 C:\Users\alana\e2_studio\workspace\test_4\synergy\ssp\src\framework\el\tx\cm4_gcc\libtx.a(txe_block_pool_create.o)
                0x00003ccc                _txe_block_pool_create
 .text._txe_block_pool_delete
                0x00003da0       0x2c C:\Users\alana\e2_studio\workspace\test_4\synergy\ssp\src\framework\el\tx\cm4_gcc\libtx.a(txe_block_pool_delete.o)
                0x00003da0                _txe_block_pool_delete
 .text._txe_block_release
                0x00003dcc       0x1c C:\Users\alana\e2_studio\workspace\test_4\synergy\ssp\src\framework\el\tx\cm4_gcc\libtx.a(txe_block_release.o)
                0x00003dcc                _txe_block_release
 .text._txe_queue_create
                0x00003de8       0xd0 C:\Users\alana\e2_studio\workspace\test_4\synergy\ssp\src\framework\el\tx\cm4_gcc\libtx.a(txe_queue_create.o)
                0x00003de8                _txe_queue_create
 .text._txe_queue_flush
                0x00003eb8       0x18 C:\Users\alana\e2_studio\workspace\test_4\synergy\ssp\src\framework\el\tx\cm4_gcc\libtx.a(txe_queue_flush.o)
                0x00003eb8                _txe_queue_flush
 .text._txe_queue_front_send
                0x00003ed0       0x40 C:\Users\alana\e2_studio\workspace\test_4\synergy\ssp\src\framework\el\tx\cm4_gcc\libtx.a(txe_queue_front_send.o)
                0x00003ed0                _txe_queue_front_send
 .text._txe_queue_receive
                0x00003f10       0x40 C:\Users\alana\e2_studio\workspace\test_4\synergy\ssp\src\framework\el\tx\cm4_gcc\libtx.a(txe_queue_receive.o)
                0x00003f10                _txe_queue_receive
 .text._txe_queue_send
                0x00003f50       0x40 C:\Users\alana\e2_studio\workspace\test_4\synergy\ssp\src\framework\el\tx\cm4_gcc\libtx.a(txe_queue_send.o)
                0x00003f50                _txe_queue_send
 .text._txe_semaphore_create
                0x00003f90       0xa8 C:\Users\alana\e2_studio\workspace\test_4\synergy\ssp\src\framework\el\tx\cm4_gcc\libtx.a(txe_semaphore_create.o)
                0x00003f90                _txe_semaphore_create
 .text._txe_semaphore_get
                0x00004038       0x2c C:\Users\alana\e2_studio\workspace\test_4\synergy\ssp\src\framework\el\tx\cm4_gcc\libtx.a(txe_semaphore_get.o)
                0x00004038                _txe_semaphore_get
 .text._txe_semaphore_put
                0x00004064       0x18 C:\Users\alana\e2_studio\workspace\test_4\synergy\ssp\src\framework\el\tx\cm4_gcc\libtx.a(txe_semaphore_put.o)
                0x00004064                _txe_semaphore_put
 .text._txe_thread_create
                0x0000407c      0x144 C:\Users\alana\e2_studio\workspace\test_4\synergy\ssp\src\framework\el\tx\cm4_gcc\libtx.a(txe_thread_create.o)
                0x0000407c                _txe_thread_create
 .text._tx_block_allocate
                0x000041c0       0x84 C:\Users\alana\e2_studio\workspace\test_4\synergy\ssp\src\framework\el\tx\cm4_gcc\libtx.a(tx_block_allocate.o)
                0x000041c0                _tx_block_allocate
 .text._tx_block_pool_cleanup
                0x00004244       0x6c C:\Users\alana\e2_studio\workspace\test_4\synergy\ssp\src\framework\el\tx\cm4_gcc\libtx.a(tx_block_pool_cleanup.o)
                0x00004244                _tx_block_pool_cleanup
 .text._tx_block_pool_create
                0x000042b0       0xcc C:\Users\alana\e2_studio\workspace\test_4\synergy\ssp\src\framework\el\tx\cm4_gcc\libtx.a(tx_block_pool_create.o)
                0x000042b0                _tx_block_pool_create
 .text._tx_block_pool_delete
                0x0000437c       0x9c C:\Users\alana\e2_studio\workspace\test_4\synergy\ssp\src\framework\el\tx\cm4_gcc\libtx.a(tx_block_pool_delete.o)
                0x0000437c                _tx_block_pool_delete
 .text._tx_block_release
                0x00004418       0x64 C:\Users\alana\e2_studio\workspace\test_4\synergy\ssp\src\framework\el\tx\cm4_gcc\libtx.a(tx_block_release.o)
                0x00004418                _tx_block_release
 .text._tx_initialize_high_level
                0x0000447c       0x90 C:\Users\alana\e2_studio\workspace\test_4\synergy\ssp\src\framework\el\tx\cm4_gcc\libtx.a(tx_initialize_high_level.o)
                0x0000447c                _tx_initialize_high_level
 .text._tx_initialize_kernel_enter
                0x0000450c       0x3c C:\Users\alana\e2_studio\workspace\test_4\synergy\ssp\src\framework\el\tx\cm4_gcc\libtx.a(tx_initialize_kernel_enter.o)
                0x0000450c                _tx_initialize_kernel_enter
 .text._tx_queue_create
                0x00004548       0x6c C:\Users\alana\e2_studio\workspace\test_4\synergy\ssp\src\framework\el\tx\cm4_gcc\libtx.a(tx_queue_create.o)
                0x00004548                _tx_queue_create
 .text._tx_queue_flush
                0x000045b4       0x7c C:\Users\alana\e2_studio\workspace\test_4\synergy\ssp\src\framework\el\tx\cm4_gcc\libtx.a(tx_queue_flush.o)
                0x000045b4                _tx_queue_flush
 .text._tx_queue_front_send
                0x00004630      0x10c C:\Users\alana\e2_studio\workspace\test_4\synergy\ssp\src\framework\el\tx\cm4_gcc\libtx.a(tx_queue_front_send.o)
                0x00004630                _tx_queue_front_send
 .text._tx_queue_receive
                0x0000473c      0x1d8 C:\Users\alana\e2_studio\workspace\test_4\synergy\ssp\src\framework\el\tx\cm4_gcc\libtx.a(tx_queue_receive.o)
                0x0000473c                _tx_queue_receive
 .text._tx_queue_send
                0x00004914      0x114 C:\Users\alana\e2_studio\workspace\test_4\synergy\ssp\src\framework\el\tx\cm4_gcc\libtx.a(tx_queue_send.o)
                0x00004914                _tx_queue_send
 .text._tx_semaphore_create
                0x00004a28       0x54 C:\Users\alana\e2_studio\workspace\test_4\synergy\ssp\src\framework\el\tx\cm4_gcc\libtx.a(tx_semaphore_create.o)
                0x00004a28                _tx_semaphore_create
 .text._tx_semaphore_get
                0x00004a7c       0x7c C:\Users\alana\e2_studio\workspace\test_4\synergy\ssp\src\framework\el\tx\cm4_gcc\libtx.a(tx_semaphore_get.o)
                0x00004a7c                _tx_semaphore_get
 .text._tx_semaphore_put
                0x00004af8       0x54 C:\Users\alana\e2_studio\workspace\test_4\synergy\ssp\src\framework\el\tx\cm4_gcc\libtx.a(tx_semaphore_put.o)
                0x00004af8                _tx_semaphore_put
 .text._tx_thread_create
                0x00004b4c      0x13c C:\Users\alana\e2_studio\workspace\test_4\synergy\ssp\src\framework\el\tx\cm4_gcc\libtx.a(tx_thread_create.o)
                0x00004b4c                _tx_thread_create
 .text._tx_thread_initialize
                0x00004c88       0x68 C:\Users\alana\e2_studio\workspace\test_4\synergy\ssp\src\framework\el\tx\cm4_gcc\libtx.a(tx_thread_initialize.o)
                0x00004c88                _tx_thread_initialize
 .text._tx_thread_shell_entry
                0x00004cf0       0x48 C:\Users\alana\e2_studio\workspace\test_4\synergy\ssp\src\framework\el\tx\cm4_gcc\libtx.a(tx_thread_shell_entry.o)
                0x00004cf0                _tx_thread_shell_entry
 .text._tx_thread_sleep
                0x00004d38       0x5c C:\Users\alana\e2_studio\workspace\test_4\synergy\ssp\src\framework\el\tx\cm4_gcc\libtx.a(tx_thread_sleep.o)
                0x00004d38                _tx_thread_sleep
 .text._tx_thread_system_preempt_check
                0x00004d94       0x3c C:\Users\alana\e2_studio\workspace\test_4\synergy\ssp\src\framework\el\tx\cm4_gcc\libtx.a(tx_thread_system_preempt_check.o)
                0x00004d94                _tx_thread_system_preempt_check
 .text._tx_thread_system_resume
                0x00004dd0       0xec C:\Users\alana\e2_studio\workspace\test_4\synergy\ssp\src\framework\el\tx\cm4_gcc\libtx.a(tx_thread_system_resume.o)
                0x00004dd0                _tx_thread_system_resume
 .text._tx_thread_system_suspend
                0x00004ebc      0x104 C:\Users\alana\e2_studio\workspace\test_4\synergy\ssp\src\framework\el\tx\cm4_gcc\libtx.a(tx_thread_system_suspend.o)
                0x00004ebc                _tx_thread_system_suspend
 .text._tx_thread_timeout
                0x00004fc0       0x2c C:\Users\alana\e2_studio\workspace\test_4\synergy\ssp\src\framework\el\tx\cm4_gcc\libtx.a(tx_thread_timeout.o)
                0x00004fc0                _tx_thread_timeout
 .text._tx_timer_initialize
                0x00004fec       0x7c C:\Users\alana\e2_studio\workspace\test_4\synergy\ssp\src\framework\el\tx\cm4_gcc\libtx.a(tx_timer_initialize.o)
                0x00004fec                _tx_timer_initialize
 .text._tx_timer_system_activate
                0x00005068       0x54 C:\Users\alana\e2_studio\workspace\test_4\synergy\ssp\src\framework\el\tx\cm4_gcc\libtx.a(tx_timer_system_activate.o)
                0x00005068                _tx_timer_system_activate
 .text._tx_timer_system_deactivate
                0x000050bc       0x2c C:\Users\alana\e2_studio\workspace\test_4\synergy\ssp\src\framework\el\tx\cm4_gcc\libtx.a(tx_timer_system_deactivate.o)
                0x000050bc                _tx_timer_system_deactivate
 .text._tx_initialize_low_level
                0x000050e8       0x80 C:\Users\alana\e2_studio\workspace\test_4\synergy\ssp\src\framework\el\tx\cm4_gcc\libtx.a(tx_initialize_low_level.o)
                0x000050e8                _tx_initialize_low_level
 .text._tx_thread_schedule
                0x00005168       0x60 C:\Users\alana\e2_studio\workspace\test_4\synergy\ssp\src\framework\el\tx\cm4_gcc\libtx.a(tx_thread_schedule.o)
                0x00005168                _tx_thread_schedule
 .text.PendSV_Handler
                0x000051c8      0x14c C:\Users\alana\e2_studio\workspace\test_4\synergy\ssp\src\framework\el\tx\cm4_gcc\libtx.a(tx_thread_schedule.o)
                0x000051c8                PendSV_Handler
 .text.SysTick_Handler
                0x00005314        0x4 C:\Users\alana\e2_studio\workspace\test_4\synergy\ssp\src\framework\el\tx\cm4_gcc\libtx.a(tx_thread_schedule.o)
                0x00005314                SysTick_Handler
 .text._tx_thread_stack_build
                0x00005318       0x48 C:\Users\alana\e2_studio\workspace\test_4\synergy\ssp\src\framework\el\tx\cm4_gcc\libtx.a(tx_thread_stack_build.o)
                0x00005318                _tx_thread_stack_build
 .text._tx_timer_interrupt
                0x00005360       0xd4 C:\Users\alana\e2_studio\workspace\test_4\synergy\ssp\src\framework\el\tx\cm4_gcc\libtx.a(tx_timer_interrupt.o)
                0x00005360                _tx_timer_interrupt
 .text._tx_queue_cleanup
                0x00005434       0x78 C:\Users\alana\e2_studio\workspace\test_4\synergy\ssp\src\framework\el\tx\cm4_gcc\libtx.a(tx_queue_cleanup.o)
                0x00005434                _tx_queue_cleanup
 .text._tx_semaphore_cleanup
                0x000054ac       0x6c C:\Users\alana\e2_studio\workspace\test_4\synergy\ssp\src\framework\el\tx\cm4_gcc\libtx.a(tx_semaphore_cleanup.o)
                0x000054ac                _tx_semaphore_cleanup
 .text._tx_thread_time_slice
                0x00005518       0x74 C:\Users\alana\e2_studio\workspace\test_4\synergy\ssp\src\framework\el\tx\cm4_gcc\libtx.a(tx_thread_time_slice.o)
                0x00005518                _tx_thread_time_slice
 .text._tx_timer_expiration_process
                0x0000558c      0x10c C:\Users\alana\e2_studio\workspace\test_4\synergy\ssp\src\framework\el\tx\cm4_gcc\libtx.a(tx_timer_expiration_process.o)
                0x0000558c                _tx_timer_expiration_process
 .text.__errno  0x00005698        0xc c:/program files (x86)/gnu tools arm embedded/4.9 2015q3/bin/../lib/gcc/arm-none-eabi/4.9.3/../../../../arm-none-eabi/lib/armv7e-m/fpu\libg_nano.a(lib_a-errno.o)
                0x00005698                __errno
 .text.memset   0x000056a4       0x10 c:/program files (x86)/gnu tools arm embedded/4.9 2015q3/bin/../lib/gcc/arm-none-eabi/4.9.3/../../../../arm-none-eabi/lib/armv7e-m/fpu\libg_nano.a(lib_a-memset.o)
                0x000056a4                memset
 .text.printf   0x000056b4       0x30 c:/program files (x86)/gnu tools arm embedded/4.9 2015q3/bin/../lib/gcc/arm-none-eabi/4.9.3/../../../../arm-none-eabi/lib/armv7e-m/fpu\libg_nano.a(lib_a-printf.o)
                0x000056b4                iprintf
                0x000056b4                printf
 .text._puts_r  0x000056e4       0xf0 c:/program files (x86)/gnu tools arm embedded/4.9 2015q3/bin/../lib/gcc/arm-none-eabi/4.9.3/../../../../arm-none-eabi/lib/armv7e-m/fpu\libg_nano.a(lib_a-puts.o)
                0x000056e4                _puts_r
 .text.puts     0x000057d4       0x10 c:/program files (x86)/gnu tools arm embedded/4.9 2015q3/bin/../lib/gcc/arm-none-eabi/4.9.3/../../../../arm-none-eabi/lib/armv7e-m/fpu\libg_nano.a(lib_a-puts.o)
                0x000057d4                puts
 .text.__swbuf_r
                0x000057e4       0xa8 c:/program files (x86)/gnu tools arm embedded/4.9 2015q3/bin/../lib/gcc/arm-none-eabi/4.9.3/../../../../arm-none-eabi/lib/armv7e-m/fpu\libg_nano.a(lib_a-wbuf.o)
                0x000057e4                __swbuf_r
 .text.__swsetup_r
                0x0000588c       0xd8 c:/program files (x86)/gnu tools arm embedded/4.9 2015q3/bin/../lib/gcc/arm-none-eabi/4.9.3/../../../../arm-none-eabi/lib/armv7e-m/fpu\libg_nano.a(lib_a-wsetup.o)
                0x0000588c                __swsetup_r
 .text.__sflush_r
                0x00005964      0x108 c:/program files (x86)/gnu tools arm embedded/4.9 2015q3/bin/../lib/gcc/arm-none-eabi/4.9.3/../../../../arm-none-eabi/lib/armv7e-m/fpu\libg_nano.a(lib_a-fflush.o)
                0x00005964                __sflush_r
 .text._fflush_r
                0x00005a6c       0x54 c:/program files (x86)/gnu tools arm embedded/4.9 2015q3/bin/../lib/gcc/arm-none-eabi/4.9.3/../../../../arm-none-eabi/lib/armv7e-m/fpu\libg_nano.a(lib_a-fflush.o)
                0x00005a6c                _fflush_r
 .text._cleanup_r
                0x00005ac0        0xc c:/program files (x86)/gnu tools arm embedded/4.9 2015q3/bin/../lib/gcc/arm-none-eabi/4.9.3/../../../../arm-none-eabi/lib/armv7e-m/fpu\libg_nano.a(lib_a-findfp.o)
                0x00005ac0                _cleanup_r
 .text.std.isra.0
                0x00005acc       0x48 c:/program files (x86)/gnu tools arm embedded/4.9 2015q3/bin/../lib/gcc/arm-none-eabi/4.9.3/../../../../arm-none-eabi/lib/armv7e-m/fpu\libg_nano.a(lib_a-findfp.o)
 .text.__sfmoreglue
                0x00005b14       0x2c c:/program files (x86)/gnu tools arm embedded/4.9 2015q3/bin/../lib/gcc/arm-none-eabi/4.9.3/../../../../arm-none-eabi/lib/armv7e-m/fpu\libg_nano.a(lib_a-findfp.o)
                0x00005b14                __sfmoreglue
 .text.__sinit  0x00005b40       0x60 c:/program files (x86)/gnu tools arm embedded/4.9 2015q3/bin/../lib/gcc/arm-none-eabi/4.9.3/../../../../arm-none-eabi/lib/armv7e-m/fpu\libg_nano.a(lib_a-findfp.o)
                0x00005b40                __sinit
 .text.__sfp    0x00005ba0       0x74 c:/program files (x86)/gnu tools arm embedded/4.9 2015q3/bin/../lib/gcc/arm-none-eabi/4.9.3/../../../../arm-none-eabi/lib/armv7e-m/fpu\libg_nano.a(lib_a-findfp.o)
                0x00005ba0                __sfp
 .text._fwalk_reent
                0x00005c14       0x3c c:/program files (x86)/gnu tools arm embedded/4.9 2015q3/bin/../lib/gcc/arm-none-eabi/4.9.3/../../../../arm-none-eabi/lib/armv7e-m/fpu\libg_nano.a(lib_a-fwalk.o)
                0x00005c14                _fwalk_reent
 .text.__smakebuf_r
                0x00005c50       0x9c c:/program files (x86)/gnu tools arm embedded/4.9 2015q3/bin/../lib/gcc/arm-none-eabi/4.9.3/../../../../arm-none-eabi/lib/armv7e-m/fpu\libg_nano.a(lib_a-makebuf.o)
                0x00005c50                __smakebuf_r
 .text._free_r  0x00005cec       0x88 c:/program files (x86)/gnu tools arm embedded/4.9 2015q3/bin/../lib/gcc/arm-none-eabi/4.9.3/../../../../arm-none-eabi/lib/armv7e-m/fpu\libg_nano.a(lib_a-nano-freer.o)
                0x00005cec                _free_r
 .text._malloc_r
                0x00005d74       0xac c:/program files (x86)/gnu tools arm embedded/4.9 2015q3/bin/../lib/gcc/arm-none-eabi/4.9.3/../../../../arm-none-eabi/lib/armv7e-m/fpu\libg_nano.a(lib_a-nano-mallocr.o)
                0x00005d74                _malloc_r
 .text.__sfputc_r
                0x00005e20       0x2c c:/program files (x86)/gnu tools arm embedded/4.9 2015q3/bin/../lib/gcc/arm-none-eabi/4.9.3/../../../../arm-none-eabi/lib/armv7e-m/fpu\libg_nano.a(lib_a-nano-vfprintf.o)
 .text.__sfputs_r
                0x00005e4c       0x24 c:/program files (x86)/gnu tools arm embedded/4.9 2015q3/bin/../lib/gcc/arm-none-eabi/4.9.3/../../../../arm-none-eabi/lib/armv7e-m/fpu\libg_nano.a(lib_a-nano-vfprintf.o)
                0x00005e4c                __sfputs_r
 .text._vfprintf_r
                0x00005e70      0x210 c:/program files (x86)/gnu tools arm embedded/4.9 2015q3/bin/../lib/gcc/arm-none-eabi/4.9.3/../../../../arm-none-eabi/lib/armv7e-m/fpu\libg_nano.a(lib_a-nano-vfprintf.o)
                0x00005e70                _vfprintf_r
                0x00005e70                _vfiprintf_r
 .text._printf_common
                0x00006080       0xea c:/program files (x86)/gnu tools arm embedded/4.9 2015q3/bin/../lib/gcc/arm-none-eabi/4.9.3/../../../../arm-none-eabi/lib/armv7e-m/fpu\libg_nano.a(lib_a-nano-vfprintf_i.o)
                0x00006080                _printf_common
 *fill*         0x0000616a        0x2 ff
 .text._printf_i
                0x0000616c      0x240 c:/program files (x86)/gnu tools arm embedded/4.9 2015q3/bin/../lib/gcc/arm-none-eabi/4.9.3/../../../../arm-none-eabi/lib/armv7e-m/fpu\libg_nano.a(lib_a-nano-vfprintf_i.o)
                0x0000616c                _printf_i
 .text._sbrk_r  0x000063ac       0x20 c:/program files (x86)/gnu tools arm embedded/4.9 2015q3/bin/../lib/gcc/arm-none-eabi/4.9.3/../../../../arm-none-eabi/lib/armv7e-m/fpu\libg_nano.a(lib_a-sbrkr.o)
                0x000063ac                _sbrk_r
 .text.__sread  0x000063cc       0x22 c:/program files (x86)/gnu tools arm embedded/4.9 2015q3/bin/../lib/gcc/arm-none-eabi/4.9.3/../../../../arm-none-eabi/lib/armv7e-m/fpu\libg_nano.a(lib_a-stdio.o)
                0x000063cc                __sread
 .text.__swrite
                0x000063ee       0x38 c:/program files (x86)/gnu tools arm embedded/4.9 2015q3/bin/../lib/gcc/arm-none-eabi/4.9.3/../../../../arm-none-eabi/lib/armv7e-m/fpu\libg_nano.a(lib_a-stdio.o)
                0x000063ee                __swrite
 .text.__sseek  0x00006426       0x24 c:/program files (x86)/gnu tools arm embedded/4.9 2015q3/bin/../lib/gcc/arm-none-eabi/4.9.3/../../../../arm-none-eabi/lib/armv7e-m/fpu\libg_nano.a(lib_a-stdio.o)
                0x00006426                __sseek
 .text.__sclose
                0x0000644a        0x8 c:/program files (x86)/gnu tools arm embedded/4.9 2015q3/bin/../lib/gcc/arm-none-eabi/4.9.3/../../../../arm-none-eabi/lib/armv7e-m/fpu\libg_nano.a(lib_a-stdio.o)
                0x0000644a                __sclose
 *fill*         0x00006452        0x2 ff
 .text._write_r
                0x00006454       0x24 c:/program files (x86)/gnu tools arm embedded/4.9 2015q3/bin/../lib/gcc/arm-none-eabi/4.9.3/../../../../arm-none-eabi/lib/armv7e-m/fpu\libg_nano.a(lib_a-writer.o)
                0x00006454                _write_r
 .text._close_r
                0x00006478       0x20 c:/program files (x86)/gnu tools arm embedded/4.9 2015q3/bin/../lib/gcc/arm-none-eabi/4.9.3/../../../../arm-none-eabi/lib/armv7e-m/fpu\libg_nano.a(lib_a-closer.o)
                0x00006478                _close_r
 .text._fstat_r
                0x00006498       0x24 c:/program files (x86)/gnu tools arm embedded/4.9 2015q3/bin/../lib/gcc/arm-none-eabi/4.9.3/../../../../arm-none-eabi/lib/armv7e-m/fpu\libg_nano.a(lib_a-fstatr.o)
                0x00006498                _fstat_r
 .text._isatty_r
                0x000064bc       0x20 c:/program files (x86)/gnu tools arm embedded/4.9 2015q3/bin/../lib/gcc/arm-none-eabi/4.9.3/../../../../arm-none-eabi/lib/armv7e-m/fpu\libg_nano.a(lib_a-isattyr.o)
                0x000064bc                _isatty_r
 .text._lseek_r
                0x000064dc       0x24 c:/program files (x86)/gnu tools arm embedded/4.9 2015q3/bin/../lib/gcc/arm-none-eabi/4.9.3/../../../../arm-none-eabi/lib/armv7e-m/fpu\libg_nano.a(lib_a-lseekr.o)
                0x000064dc                _lseek_r
 .text.memchr   0x00006500       0x1e c:/program files (x86)/gnu tools arm embedded/4.9 2015q3/bin/../lib/gcc/arm-none-eabi/4.9.3/../../../../arm-none-eabi/lib/armv7e-m/fpu\libg_nano.a(lib_a-memchr.o)
                0x00006500                memchr
 *fill*         0x0000651e        0x2 ff
 .text._read_r  0x00006520       0x24 c:/program files (x86)/gnu tools arm embedded/4.9 2015q3/bin/../lib/gcc/arm-none-eabi/4.9.3/../../../../arm-none-eabi/lib/armv7e-m/fpu\libg_nano.a(lib_a-readr.o)
                0x00006520                _read_r
 .text.findslot
                0x00006544       0x34 c:/program files (x86)/gnu tools arm embedded/4.9 2015q3/bin/../lib/gcc/arm-none-eabi/4.9.3/../../../../arm-none-eabi/lib/armv7e-m/fpu\librdimon_nano.a(rdimon-syscalls.o)
 .text.error    0x00006578       0x1c c:/program files (x86)/gnu tools arm embedded/4.9 2015q3/bin/../lib/gcc/arm-none-eabi/4.9.3/../../../../arm-none-eabi/lib/armv7e-m/fpu\librdimon_nano.a(rdimon-syscalls.o)
 .text.checkerror
                0x00006594        0xa c:/program files (x86)/gnu tools arm embedded/4.9 2015q3/bin/../lib/gcc/arm-none-eabi/4.9.3/../../../../arm-none-eabi/lib/armv7e-m/fpu\librdimon_nano.a(rdimon-syscalls.o)
 *fill*         0x0000659e        0x2 ff
 .text.initialise_monitor_handles
                0x000065a0       0xa4 c:/program files (x86)/gnu tools arm embedded/4.9 2015q3/bin/../lib/gcc/arm-none-eabi/4.9.3/../../../../arm-none-eabi/lib/armv7e-m/fpu\librdimon_nano.a(rdimon-syscalls.o)
                0x000065a0                initialise_monitor_handles
 .text._swiread
                0x00006644       0x20 c:/program files (x86)/gnu tools arm embedded/4.9 2015q3/bin/../lib/gcc/arm-none-eabi/4.9.3/../../../../arm-none-eabi/lib/armv7e-m/fpu\librdimon_nano.a(rdimon-syscalls.o)
                0x00006644                _swiread
 .text._read    0x00006664       0x34 c:/program files (x86)/gnu tools arm embedded/4.9 2015q3/bin/../lib/gcc/arm-none-eabi/4.9.3/../../../../arm-none-eabi/lib/armv7e-m/fpu\librdimon_nano.a(rdimon-syscalls.o)
                0x00006664                _read
 .text._swilseek
                0x00006698       0x7a c:/program files (x86)/gnu tools arm embedded/4.9 2015q3/bin/../lib/gcc/arm-none-eabi/4.9.3/../../../../arm-none-eabi/lib/armv7e-m/fpu\librdimon_nano.a(rdimon-syscalls.o)
                0x00006698                _swilseek
 .text._lseek   0x00006712        0x4 c:/program files (x86)/gnu tools arm embedded/4.9 2015q3/bin/../lib/gcc/arm-none-eabi/4.9.3/../../../../arm-none-eabi/lib/armv7e-m/fpu\librdimon_nano.a(rdimon-syscalls.o)
                0x00006712                _lseek
 .text._swiwrite
                0x00006716       0x20 c:/program files (x86)/gnu tools arm embedded/4.9 2015q3/bin/../lib/gcc/arm-none-eabi/4.9.3/../../../../arm-none-eabi/lib/armv7e-m/fpu\librdimon_nano.a(rdimon-syscalls.o)
                0x00006716                _swiwrite
 .text._write   0x00006736       0x42 c:/program files (x86)/gnu tools arm embedded/4.9 2015q3/bin/../lib/gcc/arm-none-eabi/4.9.3/../../../../arm-none-eabi/lib/armv7e-m/fpu\librdimon_nano.a(rdimon-syscalls.o)
                0x00006736                _write
 .text._swiclose
                0x00006778       0x1c c:/program files (x86)/gnu tools arm embedded/4.9 2015q3/bin/../lib/gcc/arm-none-eabi/4.9.3/../../../../arm-none-eabi/lib/armv7e-m/fpu\librdimon_nano.a(rdimon-syscalls.o)
                0x00006778                _swiclose
 .text._close   0x00006794       0x48 c:/program files (x86)/gnu tools arm embedded/4.9 2015q3/bin/../lib/gcc/arm-none-eabi/4.9.3/../../../../arm-none-eabi/lib/armv7e-m/fpu\librdimon_nano.a(rdimon-syscalls.o)
                0x00006794                _close
 .text._swistat
                0x000067dc       0x42 c:/program files (x86)/gnu tools arm embedded/4.9 2015q3/bin/../lib/gcc/arm-none-eabi/4.9.3/../../../../arm-none-eabi/lib/armv7e-m/fpu\librdimon_nano.a(rdimon-syscalls.o)
                0x000067dc                _swistat
 .text._fstat   0x0000681e       0x1c c:/program files (x86)/gnu tools arm embedded/4.9 2015q3/bin/../lib/gcc/arm-none-eabi/4.9.3/../../../../arm-none-eabi/lib/armv7e-m/fpu\librdimon_nano.a(rdimon-syscalls.o)
                0x0000681e                _fstat
 .text._isatty  0x0000683a       0x38 c:/program files (x86)/gnu tools arm embedded/4.9 2015q3/bin/../lib/gcc/arm-none-eabi/4.9.3/../../../../arm-none-eabi/lib/armv7e-m/fpu\librdimon_nano.a(rdimon-syscalls.o)
                0x0000683a                _isatty
 *(.version)
 *fill*         0x00006872        0x2 ff
 .version       0x00006874       0x60 ./synergy/ssp/src/bsp/mcu/all/bsp_common.o
 *(.init)
 .init          0x000068d4        0x4 c:/program files (x86)/gnu tools arm embedded/4.9 2015q3/bin/../lib/gcc/arm-none-eabi/4.9.3/armv7e-m/fpu/crti.o
                0x000068d4                _init
 .init          0x000068d8        0x8 c:/program files (x86)/gnu tools arm embedded/4.9 2015q3/bin/../lib/gcc/arm-none-eabi/4.9.3/armv7e-m/fpu/crtn.o
 *(.fini)
 .fini          0x000068e0        0x4 c:/program files (x86)/gnu tools arm embedded/4.9 2015q3/bin/../lib/gcc/arm-none-eabi/4.9.3/armv7e-m/fpu/crti.o
                0x000068e0                _fini
 .fini          0x000068e4        0x8 c:/program files (x86)/gnu tools arm embedded/4.9 2015q3/bin/../lib/gcc/arm-none-eabi/4.9.3/armv7e-m/fpu/crtn.o
 *crtbegin.o(.ctors)
 *crtbegin?.o(.ctors)
 *(EXCLUDE_FILE(*crtend.o *crtend?.o) .ctors)
 *(SORT(.ctors.*))
 *(.ctors)
 *crtbegin.o(.dtors)
 *crtbegin?.o(.dtors)
 *(EXCLUDE_FILE(*crtend.o *crtend?.o) .dtors)
 *(SORT(.dtors.*))
 *(.dtors)
 *(.rodata*)
 .rodata.g_sf_message_on_sf_message
                0x000068ec       0x1c ./synergy/ssp/src/framework/sf_message/sf_message.o
                0x000068ec                g_sf_message_on_sf_message
 .rodata.g_ioport_on_ioport
                0x00006908       0x3c ./synergy/ssp/src/driver/r_ioport/r_ioport.o
                0x00006908                g_ioport_on_ioport
 .rodata.g_vbatt_pins_input
                0x00006944        0x6 ./synergy/ssp/src/driver/r_ioport/r_ioport.o
 *fill*         0x0000694a        0x2 ff
 .rodata.bit_count_mask
                0x0000694c        0x8 ./synergy/ssp/src/driver/r_fmi/r_fmi.o
 .rodata.bit_count
                0x00006954       0x80 ./synergy/ssp/src/driver/r_fmi/r_fmi.o
 .rodata.g_fmi_on_fmi
                0x000069d4       0x18 ./synergy/ssp/src/driver/r_fmi/r_fmi.o
                0x000069d4                g_fmi_on_fmi
 .rodata.g_fmi_version
                0x000069ec        0x4 ./synergy/ssp/src/driver/r_fmi/r_fmi.o
 .rodata.g_elc_on_elc
                0x000069f0       0x1c ./synergy/ssp/src/driver/r_elc/r_elc.o
                0x000069f0                g_elc_on_elc
 .rodata.s_elc_version
                0x00006a0c        0x4 ./synergy/ssp/src/driver/r_elc/r_elc.o
 .rodata.g_pllccr2_div_value
                0x00006a10        0x6 ./synergy/ssp/src/driver/r_cgc/hw/hw_cgc.o
 *fill*         0x00006a16        0x2 ff
 .rodata.g_pllccr_div_value
                0x00006a18        0x6 ./synergy/ssp/src/driver/r_cgc/hw/hw_cgc.o
 *fill*         0x00006a1e        0x2 ff
 .rodata.g_pllccr_div_setting
                0x00006a20        0x6 ./synergy/ssp/src/driver/r_cgc/hw/hw_cgc.o
 *fill*         0x00006a26        0x2 ff
 .rodata.g_pllccr2_div_setting
                0x00006a28        0x8 ./synergy/ssp/src/driver/r_cgc/hw/hw_cgc.o
 .rodata.g_cgc_on_cgc
                0x00006a30       0x60 ./synergy/ssp/src/driver/r_cgc/r_cgc.o
                0x00006a30                g_cgc_on_cgc
 .rodata.g_lcd_clock_settings
                0x00006a90        0x6 ./synergy/ssp/src/driver/r_cgc/r_cgc.o
 *fill*         0x00006a96        0x2 ff
 .rodata.g_cgc_version
                0x00006a98        0x4 ./synergy/ssp/src/driver/r_cgc/r_cgc.o
 .rodata.g_cgc_feature
                0x00006a9c       0x2c ./synergy/ssp/src/bsp/mcu/s7g2/bsp_feature.o
 .rodata.g_fmi_data
                0x00006ac8      0x400 ./synergy/ssp/src/bsp/mcu/s7g2/bsp_fmi_R7FS7G27H3A01CFC.o
                0x00006ac8                g_fmi_data
 .rodata.gp_mstp
                0x00006ec8       0x10 ./synergy/ssp/src/bsp/mcu/s7g2/bsp_module_stop.o
 .rodata.g_bsp_module_stop
                0x00006ed8       0x46 ./synergy/ssp/src/bsp/mcu/s7g2/bsp_module_stop.o
 *fill*         0x00006f1e        0x2 ff
 .rodata.gp_vector_information
                0x00006f20        0x4 ./synergy/ssp/src/bsp/mcu/all/bsp_irq.o
                0x00006f20                gp_vector_information
 .rodata.g_prcr_masks
                0x00006f24        0x6 ./synergy/ssp/src/bsp/mcu/all/bsp_register_protection.o
 *fill*         0x00006f2a        0x2 ff
 .rodata.g_elc_cfg
                0x00006f2c        0xc ./synergy/ssp/src/bsp/cmsis/Device/RENESAS/S7G2/Source/system_S7G2.o
 .rodata.str1.4
                0x00006f38       0x10 ./src/synergy_gen/common_data.o
 .rodata.g_sf_message0
                0x00006f48        0xc ./src/synergy_gen/common_data.o
                0x00006f48                g_sf_message0
 .rodata.str1.4
                0x00006f54       0x13 ./src/synergy_gen/computation_thread.o
 *fill*         0x00006f67        0x1 ff
 .rodata.str1.4
                0x00006f68       0x14 ./src/synergy_gen/main.o
 .rodata.str1.4
                0x00006f7c       0x40 ./src/synergy_gen/message_data.o
 .rodata.str1.4
                0x00006fbc        0xe ./src/synergy_gen/output_thread.o
 *fill*         0x00006fca        0x2 ff
 .rodata.g_bsp_pin_cfg
                0x00006fcc        0x8 ./src/synergy_gen/pin_data.o
                0x00006fcc                g_bsp_pin_cfg
 .rodata.g_bsp_pin_cfg_data
                0x00006fd4      0x380 ./src/synergy_gen/pin_data.o
                0x00006fd4                g_bsp_pin_cfg_data
 .rodata.str1.4
                0x00007354       0x10 ./src/synergy_gen/sensor_thread1.o
 .rodata.str1.4
                0x00007364       0x10 ./src/synergy_gen/sensor_thread2.o
 .rodata.str1.4
                0x00007374       0x9d ./src/computation_thread_entry.o
 *fill*         0x00007411        0x3 ff
 .rodata.str1.4
                0x00007414       0x62 ./src/output_thread_entry.o
 *fill*         0x00007476        0x2 ff
 .rodata.str1.4
                0x00007478       0x1b ./src/sensor_thread1_entry.o
 *fill*         0x00007493        0x1 ff
 .rodata.str1.4
                0x00007494       0x1c ./src/sensor_thread2_entry.o
                                 0x1b (size before relaxing)
 .rodata.str1.1
                0x000074b0        0x2 c:/program files (x86)/gnu tools arm embedded/4.9 2015q3/bin/../lib/gcc/arm-none-eabi/4.9.3/../../../../arm-none-eabi/lib/armv7e-m/fpu\libg_nano.a(lib_a-impure.o)
 *fill*         0x000074b2        0x2 ff
 .rodata._global_impure_ptr
                0x000074b4        0x4 c:/program files (x86)/gnu tools arm embedded/4.9 2015q3/bin/../lib/gcc/arm-none-eabi/4.9.3/../../../../arm-none-eabi/lib/armv7e-m/fpu\libg_nano.a(lib_a-impure.o)
                0x000074b4                _global_impure_ptr
 .rodata.__sf_fake_stdin
                0x000074b8       0x20 c:/program files (x86)/gnu tools arm embedded/4.9 2015q3/bin/../lib/gcc/arm-none-eabi/4.9.3/../../../../arm-none-eabi/lib/armv7e-m/fpu\libg_nano.a(lib_a-findfp.o)
                0x000074b8                __sf_fake_stdin
 .rodata.__sf_fake_stdout
                0x000074d8       0x20 c:/program files (x86)/gnu tools arm embedded/4.9 2015q3/bin/../lib/gcc/arm-none-eabi/4.9.3/../../../../arm-none-eabi/lib/armv7e-m/fpu\libg_nano.a(lib_a-findfp.o)
                0x000074d8                __sf_fake_stdout
 .rodata.__sf_fake_stderr
                0x000074f8       0x20 c:/program files (x86)/gnu tools arm embedded/4.9 2015q3/bin/../lib/gcc/arm-none-eabi/4.9.3/../../../../arm-none-eabi/lib/armv7e-m/fpu\libg_nano.a(lib_a-findfp.o)
                0x000074f8                __sf_fake_stderr
 .rodata.str1.1
                0x00007518       0x11 c:/program files (x86)/gnu tools arm embedded/4.9 2015q3/bin/../lib/gcc/arm-none-eabi/4.9.3/../../../../arm-none-eabi/lib/armv7e-m/fpu\libg_nano.a(lib_a-nano-vfprintf.o)
 .rodata.str1.1
                0x00007529       0x22 c:/program files (x86)/gnu tools arm embedded/4.9 2015q3/bin/../lib/gcc/arm-none-eabi/4.9.3/../../../../arm-none-eabi/lib/armv7e-m/fpu\libg_nano.a(lib_a-nano-vfprintf_i.o)
 .rodata.str1.1
                0x0000754b        0x4 c:/program files (x86)/gnu tools arm embedded/4.9 2015q3/bin/../lib/gcc/arm-none-eabi/4.9.3/../../../../arm-none-eabi/lib/armv7e-m/fpu\librdimon_nano.a(rdimon-syscalls.o)
                0x0000754f                __usb_dev_descriptor_start_fs = .
 *(.usb_device_desc_fs*)
                0x0000754f                __usb_cfg_descriptor_start_fs = .
 *(.usb_config_desc_fs*)
                0x0000754f                __usb_interface_descriptor_start_fs = .
 *(.usb_interface_desc_fs*)
                0x0000754f                __usb_descriptor_end_fs = .
                0x0000754f                __usb_dev_descriptor_start_hs = .
 *(.usb_device_desc_hs*)
                0x0000754f                __usb_cfg_descriptor_start_hs = .
 *(.usb_config_desc_hs*)
                0x0000754f                __usb_interface_descriptor_start_hs = .
 *(.usb_interface_desc_hs*)
                0x0000754f                __usb_descriptor_end_hs = .
 *(.eh_frame*)
 *fill*         0x0000754f        0x1 ff
 .eh_frame      0x00007550        0x0 c:/program files (x86)/gnu tools arm embedded/4.9 2015q3/bin/../lib/gcc/arm-none-eabi/4.9.3/armv7e-m/fpu/crtbegin.o
 .eh_frame      0x00007550        0x4 c:/program files (x86)/gnu tools arm embedded/4.9 2015q3/bin/../lib/gcc/arm-none-eabi/4.9.3/armv7e-m/fpu/crtend.o
                0x00007554                __ROM_End = .
                0x00000040                __Vectors_Size = (__Vectors_End - __Vectors)
                0x00000000                __Vector_Info_Size = (__Vector_Info_End - __Vector_Info_Start)
                0x000001b0                __Lock_Lookup_Size = (__Lock_Lookup_End - __Lock_Lookup_Start)

.glue_7         0x00007554        0x0
 .glue_7        0x00000000        0x0 linker stubs

.glue_7t        0x00007554        0x0
 .glue_7t       0x00000000        0x0 linker stubs

.vfp11_veneer   0x00007554        0x0
 .vfp11_veneer  0x00000000        0x0 linker stubs

.v4_bx          0x00007554        0x0
 .v4_bx         0x00000000        0x0 linker stubs

.iplt           0x00007554        0x0
 .iplt          0x00000000        0x0 c:/program files (x86)/gnu tools arm embedded/4.9 2015q3/bin/../lib/gcc/arm-none-eabi/4.9.3/armv7e-m/fpu/crtbegin.o

.rel.dyn        0x00007554        0x0
 .rel.iplt      0x00000000        0x0 c:/program files (x86)/gnu tools arm embedded/4.9 2015q3/bin/../lib/gcc/arm-none-eabi/4.9.3/armv7e-m/fpu/crtbegin.o

.ARM.extab
 *(.ARM.extab* .gnu.linkonce.armextab.*)
                0x00007554                __exidx_start = .

.ARM.exidx
 *(.ARM.exidx* .gnu.linkonce.armexidx.*)
                0x00007554                __exidx_end = .
                0x00007554                __etext = .

.ssp_dtc_vector_table
                0x1ffe0000        0x0
                0x1ffe0000                . = ORIGIN (RAM)
 *(.ssp_dtc_vector_table)

.data           0x1ffe0000      0x11c load address 0x00007554
                0x1ffe0000                __data_start__ = .
 *(vtable)
 *(.data.*)
 .data.g_sf_message0_cfg
                0x1ffe0000       0x14 ./src/synergy_gen/common_data.o
                0x1ffe0000                g_sf_message0_cfg
 .data.gp_group_SF_MESSAGE_EVENT_CLASS_SENSORDATA
                0x1ffe0014        0x8 ./src/synergy_gen/message_data.o
 .data.g_list_SF_MESSAGE_EVENT_CLASS_SENSORDATA
                0x1ffe001c        0x8 ./src/synergy_gen/message_data.o
 .data.output_thread_message_queue_2_2
                0x1ffe0024        0x8 ./src/synergy_gen/message_data.o
 .data.p_subscriber_lists
                0x1ffe002c        0x8 ./src/synergy_gen/message_data.o
                0x1ffe002c                p_subscriber_lists
 .data.computation_thread_message_queue_0_1
                0x1ffe0034        0x8 ./src/synergy_gen/message_data.o
 .data._tx_thread_system_state
                0x1ffe003c        0x4 C:\Users\alana\e2_studio\workspace\test_4\synergy\ssp\src\framework\el\tx\cm4_gcc\libtx.a(tx_thread_initialize.o)
                0x1ffe003c                _tx_thread_system_state
 .data.impure_data
                0x1ffe0040       0x60 c:/program files (x86)/gnu tools arm embedded/4.9 2015q3/bin/../lib/gcc/arm-none-eabi/4.9.3/../../../../arm-none-eabi/lib/armv7e-m/fpu\libg_nano.a(lib_a-impure.o)
 .data._impure_ptr
                0x1ffe00a0        0x4 c:/program files (x86)/gnu tools arm embedded/4.9 2015q3/bin/../lib/gcc/arm-none-eabi/4.9.3/../../../../arm-none-eabi/lib/armv7e-m/fpu\libg_nano.a(lib_a-impure.o)
                0x1ffe00a0                _impure_ptr
                0x1ffe00a4                . = ALIGN (0x4)
                0x1ffe00a4                PROVIDE (__preinit_array_start, .)
 *(.preinit_array)
                0x1ffe00a4                PROVIDE (__preinit_array_end, .)
                0x1ffe00a4                . = ALIGN (0x4)
                0x1ffe00a4                PROVIDE (__init_array_start, .)
 *(SORT(.init_array.*))
 *(.init_array)
 .init_array    0x1ffe00a4        0x4 c:/program files (x86)/gnu tools arm embedded/4.9 2015q3/bin/../lib/gcc/arm-none-eabi/4.9.3/armv7e-m/fpu/crtbegin.o
                0x1ffe00a8                PROVIDE (__init_array_end, .)
                0x1ffe00a8                . = ALIGN (0x4)
                0x1ffe00a8                PROVIDE (__fini_array_start, .)
 *(SORT(.fini_array.*))
 *(.fini_array)
 .fini_array    0x1ffe00a8        0x4 c:/program files (x86)/gnu tools arm embedded/4.9 2015q3/bin/../lib/gcc/arm-none-eabi/4.9.3/armv7e-m/fpu/crtbegin.o
                0x1ffe00ac                PROVIDE (__fini_array_end, .)
 *(.jcr*)
 .jcr           0x1ffe00ac        0x0 c:/program files (x86)/gnu tools arm embedded/4.9 2015q3/bin/../lib/gcc/arm-none-eabi/4.9.3/armv7e-m/fpu/crtbegin.o
 .jcr           0x1ffe00ac        0x4 c:/program files (x86)/gnu tools arm embedded/4.9 2015q3/bin/../lib/gcc/arm-none-eabi/4.9.3/armv7e-m/fpu/crtend.o
                0x1ffe00b0                . = ALIGN (0x4)
                0x1ffe00b0                __Code_In_RAM_Start = .
 *(.code_in_ram*)
                0x1ffe00b0                __Code_In_RAM_End = .
                0x1ffe00b0                __Lock_Start = .
 *(SORT(.hw_lock*))
 .hw_lock.ADC_0U_0U
                0x1ffe00b0        0x1 ./synergy/ssp/src/bsp/mcu/s7g2/bsp_hw_locks.o
                0x1ffe00b0                g_hw_lock_ADC_0U_0U
 .hw_lock.ADC_0U_1U
                0x1ffe00b1        0x1 ./synergy/ssp/src/bsp/mcu/s7g2/bsp_hw_locks.o
                0x1ffe00b1                g_hw_lock_ADC_0U_1U
 .hw_lock.AGT_0U_0U
                0x1ffe00b2        0x1 ./synergy/ssp/src/bsp/mcu/s7g2/bsp_hw_locks.o
                0x1ffe00b2                g_hw_lock_AGT_0U_0U
 .hw_lock.AGT_0U_1U
                0x1ffe00b3        0x1 ./synergy/ssp/src/bsp/mcu/s7g2/bsp_hw_locks.o
                0x1ffe00b3                g_hw_lock_AGT_0U_1U
 .hw_lock.BSC_0U_1U
                0x1ffe00b4        0x1 ./synergy/ssp/src/bsp/mcu/s7g2/bsp_hw_locks.o
                0x1ffe00b4                g_hw_lock_BSC_0U_1U
 .hw_lock.CAC_0U_0U
                0x1ffe00b5        0x1 ./synergy/ssp/src/bsp/mcu/s7g2/bsp_hw_locks.o
                0x1ffe00b5                g_hw_lock_CAC_0U_0U
 .hw_lock.CAN_0U_0U
                0x1ffe00b6        0x1 ./synergy/ssp/src/bsp/mcu/s7g2/bsp_hw_locks.o
                0x1ffe00b6                g_hw_lock_CAN_0U_0U
 .hw_lock.CAN_0U_1U
                0x1ffe00b7        0x1 ./synergy/ssp/src/bsp/mcu/s7g2/bsp_hw_locks.o
                0x1ffe00b7                g_hw_lock_CAN_0U_1U
 .hw_lock.COMP_HS_0U_0U
                0x1ffe00b8        0x1 ./synergy/ssp/src/bsp/mcu/s7g2/bsp_hw_locks.o
                0x1ffe00b8                g_hw_lock_COMP_HS_0U_0U
 .hw_lock.COMP_HS_0U_1U
                0x1ffe00b9        0x1 ./synergy/ssp/src/bsp/mcu/s7g2/bsp_hw_locks.o
                0x1ffe00b9                g_hw_lock_COMP_HS_0U_1U
 .hw_lock.COMP_HS_0U_2U
                0x1ffe00ba        0x1 ./synergy/ssp/src/bsp/mcu/s7g2/bsp_hw_locks.o
                0x1ffe00ba                g_hw_lock_COMP_HS_0U_2U
 .hw_lock.COMP_HS_0U_3U
                0x1ffe00bb        0x1 ./synergy/ssp/src/bsp/mcu/s7g2/bsp_hw_locks.o
                0x1ffe00bb                g_hw_lock_COMP_HS_0U_3U
 .hw_lock.COMP_HS_0U_4U
                0x1ffe00bc        0x1 ./synergy/ssp/src/bsp/mcu/s7g2/bsp_hw_locks.o